Archive member included because of file (symbol)

c:/siliconlabs/simplicitystudio/v2/developer/toolchains/gnu_arm/4.7_2013q1/bin/../lib/gcc/arm-none-eabi/4.7.3/armv7-m\libgcc.a(_arm_addsubdf3.o)
                              ./src/MPU6050.o (__aeabi_dadd)
c:/siliconlabs/simplicitystudio/v2/developer/toolchains/gnu_arm/4.7_2013q1/bin/../lib/gcc/arm-none-eabi/4.7.3/armv7-m\libgcc.a(_arm_muldivdf3.o)
                              ./src/MPU6050.o (__aeabi_dmul)
c:/siliconlabs/simplicitystudio/v2/developer/toolchains/gnu_arm/4.7_2013q1/bin/../lib/gcc/arm-none-eabi/4.7.3/armv7-m\libgcc.a(_arm_truncdfsf2.o)
                              ./src/MPU6050.o (__aeabi_d2f)
c:/siliconlabs/simplicitystudio/v2/developer/toolchains/gnu_arm/4.7_2013q1/bin/../lib/gcc/arm-none-eabi/4.7.3/armv7-m\libgcc.a(_arm_addsubsf3.o)
                              ./Drivers/vddcheck.o (__aeabi_fsub)
c:/siliconlabs/simplicitystudio/v2/developer/toolchains/gnu_arm/4.7_2013q1/bin/../lib/gcc/arm-none-eabi/4.7.3/armv7-m\libgcc.a(_arm_muldivsf3.o)
                              ./src/MPU6050.o (__aeabi_fdiv)
c:/siliconlabs/simplicitystudio/v2/developer/toolchains/gnu_arm/4.7_2013q1/bin/../lib/gcc/arm-none-eabi/4.7.3/armv7-m\libgcc.a(_arm_fixunssfsi.o)
                              ./Drivers/vddcheck.o (__aeabi_f2uiz)
c:/siliconlabs/simplicitystudio/v2/developer/toolchains/gnu_arm/4.7_2013q1/bin/../lib/gcc/arm-none-eabi/4.7.3/armv7-m\libgcc.a(_aeabi_ldivmod.o)
                              ./src/MPU6050.o (__aeabi_ldivmod)
c:/siliconlabs/simplicitystudio/v2/developer/toolchains/gnu_arm/4.7_2013q1/bin/../lib/gcc/arm-none-eabi/4.7.3/armv7-m\libgcc.a(bpabi.o)
                              c:/siliconlabs/simplicitystudio/v2/developer/toolchains/gnu_arm/4.7_2013q1/bin/../lib/gcc/arm-none-eabi/4.7.3/armv7-m\libgcc.a(_aeabi_ldivmod.o) (__gnu_ldivmod_helper)
c:/siliconlabs/simplicitystudio/v2/developer/toolchains/gnu_arm/4.7_2013q1/bin/../lib/gcc/arm-none-eabi/4.7.3/armv7-m\libgcc.a(_dvmd_tls.o)
                              c:/siliconlabs/simplicitystudio/v2/developer/toolchains/gnu_arm/4.7_2013q1/bin/../lib/gcc/arm-none-eabi/4.7.3/armv7-m\libgcc.a(_aeabi_ldivmod.o) (__aeabi_ldiv0)
c:/siliconlabs/simplicitystudio/v2/developer/toolchains/gnu_arm/4.7_2013q1/bin/../lib/gcc/arm-none-eabi/4.7.3/armv7-m\libgcc.a(_divdi3.o)
                              c:/siliconlabs/simplicitystudio/v2/developer/toolchains/gnu_arm/4.7_2013q1/bin/../lib/gcc/arm-none-eabi/4.7.3/armv7-m\libgcc.a(bpabi.o) (__divdi3)
c:/siliconlabs/simplicitystudio/v2/developer/toolchains/gnu_arm/4.7_2013q1/bin/../lib/gcc/arm-none-eabi/4.7.3/armv7-m\libgcc.a(_udivdi3.o)
                              c:/siliconlabs/simplicitystudio/v2/developer/toolchains/gnu_arm/4.7_2013q1/bin/../lib/gcc/arm-none-eabi/4.7.3/armv7-m\libgcc.a(bpabi.o) (__udivdi3)
c:/siliconlabs/simplicitystudio/v2/developer/toolchains/gnu_arm/4.7_2013q1/bin/../lib/gcc/arm-none-eabi/4.7.3/../../../../arm-none-eabi/lib/armv7-m\libc_s.a(lib_a-__atexit2.o)
                              c:/siliconlabs/simplicitystudio/v2/developer/toolchains/gnu_arm/4.7_2013q1/bin/../lib/gcc/arm-none-eabi/4.7.3/../../../../arm-none-eabi/lib/armv7-m/crt0.o (__register_exitproc)
c:/siliconlabs/simplicitystudio/v2/developer/toolchains/gnu_arm/4.7_2013q1/bin/../lib/gcc/arm-none-eabi/4.7.3/../../../../arm-none-eabi/lib/armv7-m\libc_s.a(lib_a-abs.o)
                              ./Drivers/segmentlcd.o (abs)
c:/siliconlabs/simplicitystudio/v2/developer/toolchains/gnu_arm/4.7_2013q1/bin/../lib/gcc/arm-none-eabi/4.7.3/../../../../arm-none-eabi/lib/armv7-m\libc_s.a(lib_a-exit.o)
                              c:/siliconlabs/simplicitystudio/v2/developer/toolchains/gnu_arm/4.7_2013q1/bin/../lib/gcc/arm-none-eabi/4.7.3/../../../../arm-none-eabi/lib/armv7-m/crt0.o (exit)
c:/siliconlabs/simplicitystudio/v2/developer/toolchains/gnu_arm/4.7_2013q1/bin/../lib/gcc/arm-none-eabi/4.7.3/../../../../arm-none-eabi/lib/armv7-m\libc_s.a(lib_a-fini.o)
                              c:/siliconlabs/simplicitystudio/v2/developer/toolchains/gnu_arm/4.7_2013q1/bin/../lib/gcc/arm-none-eabi/4.7.3/../../../../arm-none-eabi/lib/armv7-m/crt0.o (__libc_fini_array)
c:/siliconlabs/simplicitystudio/v2/developer/toolchains/gnu_arm/4.7_2013q1/bin/../lib/gcc/arm-none-eabi/4.7.3/../../../../arm-none-eabi/lib/armv7-m\libc_s.a(lib_a-impure.o)
                              c:/siliconlabs/simplicitystudio/v2/developer/toolchains/gnu_arm/4.7_2013q1/bin/../lib/gcc/arm-none-eabi/4.7.3/../../../../arm-none-eabi/lib/armv7-m\libc_s.a(lib_a-exit.o) (_global_impure_ptr)
c:/siliconlabs/simplicitystudio/v2/developer/toolchains/gnu_arm/4.7_2013q1/bin/../lib/gcc/arm-none-eabi/4.7.3/../../../../arm-none-eabi/lib/armv7-m\libc_s.a(lib_a-init.o)
                              c:/siliconlabs/simplicitystudio/v2/developer/toolchains/gnu_arm/4.7_2013q1/bin/../lib/gcc/arm-none-eabi/4.7.3/../../../../arm-none-eabi/lib/armv7-m/crt0.o (__libc_init_array)
[...]
Memory Configuration

Name             Origin             Length             Attributes
FLASH            0x00000000         0x00100000         xr
RAM              0x20000000         0x00020000         xrw
*default*        0x00000000         0xffffffff

Linker script and memory map

LOAD c:/siliconlabs/simplicitystudio/v2/developer/toolchains/gnu_arm/4.7_2013q1/bin/../lib/gcc/arm-none-eabi/4.7.3/armv7-m/crti.o
LOAD c:/siliconlabs/simplicitystudio/v2/developer/toolchains/gnu_arm/4.7_2013q1/bin/../lib/gcc/arm-none-eabi/4.7.3/armv7-m/crtbegin.o
LOAD c:/siliconlabs/simplicitystudio/v2/developer/toolchains/gnu_arm/4.7_2013q1/bin/../lib/gcc/arm-none-eabi/4.7.3/../../../../arm-none-eabi/lib/armv7-m/crt0.o
LOAD ./src/I2C.o
LOAD ./src/MPU6050.o
LOAD ./src/UART.o
LOAD ./src/XBEE.o
LOAD ./src/main.o
LOAD ./emlib/em_assert.o
LOAD ./emlib/em_cmu.o
LOAD ./emlib/em_emu.o
LOAD ./emlib/em_gpio.o
LOAD ./emlib/em_i2c.o
LOAD ./emlib/em_lcd.o
LOAD ./emlib/em_system.o
LOAD ./emlib/em_timer.o
LOAD ./emlib/em_usart.o
LOAD ./Drivers/segmentlcd.o
LOAD ./Drivers/vddcheck.o
LOAD ./CMSIS/efm32gg/startup_gcc_efm32gg.o
LOAD ./CMSIS/efm32gg/system_efm32gg.o
LOAD ./BSP/bsp_bcc.o
LOAD ./BSP/bsp_stk.o
LOAD ./BSP/bsp_stk_leds.o
LOAD ./BSP/bsp_trace.o
START GROUP
LOAD c:/siliconlabs/simplicitystudio/v2/developer/toolchains/gnu_arm/4.7_2013q1/bin/../lib/gcc/arm-none-eabi/4.7.3/armv7-m\libgcc.a
LOAD c:/siliconlabs/simplicitystudio/v2/developer/toolchains/gnu_arm/4.7_2013q1/bin/../lib/gcc/arm-none-eabi/4.7.3/../../../../arm-none-eabi/lib/armv7-m\libc_s.a
LOAD c:/siliconlabs/simplicitystudio/v2/developer/toolchains/gnu_arm/4.7_2013q1/bin/../lib/gcc/arm-none-eabi/4.7.3/../../../../arm-none-eabi/lib/armv7-m\libnosys.a
END GROUP
START GROUP
LOAD c:/siliconlabs/simplicitystudio/v2/developer/toolchains/gnu_arm/4.7_2013q1/bin/../lib/gcc/arm-none-eabi/4.7.3/armv7-m\libgcc.a
LOAD c:/siliconlabs/simplicitystudio/v2/developer/toolchains/gnu_arm/4.7_2013q1/bin/../lib/gcc/arm-none-eabi/4.7.3/../../../../arm-none-eabi/lib/armv7-m\libc_s.a
END GROUP
LOAD c:/siliconlabs/simplicitystudio/v2/developer/toolchains/gnu_arm/4.7_2013q1/bin/../lib/gcc/arm-none-eabi/4.7.3/armv7-m/crtend.o
LOAD c:/siliconlabs/simplicitystudio/v2/developer/toolchains/gnu_arm/4.7_2013q1/bin/../lib/gcc/arm-none-eabi/4.7.3/armv7-m/crtn.o

.text           0x00000000     0x2544
 *(.isr_vector)
 .isr_vector    0x00000000      0x100 ./CMSIS/efm32gg/startup_gcc_efm32gg.o
                0x00000000                __isr_vector
 *(.text*)
 .text          0x00000100       0x54 c:/siliconlabs/simplicitystudio/v2/developer/toolchains/gnu_arm/4.7_2013q1/bin/../lib/gcc/arm-none-eabi/4.7.3/armv7-m/crtbegin.o
 .text          0x00000154       0x70 c:/siliconlabs/simplicitystudio/v2/developer/toolchains/gnu_arm/4.7_2013q1/bin/../lib/gcc/arm-none-eabi/4.7.3/../../../../arm-none-eabi/lib/armv7-m/crt0.o
                0x00000154                _start
                0x00000154                start
                0x00000154                _mainCRTStartup
 .text.I2C0_IRQHandler
                0x000001c4       0x1c ./src/I2C.o
                0x000001c4                I2C0_IRQHandler
 .text.uartSetup
                0x000001e0       0x8c ./src/UART.o
                0x000001e0                uartSetup
 .text.uartGetChar
                0x0000026c       0x2c ./src/UART.o
                0x0000026c                uartGetChar
 .text.uartPutChar
                0x00000298       0x40 ./src/UART.o
                0x00000298                uartPutChar
 .text.uartPutData
                0x000002d8       0xa0 ./src/UART.o
                0x000002d8                uartPutData
 .text.uartGetData
                0x00000378       0xa0 ./src/UART.o
                0x00000378                uartGetData
 .text.USART1_RX_IRQHandler
                0x00000418       0x58 ./src/UART.o
                0x00000418                USART1_RX_IRQHandler
 .text.USART1_TX_IRQHandler
                0x00000470       0x60 ./src/UART.o
                0x00000470                USART1_TX_IRQHandler
 .text.XbeeSetup
                0x000004d0      0x1e0 ./src/XBEE.o
                0x000004d0                XbeeSetup
 .text.receiveRxFrame
                0x000006b0       0xbc ./src/XBEE.o
                0x000006b0                receiveRxFrame
 .text.GPIO_EVEN_IRQHandler
                0x0000076c       0x20 ./src/main.o
                0x0000076c                GPIO_EVEN_IRQHandler
 .text.GPIO_ODD_IRQHandler
                0x0000078c       0x20 ./src/main.o
                0x0000078c                GPIO_ODD_IRQHandler
 .text.SysTick_Handler
                0x000007ac       0x10 ./src/main.o
                0x000007ac                SysTick_Handler
 .text.TIMER0_IRQHandler
                0x000007bc       0x10 ./src/main.o
                0x000007bc                TIMER0_IRQHandler
 .text.startup.main
                0x000007cc      0x31c ./src/main.o
                0x000007cc                main
 .text.CMU_ClockSelectGet
                0x00000ae8       0xd8 ./emlib/em_cmu.o
                0x00000ae8                CMU_ClockSelectGet
 .text.CMU_ClockFreqGet
                0x00000bc0      0x504 ./emlib/em_cmu.o
                0x00000bc0                CMU_ClockFreqGet
 .text.CMU_ClockEnable
                0x000010c4       0xd0 ./emlib/em_cmu.o
                0x000010c4                CMU_ClockEnable
 .text.GPIO_IntConfig
                0x00001194       0x94 ./emlib/em_gpio.o
                0x00001194                GPIO_IntConfig
 .text.GPIO_PinModeSet
                0x00001228       0xb8 ./emlib/em_gpio.o
                0x00001228                GPIO_PinModeSet
 .text.I2C_Transfer
                0x000012e0      0x264 ./emlib/em_i2c.o
                0x000012e0                I2C_Transfer
 .text.SYSTEM_ChipRevisionGet
                0x00001544       0x24 ./emlib/em_system.o
                0x00001544                SYSTEM_ChipRevisionGet
 .text.TIMER_Init
                0x00001568       0x8c ./emlib/em_timer.o
                0x00001568                TIMER_Init
 .text.TIMER_InitCC
                0x000015f4       0x68 ./emlib/em_timer.o
                0x000015f4                TIMER_InitCC
 .text.USART_Enable
                0x0000165c       0x10 ./emlib/em_usart.o
                0x0000165c                USART_Enable
 .text.USART_InitAsync
                0x0000166c       0xe8 ./emlib/em_usart.o
                0x0000166c                USART_InitAsync
 .text.USART_Rx
                0x00001754        0xc ./emlib/em_usart.o
                0x00001754                USART_Rx
 .text.USART_Tx
                0x00001760        0xc ./emlib/em_usart.o
                0x00001760                USART_Tx
 .text          0x0000176c       0x98 ./CMSIS/efm32gg/startup_gcc_efm32gg.o
                0x0000176c                Reset_Handler
                0x000017a0                Default_Handler
                0x000017a2                NMI_Handler
                0x000017a4                HardFault_Handler
                0x000017a6                MemManage_Handler
                0x000017a8                BusFault_Handler
                0x000017aa                UsageFault_Handler
                0x000017ac                SVC_Handler
                0x000017ae                DebugMon_Handler
                0x000017b0                PendSV_Handler
                0x000017b4                DMA_IRQHandler
                0x000017ba                USART0_RX_IRQHandler
                0x000017bc                USART0_TX_IRQHandler
                0x000017be                USB_IRQHandler
                0x000017c0                ACMP0_IRQHandler
                0x000017c2                ADC0_IRQHandler
                0x000017c4                DAC0_IRQHandler
                0x000017c8                I2C1_IRQHandler
                0x000017cc                TIMER1_IRQHandler
                0x000017ce                TIMER2_IRQHandler
                0x000017d0                TIMER3_IRQHandler
                0x000017d6                LESENSE_IRQHandler
                0x000017d8                USART2_RX_IRQHandler
                0x000017da                USART2_TX_IRQHandler
                0x000017dc                UART0_RX_IRQHandler
                0x000017de                UART0_TX_IRQHandler
                0x000017e0                UART1_RX_IRQHandler
                0x000017e2                UART1_TX_IRQHandler
                0x000017e4                LEUART0_IRQHandler
                0x000017e6                LEUART1_IRQHandler
                0x000017e8                LETIMER0_IRQHandler
                0x000017ea                PCNT0_IRQHandler
                0x000017ec                PCNT1_IRQHandler
                0x000017ee                PCNT2_IRQHandler
                0x000017f0                RTC_IRQHandler
                0x000017f2                BURTC_IRQHandler
                0x000017f4                CMU_IRQHandler
                0x000017f6                VCMP_IRQHandler
                0x000017f8                LCD_IRQHandler
                0x000017fa                MSC_IRQHandler
                0x000017fc                AES_IRQHandler
                0x000017fe                EBI_IRQHandler
                0x00001800                EMU_IRQHandler
 .text.SystemCoreClockGet
                0x00001804      0x100 ./CMSIS/efm32gg/system_efm32gg.o
                0x00001804                SystemCoreClockGet
 .text.SystemHFClockGet
                0x00001904       0xdc ./CMSIS/efm32gg/system_efm32gg.o
                0x00001904                SystemHFClockGet
 .text.SystemHFXOClockGet
                0x000019e0        0xc ./CMSIS/efm32gg/system_efm32gg.o
                0x000019e0                SystemHFXOClockGet
 .text.SystemInit
                0x000019ec        0x4 ./CMSIS/efm32gg/system_efm32gg.o
                0x000019ec                SystemInit
 .text.SystemLFRCOClockGet
                0x000019f0        0x8 ./CMSIS/efm32gg/system_efm32gg.o
                0x000019f0                SystemLFRCOClockGet
 .text.SystemULFRCOClockGet
                0x000019f8        0x8 ./CMSIS/efm32gg/system_efm32gg.o
                0x000019f8                SystemULFRCOClockGet
 .text.SystemLFXOClockGet
                0x00001a00        0xc ./CMSIS/efm32gg/system_efm32gg.o
                0x00001a00                SystemLFXOClockGet
 .text.BSP_BccInit
                0x00001a0c       0xa0 ./BSP/bsp_bcc.o
                0x00001a0c                BSP_BccInit
 .text.BSP_Init
                0x00001aac       0x10 ./BSP/bsp_stk.o
                0x00001aac                BSP_Init
 .text.BSP_LedsInit
                0x00001abc       0x3c ./BSP/bsp_stk_leds.o
                0x00001abc                BSP_LedsInit
 .text.BSP_LedsSet
                0x00001af8       0x30 ./BSP/bsp_stk_leds.o
                0x00001af8                BSP_LedsSet
 .text.__register_exitproc
                0x00001b28       0x14 c:/siliconlabs/simplicitystudio/v2/developer/toolchains/gnu_arm/4.7_2013q1/bin/../lib/gcc/arm-none-eabi/4.7.3/../../../../arm-none-eabi/lib/armv7-m\libc_s.a(lib_a-__atexit2.o)
                0x00001b28                __register_exitproc
 .text.exit     0x00001b3c       0x2c c:/siliconlabs/simplicitystudio/v2/developer/toolchains/gnu_arm/4.7_2013q1/bin/../lib/gcc/arm-none-eabi/4.7.3/../../../../arm-none-eabi/lib/armv7-m\libc_s.a(lib_a-exit.o)
                0x00001b3c                exit
 .text.__libc_fini_array
                0x00001b68       0x2c c:/siliconlabs/simplicitystudio/v2/developer/toolchains/gnu_arm/4.7_2013q1/bin/../lib/gcc/arm-none-eabi/4.7.3/../../../../arm-none-eabi/lib/armv7-m\libc_s.a(lib_a-fini.o)
                0x00001b68                __libc_fini_array
 .text.__libc_init_array
                0x00001b94       0x4c c:/siliconlabs/simplicitystudio/v2/developer/toolchains/gnu_arm/4.7_2013q1/bin/../lib/gcc/arm-none-eabi/4.7.3/../../../../arm-none-eabi/lib/armv7-m\libc_s.a(lib_a-init.o)
                0x00001b94                __libc_init_array
 .text.memcpy   0x00001be0       0x12 c:/siliconlabs/simplicitystudio/v2/developer/toolchains/gnu_arm/4.7_2013q1/bin/../lib/gcc/arm-none-eabi/4.7.3/../../../../arm-none-eabi/lib/armv7-m\libc_s.a(lib_a-memcpy.o)
                0x00001be0                memcpy
 .text.memset   0x00001bf2       0x10 c:/siliconlabs/simplicitystudio/v2/developer/toolchains/gnu_arm/4.7_2013q1/bin/../lib/gcc/arm-none-eabi/4.7.3/../../../../arm-none-eabi/lib/armv7-m\libc_s.a(lib_a-memset.o)
                0x00001bf2                memset
 *fill*         0x00001c02        0x2 00
 .text.sprintf  0x00001c04       0x48 c:/siliconlabs/simplicitystudio/v2/developer/toolchains/gnu_arm/4.7_2013q1/bin/../lib/gcc/arm-none-eabi/4.7.3/../../../../arm-none-eabi/lib/armv7-m\libc_s.a(lib_a-sprintf.o)
                0x00001c04                siprintf
                0x00001c04                sprintf
 .text.strcat   0x00001c4c       0x1a c:/siliconlabs/simplicitystudio/v2/developer/toolchains/gnu_arm/4.7_2013q1/bin/../lib/gcc/arm-none-eabi/4.7.3/../../../../arm-none-eabi/lib/armv7-m\libc_s.a(lib_a-strcat.o)
                0x00001c4c                strcat
 .text.strcpy   0x00001c66       0x10 c:/siliconlabs/simplicitystudio/v2/developer/toolchains/gnu_arm/4.7_2013q1/bin/../lib/gcc/arm-none-eabi/4.7.3/../../../../arm-none-eabi/lib/armv7-m\libc_s.a(lib_a-strcpy.o)
                0x00001c66                strcpy
 .text.strlen   0x00001c76       0x10 c:/siliconlabs/simplicitystudio/v2/developer/toolchains/gnu_arm/4.7_2013q1/bin/../lib/gcc/arm-none-eabi/4.7.3/../../../../arm-none-eabi/lib/armv7-m\libc_s.a(lib_a-strlen.o)
                0x00001c76                strlen
 .text.__ssputc_r
                0x00001c86       0xae c:/siliconlabs/simplicitystudio/v2/developer/toolchains/gnu_arm/4.7_2013q1/bin/../lib/gcc/arm-none-eabi/4.7.3/../../../../arm-none-eabi/lib/armv7-m\libc_s.a(lib_a-svfprintf.o)
                0x00001c86                __ssputc_r
 .text._svfprintf_r
                0x00001d34      0x1f4 c:/siliconlabs/simplicitystudio/v2/developer/toolchains/gnu_arm/4.7_2013q1/bin/../lib/gcc/arm-none-eabi/4.7.3/../../../../arm-none-eabi/lib/armv7-m\libc_s.a(lib_a-svfprintf.o)
                0x00001d34                _svfiprintf_r
                0x00001d34                _svfprintf_r
 .text._printf_common
                0x00001f28       0xde c:/siliconlabs/simplicitystudio/v2/developer/toolchains/gnu_arm/4.7_2013q1/bin/../lib/gcc/arm-none-eabi/4.7.3/../../../../arm-none-eabi/lib/armv7-m\libc_s.a(lib_a-vfprintf_i.o)
                0x00001f28                _printf_common
 *fill*         0x00002006        0x2 00
 .text._printf_i
                0x00002008      0x248 c:/siliconlabs/simplicitystudio/v2/developer/toolchains/gnu_arm/4.7_2013q1/bin/../lib/gcc/arm-none-eabi/4.7.3/../../../../arm-none-eabi/lib/armv7-m\libc_s.a(lib_a-vfprintf_i.o)
                0x00002008                _printf_i
 .text._free_r  0x00002250       0x88 c:/siliconlabs/simplicitystudio/v2/developer/toolchains/gnu_arm/4.7_2013q1/bin/../lib/gcc/arm-none-eabi/4.7.3/../../../../arm-none-eabi/lib/armv7-m\libc_s.a(lib_a-freer.o)
                0x00002250                _free_r
 .text._malloc_r
                0x000022d8       0x94 c:/siliconlabs/simplicitystudio/v2/developer/toolchains/gnu_arm/4.7_2013q1/bin/../lib/gcc/arm-none-eabi/4.7.3/../../../../arm-none-eabi/lib/armv7-m\libc_s.a(lib_a-mallocr.o)
                0x000022d8                _malloc_r
 .text.memchr   0x0000236c       0x1c c:/siliconlabs/simplicitystudio/v2/developer/toolchains/gnu_arm/4.7_2013q1/bin/../lib/gcc/arm-none-eabi/4.7.3/../../../../arm-none-eabi/lib/armv7-m\libc_s.a(lib_a-memchr.o)
                0x0000236c                memchr
 .text._realloc_r
                0x00002388       0x48 c:/siliconlabs/simplicitystudio/v2/developer/toolchains/gnu_arm/4.7_2013q1/bin/../lib/gcc/arm-none-eabi/4.7.3/../../../../arm-none-eabi/lib/armv7-m\libc_s.a(lib_a-reallocr.o)
                0x00002388                _realloc_r
 .text._sbrk_r  0x000023d0       0x20 c:/siliconlabs/simplicitystudio/v2/developer/toolchains/gnu_arm/4.7_2013q1/bin/../lib/gcc/arm-none-eabi/4.7.3/../../../../arm-none-eabi/lib/armv7-m\libc_s.a(lib_a-sbrkr.o)
                0x000023d0                _sbrk_r
 .text._malloc_usable_size_r
                0x000023f0       0x12 c:/siliconlabs/simplicitystudio/v2/developer/toolchains/gnu_arm/4.7_2013q1/bin/../lib/gcc/arm-none-eabi/4.7.3/../../../../arm-none-eabi/lib/armv7-m\libc_s.a(lib_a-msizer.o)
                0x000023f0                _malloc_usable_size_r
 *fill*         0x00002402        0x2 00
 .text._sbrk    0x00002404       0x34 c:/siliconlabs/simplicitystudio/v2/developer/toolchains/gnu_arm/4.7_2013q1/bin/../lib/gcc/arm-none-eabi/4.7.3/../../../../arm-none-eabi/lib/armv7-m\libnosys.a(sbrk.o)
                0x00002404                _sbrk
 .text._exit    0x00002438        0x4 c:/siliconlabs/simplicitystudio/v2/developer/toolchains/gnu_arm/4.7_2013q1/bin/../lib/gcc/arm-none-eabi/4.7.3/../../../../arm-none-eabi/lib/armv7-m\libnosys.a(_exit.o)
                0x00002438                _exit
 *(.init)
 .init          0x0000243c        0x4 c:/siliconlabs/simplicitystudio/v2/developer/toolchains/gnu_arm/4.7_2013q1/bin/../lib/gcc/arm-none-eabi/4.7.3/armv7-m/crti.o
                0x0000243c                _init
 .init          0x00002440        0x8 c:/siliconlabs/simplicitystudio/v2/developer/toolchains/gnu_arm/4.7_2013q1/bin/../lib/gcc/arm-none-eabi/4.7.3/armv7-m/crtn.o
 *(.fini)
 .fini          0x00002448        0x4 c:/siliconlabs/simplicitystudio/v2/developer/toolchains/gnu_arm/4.7_2013q1/bin/../lib/gcc/arm-none-eabi/4.7.3/armv7-m/crti.o
                0x00002448                _fini
 .fini          0x0000244c        0x8 c:/siliconlabs/simplicitystudio/v2/developer/toolchains/gnu_arm/4.7_2013q1/bin/../lib/gcc/arm-none-eabi/4.7.3/armv7-m/crtn.o
 *crtbegin.o(.ctors)
 *crtbegin?.o(.ctors)
 *(EXCLUDE_FILE(*crtend.o *crtend?.o) .ctors)
 *(SORT(.ctors.*))
 *(.ctors)
 *crtbegin.o(.dtors)
 *crtbegin?.o(.dtors)
 *(EXCLUDE_FILE(*crtend.o *crtend?.o) .dtors)
 *(SORT(.dtors.*))
 *(.dtors)
 *(.rodata*)
 .rodata.str1.4
                0x00002454       0x2c ./src/XBEE.o
 .rodata        0x00002480        0xc ./src/main.o
 .rodata        0x0000248c       0x18 ./BSP/bsp_bcc.o
 .rodata.str1.1
                0x000024a4        0x2 c:/siliconlabs/simplicitystudio/v2/developer/toolchains/gnu_arm/4.7_2013q1/bin/../lib/gcc/arm-none-eabi/4.7.3/../../../../arm-none-eabi/lib/armv7-m\libc_s.a(lib_a-impure.o)
 *fill*         0x000024a6        0x2 00
 .rodata._global_impure_ptr
                0x000024a8        0x4 c:/siliconlabs/simplicitystudio/v2/developer/toolchains/gnu_arm/4.7_2013q1/bin/../lib/gcc/arm-none-eabi/4.7.3/../../../../arm-none-eabi/lib/armv7-m\libc_s.a(lib_a-impure.o)
                0x000024a8                _global_impure_ptr
 .rodata.str1.1
                0x000024ac       0x11 c:/siliconlabs/simplicitystudio/v2/developer/toolchains/gnu_arm/4.7_2013q1/bin/../lib/gcc/arm-none-eabi/4.7.3/../../../../arm-none-eabi/lib/armv7-m\libc_s.a(lib_a-svfprintf.o)
 .rodata.str1.1
                0x000024bd       0x22 c:/siliconlabs/simplicitystudio/v2/developer/toolchains/gnu_arm/4.7_2013q1/bin/../lib/gcc/arm-none-eabi/4.7.3/../../../../arm-none-eabi/lib/armv7-m\libc_s.a(lib_a-vfprintf_i.o)
 *fill*         0x000024df        0x1 00
 .rodata.__sf_fake_stdin
                0x000024e0       0x20 c:/siliconlabs/simplicitystudio/v2/developer/toolchains/gnu_arm/4.7_2013q1/bin/../lib/gcc/arm-none-eabi/4.7.3/../../../../arm-none-eabi/lib/armv7-m\libc_s.a(lib_a-findfp.o)
                0x000024e0                __sf_fake_stdin
 .rodata.__sf_fake_stdout
                0x00002500       0x20 c:/siliconlabs/simplicitystudio/v2/developer/toolchains/gnu_arm/4.7_2013q1/bin/../lib/gcc/arm-none-eabi/4.7.3/../../../../arm-none-eabi/lib/armv7-m\libc_s.a(lib_a-findfp.o)
                0x00002500                __sf_fake_stdout
 .rodata.__sf_fake_stderr
                0x00002520       0x20 c:/siliconlabs/simplicitystudio/v2/developer/toolchains/gnu_arm/4.7_2013q1/bin/../lib/gcc/arm-none-eabi/4.7.3/../../../../arm-none-eabi/lib/armv7-m\libc_s.a(lib_a-findfp.o)
                0x00002520                __sf_fake_stderr
 *(.eh_frame*)
 .eh_frame      0x00002540        0x0 c:/siliconlabs/simplicitystudio/v2/developer/toolchains/gnu_arm/4.7_2013q1/bin/../lib/gcc/arm-none-eabi/4.7.3/armv7-m/crtbegin.o
 .eh_frame      0x00002540        0x4 c:/siliconlabs/simplicitystudio/v2/developer/toolchains/gnu_arm/4.7_2013q1/bin/../lib/gcc/arm-none-eabi/4.7.3/armv7-m/crtend.o

.glue_7         0x00002544        0x0
 .glue_7        0x00000000        0x0 linker stubs

.glue_7t        0x00002544        0x0
 .glue_7t       0x00000000        0x0 linker stubs

.vfp11_veneer   0x00002544        0x0
 .vfp11_veneer  0x00000000        0x0 linker stubs

.v4_bx          0x00002544        0x0
 .v4_bx         0x00000000        0x0 linker stubs

.iplt           0x00002544        0x0
 .iplt          0x00000000        0x0 c:/siliconlabs/simplicitystudio/v2/developer/toolchains/gnu_arm/4.7_2013q1/bin/../lib/gcc/arm-none-eabi/4.7.3/armv7-m/crtbegin.o

.ARM.extab
 *(.ARM.extab* .gnu.linkonce.armextab.*)
                0x00002544                __exidx_start = .

.ARM.exidx      0x00002544        0x8
 *(.ARM.exidx* .gnu.linkonce.armexidx.*)
 .ARM.exidx     0x00002544        0x8 c:/siliconlabs/simplicitystudio/v2/developer/toolchains/gnu_arm/4.7_2013q1/bin/../lib/gcc/arm-none-eabi/4.7.3/../../../../arm-none-eabi/lib/armv7-m/crt0.o
                0x0000254c                __exidx_end = .
                0x0000254c                __etext = .

.rel.dyn        0x0000254c        0x0
 .rel.iplt      0x00000000        0x0 c:/siliconlabs/simplicitystudio/v2/developer/toolchains/gnu_arm/4.7_2013q1/bin/../lib/gcc/arm-none-eabi/4.7.3/armv7-m/crtbegin.o

.data           0x20000000       0x90 load address 0x0000254c
                0x20000000                __data_start__ = .
 *(vtable)
 *(.data*)
 .data.uartInit
                0x20000000       0x18 ./src/UART.o
 .data.SystemLFXOClock
                0x20000018        0x4 ./CMSIS/efm32gg/system_efm32gg.o
 .data.SystemHFXOClock
                0x2000001c        0x4 ./CMSIS/efm32gg/system_efm32gg.o
 .data.impure_data
                0x20000020       0x64 c:/siliconlabs/simplicitystudio/v2/developer/toolchains/gnu_arm/4.7_2013q1/bin/../lib/gcc/arm-none-eabi/4.7.3/../../../../arm-none-eabi/lib/armv7-m\libc_s.a(lib_a-impure.o)
 .data._impure_ptr
                0x20000084        0x4 c:/siliconlabs/simplicitystudio/v2/developer/toolchains/gnu_arm/4.7_2013q1/bin/../lib/gcc/arm-none-eabi/4.7.3/../../../../arm-none-eabi/lib/armv7-m\libc_s.a(lib_a-impure.o)
                0x20000084                _impure_ptr
                0x20000088                . = ALIGN (0x4)
 *(.ram)
                0x20000088                . = ALIGN (0x4)
                0x20000088                PROVIDE (__preinit_array_start, .)
 *(.preinit_array)
                0x20000088                PROVIDE (__preinit_array_end, .)
                0x20000088                . = ALIGN (0x4)
                0x20000088                PROVIDE (__init_array_start, .)
 *(SORT(.init_array.*))
 *(.init_array)
 .init_array    0x20000088        0x4 c:/siliconlabs/simplicitystudio/v2/developer/toolchains/gnu_arm/4.7_2013q1/bin/../lib/gcc/arm-none-eabi/4.7.3/armv7-m/crtbegin.o
                0x2000008c                PROVIDE (__init_array_end, .)
                0x2000008c                . = ALIGN (0x4)
                0x2000008c                PROVIDE (__fini_array_start, .)
 *(SORT(.fini_array.*))
 *(.fini_array)
 .fini_array    0x2000008c        0x4 c:/siliconlabs/simplicitystudio/v2/developer/toolchains/gnu_arm/4.7_2013q1/bin/../lib/gcc/arm-none-eabi/4.7.3/armv7-m/crtbegin.o
                0x20000090                PROVIDE (__fini_array_end, .)
                0x20000090                . = ALIGN (0x4)
                0x20000090                __data_end__ = .

.jcr            0x20000090        0x0 load address 0x000025dc
 .jcr           0x20000090        0x0 c:/siliconlabs/simplicitystudio/v2/developer/toolchains/gnu_arm/4.7_2013q1/bin/../lib/gcc/arm-none-eabi/4.7.3/armv7-m/crtbegin.o

.igot.plt       0x20000090        0x0 load address 0x000025dc
 .igot.plt      0x00000000        0x0 c:/siliconlabs/simplicitystudio/v2/developer/toolchains/gnu_arm/4.7_2013q1/bin/../lib/gcc/arm-none-eabi/4.7.3/armv7-m/crtbegin.o

.bss            0x20000090      0x278 load address 0x000025dc
                0x20000090                __bss_start__ = .
 *(.bss*)
 .bss           0x20000090       0x1c c:/siliconlabs/simplicitystudio/v2/developer/toolchains/gnu_arm/4.7_2013q1/bin/../lib/gcc/arm-none-eabi/4.7.3/armv7-m/crtbegin.o
 .bss.txBuf     0x200000ac      0x110 ./src/UART.o
                0x200000ac                txBuf
 .bss.i2cTransfer
                0x200001bc       0x18 ./emlib/em_i2c.o
 .bss.rxByteCount
                0x200001d4        0x4 ./BSP/bsp_bcc.o
 .bss.txByteCount
                0x200001d8        0x4 ./BSP/bsp_bcc.o
 .bss.__malloc_free_list
                0x200001dc        0x4 c:/siliconlabs/simplicitystudio/v2/developer/toolchains/gnu_arm/4.7_2013q1/bin/../lib/gcc/arm-none-eabi/4.7.3/../../../../arm-none-eabi/lib/armv7-m\libc_s.a(lib_a-mallocr.o)
                0x200001dc                __malloc_free_list
 .bss.heap_end.4231
                0x200001e0        0x4 c:/siliconlabs/simplicitystudio/v2/developer/toolchains/gnu_arm/4.7_2013q1/bin/../lib/gcc/arm-none-eabi/4.7.3/../../../../arm-none-eabi/lib/armv7-m\libnosys.a(sbrk.o)
 *(COMMON)
 COMMON         0x200001e4        0x1 ./src/I2C.o
                0x200001e4                I2C_Status
 *fill*         0x200001e5        0x3 00
 COMMON         0x200001e8      0x110 ./src/UART.o
                0x200001e8                rxBuf
 COMMON         0x200002f8        0x4 ./src/XBEE.o
                0x200002f8                msTicks
 COMMON         0x200002fc        0x2 ./src/main.o
                0x200002fc                pb1Pressed
                0x200002fd                pb0Pressed
 *fill*         0x200002fe        0x2 00
 COMMON         0x20000300        0x4 ./CMSIS/efm32gg/system_efm32gg.o
                0x20000300                SystemCoreClock
 COMMON         0x20000304        0x4 c:/siliconlabs/simplicitystudio/v2/developer/toolchains/gnu_arm/4.7_2013q1/bin/../lib/gcc/arm-none-eabi/4.7.3/../../../../arm-none-eabi/lib/armv7-m\libc_s.a(lib_a-reent.o)
                0x20000304                errno
                0x20000308                __bss_end__ = .

.heap           0x20000308      0xc00
                0x20000308                __end__ = .
                0x20000308                end = __end__
                0x20000308                _end = __end__
 *(.heap*)
 .heap          0x20000308      0xc00 ./CMSIS/efm32gg/startup_gcc_efm32gg.o
                0x20000308                __HeapBase
                0x20000f08                __HeapLimit = .

.stack_dummy    0x20000308      0x400
 *(.stack)
 .stack         0x20000308      0x400 ./CMSIS/efm32gg/startup_gcc_efm32gg.o
                0x20020000                __StackTop = (ORIGIN (RAM) + 0x20000)
                0x2001fc00                __StackLimit = (__StackTop - SIZEOF (.stack_dummy))
                0x20020000                PROVIDE (__stack, __StackTop)
                0x00000001                ASSERT ((__StackLimit >= __HeapLimit), region RAM overflowed with stack)
OUTPUT(EFM32GG_clock.axf elf32-littlearm)

.ARM.attributes
                0x00000000       0x29
 .ARM.attributes
                0x00000000       0x1d c:/siliconlabs/simplicitystudio/v2/developer/toolchains/gnu_arm/4.7_2013q1/bin/../lib/gcc/arm-none-eabi/4.7.3/armv7-m/crti.o
 .ARM.attributes
                0x0000001d       0x2d c:/siliconlabs/simplicitystudio/v2/developer/toolchains/gnu_arm/4.7_2013q1/bin/../lib/gcc/arm-none-eabi/4.7.3/armv7-m/crtbegin.o
 .ARM.attributes
                0x0000004a       0x1b c:/siliconlabs/simplicitystudio/v2/developer/toolchains/gnu_arm/4.7_2013q1/bin/../lib/gcc/arm-none-eabi/4.7.3/../../../../arm-none-eabi/lib/armv7-m/crt0.o
 .ARM.attributes
                0x00000065       0x33 ./src/I2C.o
 .ARM.attributes
                0x00000098       0x33 ./src/UART.o
 .ARM.attributes
                0x000000cb       0x33 ./src/XBEE.o
 .ARM.attributes
                0x000000fe       0x33 ./src/main.o
 .ARM.attributes
                0x00000131       0x33 ./emlib/em_cmu.o
 .ARM.attributes
                0x00000164       0x33 ./emlib/em_gpio.o
 .ARM.attributes
                0x00000197       0x33 ./emlib/em_i2c.o
 .ARM.attributes
                0x000001ca       0x33 ./emlib/em_system.o
 .ARM.attributes
                0x000001fd       0x33 ./emlib/em_timer.o
 .ARM.attributes
                0x00000230       0x33 ./emlib/em_usart.o
 .ARM.attributes
                0x00000263       0x1b ./CMSIS/efm32gg/startup_gcc_efm32gg.o
 .ARM.attributes
                0x0000027e       0x33 ./CMSIS/efm32gg/system_efm32gg.o
 .ARM.attributes
                0x000002b1       0x33 ./BSP/bsp_bcc.o
 .ARM.attributes
                0x000002e4       0x33 ./BSP/bsp_stk.o
 .ARM.attributes
                0x00000317       0x33 ./BSP/bsp_stk_leds.o
 .ARM.attributes
                0x0000034a       0x2d c:/siliconlabs/simplicitystudio/v2/developer/toolchains/gnu_arm/4.7_2013q1/bin/../lib/gcc/arm-none-eabi/4.7.3/../../../../arm-none-eabi/lib/armv7-m\libc_s.a(lib_a-__atexit2.o)
 .ARM.attributes
                0x00000377       0x2d c:/siliconlabs/simplicitystudio/v2/developer/toolchains/gnu_arm/4.7_2013q1/bin/../lib/gcc/arm-none-eabi/4.7.3/../../../../arm-none-eabi/lib/armv7-m\libc_s.a(lib_a-exit.o)
 .ARM.attributes
                0x000003a4       0x2d c:/siliconlabs/simplicitystudio/v2/developer/toolchains/gnu_arm/4.7_2013q1/bin/../lib/gcc/arm-none-eabi/4.7.3/../../../../arm-none-eabi/lib/armv7-m\libc_s.a(lib_a-fini.o)
 .ARM.attributes
                0x000003d1       0x2d c:/siliconlabs/simplicitystudio/v2/developer/toolchains/gnu_arm/4.7_2013q1/bin/../lib/gcc/arm-none-eabi/4.7.3/../../../../arm-none-eabi/lib/armv7-m\libc_s.a(lib_a-impure.o)
 .ARM.attributes
                0x000003fe       0x2d c:/siliconlabs/simplicitystudio/v2/developer/toolchains/gnu_arm/4.7_2013q1/bin/../lib/gcc/arm-none-eabi/4.7.3/../../../../arm-none-eabi/lib/armv7-m\libc_s.a(lib_a-init.o)
 .ARM.attributes
                0x0000042b       0x2d c:/siliconlabs/simplicitystudio/v2/developer/toolchains/gnu_arm/4.7_2013q1/bin/../lib/gcc/arm-none-eabi/4.7.3/../../../../arm-none-eabi/lib/armv7-m\libc_s.a(lib_a-memcpy.o)
 .ARM.attributes
                0x00000458       0x2d c:/siliconlabs/simplicitystudio/v2/developer/toolchains/gnu_arm/4.7_2013q1/bin/../lib/gcc/arm-none-eabi/4.7.3/../../../../arm-none-eabi/lib/armv7-m\libc_s.a(lib_a-memset.o)
 .ARM.attributes
                0x00000485       0x2d c:/siliconlabs/simplicitystudio/v2/developer/toolchains/gnu_arm/4.7_2013q1/bin/../lib/gcc/arm-none-eabi/4.7.3/../../../../arm-none-eabi/lib/armv7-m\libc_s.a(lib_a-sprintf.o)
 .ARM.attributes
                0x000004b2       0x2d c:/siliconlabs/simplicitystudio/v2/developer/toolchains/gnu_arm/4.7_2013q1/bin/../lib/gcc/arm-none-eabi/4.7.3/../../../../arm-none-eabi/lib/armv7-m\libc_s.a(lib_a-strcat.o)
 .ARM.attributes
                0x000004df       0x2d c:/siliconlabs/simplicitystudio/v2/developer/toolchains/gnu_arm/4.7_2013q1/bin/../lib/gcc/arm-none-eabi/4.7.3/../../../../arm-none-eabi/lib/armv7-m\libc_s.a(lib_a-strcpy.o)
 .ARM.attributes
                0x0000050c       0x2d c:/siliconlabs/simplicitystudio/v2/developer/toolchains/gnu_arm/4.7_2013q1/bin/../lib/gcc/arm-none-eabi/4.7.3/../../../../arm-none-eabi/lib/armv7-m\libc_s.a(lib_a-strlen.o)
 .ARM.attributes
                0x00000539       0x2d c:/siliconlabs/simplicitystudio/v2/developer/toolchains/gnu_arm/4.7_2013q1/bin/../lib/gcc/arm-none-eabi/4.7.3/../../../../arm-none-eabi/lib/armv7-m\libc_s.a(lib_a-svfprintf.o)
 .ARM.attributes
                0x00000566       0x2d c:/siliconlabs/simplicitystudio/v2/developer/toolchains/gnu_arm/4.7_2013q1/bin/../lib/gcc/arm-none-eabi/4.7.3/../../../../arm-none-eabi/lib/armv7-m\libc_s.a(lib_a-vfprintf_i.o)
 .ARM.attributes
                0x00000593       0x2d c:/siliconlabs/simplicitystudio/v2/developer/toolchains/gnu_arm/4.7_2013q1/bin/../lib/gcc/arm-none-eabi/4.7.3/../../../../arm-none-eabi/lib/armv7-m\libc_s.a(lib_a-findfp.o)
 .ARM.attributes
                0x000005c0       0x2d c:/siliconlabs/simplicitystudio/v2/developer/toolchains/gnu_arm/4.7_2013q1/bin/../lib/gcc/arm-none-eabi/4.7.3/../../../../arm-none-eabi/lib/armv7-m\libc_s.a(lib_a-freer.o)
 .ARM.attributes
                0x000005ed       0x2d c:/siliconlabs/simplicitystudio/v2/developer/toolchains/gnu_arm/4.7_2013q1/bin/../lib/gcc/arm-none-eabi/4.7.3/../../../../arm-none-eabi/lib/armv7-m\libc_s.a(lib_a-mallocr.o)
 .ARM.attributes
                0x0000061a       0x2d c:/siliconlabs/simplicitystudio/v2/developer/toolchains/gnu_arm/4.7_2013q1/bin/../lib/gcc/arm-none-eabi/4.7.3/../../../../arm-none-eabi/lib/armv7-m\libc_s.a(lib_a-memchr.o)
 .ARM.attributes
                0x00000647       0x2d c:/siliconlabs/simplicitystudio/v2/developer/toolchains/gnu_arm/4.7_2013q1/bin/../lib/gcc/arm-none-eabi/4.7.3/../../../../arm-none-eabi/lib/armv7-m\libc_s.a(lib_a-reallocr.o)
 .ARM.attributes
                0x00000674       0x2d c:/siliconlabs/simplicitystudio/v2/developer/toolchains/gnu_arm/4.7_2013q1/bin/../lib/gcc/arm-none-eabi/4.7.3/../../../../arm-none-eabi/lib/armv7-m\libc_s.a(lib_a-sbrkr.o)
 .ARM.attributes
                0x000006a1       0x2d c:/siliconlabs/simplicitystudio/v2/developer/toolchains/gnu_arm/4.7_2013q1/bin/../lib/gcc/arm-none-eabi/4.7.3/../../../../arm-none-eabi/lib/armv7-m\libc_s.a(lib_a-msizer.o)
 .ARM.attributes
                0x000006ce       0x2d c:/siliconlabs/simplicitystudio/v2/developer/toolchains/gnu_arm/4.7_2013q1/bin/../lib/gcc/arm-none-eabi/4.7.3/../../../../arm-none-eabi/lib/armv7-m\libc_s.a(lib_a-reent.o)
 .ARM.attributes
                0x000006fb       0x2d c:/siliconlabs/simplicitystudio/v2/developer/toolchains/gnu_arm/4.7_2013q1/bin/../lib/gcc/arm-none-eabi/4.7.3/../../../../arm-none-eabi/lib/armv7-m\libnosys.a(sbrk.o)
 .ARM.attributes
                0x00000728       0x2d c:/siliconlabs/simplicitystudio/v2/developer/toolchains/gnu_arm/4.7_2013q1/bin/../lib/gcc/arm-none-eabi/4.7.3/../../../../arm-none-eabi/lib/armv7-m\libnosys.a(_exit.o)
 .ARM.attributes
                0x00000755       0x2d c:/siliconlabs/simplicitystudio/v2/developer/toolchains/gnu_arm/4.7_2013q1/bin/../lib/gcc/arm-none-eabi/4.7.3/armv7-m/crtend.o
 .ARM.attributes
                0x00000782       0x1d c:/siliconlabs/simplicitystudio/v2/developer/toolchains/gnu_arm/4.7_2013q1/bin/../lib/gcc/arm-none-eabi/4.7.3/armv7-m/crtn.o

.comment        0x00000000       0x70
 .comment       0x00000000       0x70 ./src/I2C.o
                                 0x71 (size before relaxing)
 .comment       0x00000000       0x71 ./src/UART.o
 .comment       0x00000000       0x71 ./src/XBEE.o
 .comment       0x00000000       0x71 ./src/main.o
 .comment       0x00000000       0x71 ./emlib/em_cmu.o
 .comment       0x00000000       0x71 ./emlib/em_gpio.o
 .comment       0x00000000       0x71 ./emlib/em_i2c.o
 .comment       0x00000000       0x71 ./emlib/em_system.o
 .comment       0x00000000       0x71 ./emlib/em_timer.o
 .comment       0x00000000       0x71 ./emlib/em_usart.o
 .comment       0x00000000       0x71 ./CMSIS/efm32gg/system_efm32gg.o
 .comment       0x00000000       0x71 ./BSP/bsp_bcc.o
 .comment       0x00000000       0x71 ./BSP/bsp_stk.o
 .comment       0x00000000       0x71 ./BSP/bsp_stk_leds.o

.debug_info     0x00000000     0xb896
 .debug_info    0x00000000      0x815 ./src/I2C.o
 .debug_info    0x00000815      0xe38 ./src/UART.o
 .debug_info    0x0000164d      0xe95 ./src/XBEE.o
 .debug_info    0x000024e2     0x1f56 ./src/main.o
 .debug_info    0x00004438     0x21dc ./emlib/em_cmu.o
 .debug_info    0x00006614      0x57a ./emlib/em_gpio.o
 .debug_info    0x00006b8e      0x955 ./emlib/em_i2c.o
 .debug_info    0x000074e3      0x238 ./emlib/em_system.o
 .debug_info    0x0000771b      0x707 ./emlib/em_timer.o
 .debug_info    0x00007e22     0x1123 ./emlib/em_usart.o
 .debug_info    0x00008f45       0x98 ./CMSIS/efm32gg/startup_gcc_efm32gg.o
 .debug_info    0x00008fdd      0x5b5 ./CMSIS/efm32gg/system_efm32gg.o
 .debug_info    0x00009592      0xc6c ./BSP/bsp_bcc.o
 .debug_info    0x0000a1fe      0xe08 ./BSP/bsp_stk.o
 .debug_info    0x0000b006      0x890 ./BSP/bsp_stk_leds.o

.debug_abbrev   0x00000000     0x211c
 .debug_abbrev  0x00000000      0x1e2 ./src/I2C.o
 .debug_abbrev  0x000001e2      0x309 ./src/UART.o
 .debug_abbrev  0x000004eb      0x27b ./src/XBEE.o
 .debug_abbrev  0x00000766      0x3c0 ./src/main.o
 .debug_abbrev  0x00000b26      0x3b5 ./emlib/em_cmu.o
 .debug_abbrev  0x00000edb      0x1a2 ./emlib/em_gpio.o
 .debug_abbrev  0x0000107d      0x2f5 ./emlib/em_i2c.o
 .debug_abbrev  0x00001372       0xef ./emlib/em_system.o
 .debug_abbrev  0x00001461      0x176 ./emlib/em_timer.o
 .debug_abbrev  0x000015d7      0x2e3 ./emlib/em_usart.o
 .debug_abbrev  0x000018ba       0x14 ./CMSIS/efm32gg/startup_gcc_efm32gg.o
 .debug_abbrev  0x000018ce      0x1d6 ./CMSIS/efm32gg/system_efm32gg.o
 .debug_abbrev  0x00001aa4      0x272 ./BSP/bsp_bcc.o
 .debug_abbrev  0x00001d16      0x1ff ./BSP/bsp_stk.o
 .debug_abbrev  0x00001f15      0x207 ./BSP/bsp_stk_leds.o

.debug_loc      0x00000000     0x5729
 .debug_loc     0x00000000      0x1cd ./src/I2C.o
 .debug_loc     0x000001cd      0x24e ./src/UART.o
 .debug_loc     0x0000041b      0x491 ./src/XBEE.o
 .debug_loc     0x000008ac      0x69f ./src/main.o
 .debug_loc     0x00000f4b     0x263f ./emlib/em_cmu.o
 .debug_loc     0x0000358a      0x3af ./emlib/em_gpio.o
 .debug_loc     0x00003939      0x78a ./emlib/em_i2c.o
 .debug_loc     0x000040c3       0x8e ./emlib/em_system.o
 .debug_loc     0x00004151       0xfb ./emlib/em_timer.o
 .debug_loc     0x0000424c      0xb99 ./emlib/em_usart.o
 .debug_loc     0x00004de5      0x11d ./CMSIS/efm32gg/system_efm32gg.o
 .debug_loc     0x00004f02      0x2fb ./BSP/bsp_bcc.o
 .debug_loc     0x000051fd       0xe8 ./BSP/bsp_stk.o
 .debug_loc     0x000052e5      0x444 ./BSP/bsp_stk_leds.o

.debug_aranges  0x00000000      0x4d0
 .debug_aranges
                0x00000000       0x38 ./src/I2C.o
 .debug_aranges
                0x00000038       0x58 ./src/UART.o
 .debug_aranges
                0x00000090       0x30 ./src/XBEE.o
 .debug_aranges
                0x000000c0       0x40 ./src/main.o
 .debug_aranges
                0x00000100       0xc8 ./emlib/em_cmu.o
 .debug_aranges
                0x000001c8       0x38 ./emlib/em_gpio.o
 .debug_aranges
                0x00000200       0x50 ./emlib/em_i2c.o
 .debug_aranges
                0x00000250       0x28 ./emlib/em_system.o
 .debug_aranges
                0x00000278       0x48 ./emlib/em_timer.o
 .debug_aranges
                0x000002c0       0xb8 ./emlib/em_usart.o
 .debug_aranges
                0x00000378       0x20 ./CMSIS/efm32gg/startup_gcc_efm32gg.o
 .debug_aranges
                0x00000398       0x60 ./CMSIS/efm32gg/system_efm32gg.o
 .debug_aranges
                0x000003f8       0x40 ./BSP/bsp_bcc.o
 .debug_aranges
                0x00000438       0x48 ./BSP/bsp_stk.o
 .debug_aranges
                0x00000480       0x50 ./BSP/bsp_stk_leds.o

.debug_ranges   0x00000000     0x16d8
 .debug_ranges  0x00000000       0x28 ./src/I2C.o
 .debug_ranges  0x00000028       0xd0 ./src/UART.o
 .debug_ranges  0x000000f8       0x50 ./src/XBEE.o
 .debug_ranges  0x00000148      0x2c0 ./src/main.o
 .debug_ranges  0x00000408      0xb60 ./emlib/em_cmu.o
 .debug_ranges  0x00000f68      0x138 ./emlib/em_gpio.o
 .debug_ranges  0x000010a0       0xd0 ./emlib/em_i2c.o
 .debug_ranges  0x00001170       0x18 ./emlib/em_system.o
 .debug_ranges  0x00001188       0x38 ./emlib/em_timer.o
 .debug_ranges  0x000011c0      0x1c0 ./emlib/em_usart.o
 .debug_ranges  0x00001380       0x80 ./CMSIS/efm32gg/system_efm32gg.o
 .debug_ranges  0x00001400      0x1c8 ./BSP/bsp_bcc.o
 .debug_ranges  0x000015c8       0x38 ./BSP/bsp_stk.o
 .debug_ranges  0x00001600       0xd8 ./BSP/bsp_stk_leds.o

.debug_line     0x00000000     0x3783
 .debug_line    0x00000000      0x28b ./src/I2C.o
 .debug_line    0x0000028b      0x3a2 ./src/UART.o
 .debug_line    0x0000062d      0x32a ./src/XBEE.o
 .debug_line    0x00000957      0x520 ./src/main.o
 .debug_line    0x00000e77      0xa4b ./emlib/em_cmu.o
 .debug_line    0x000018c2      0x2b1 ./emlib/em_gpio.o
 .debug_line    0x00001b73      0x412 ./emlib/em_i2c.o
 .debug_line    0x00001f85      0x24c ./emlib/em_system.o
 .debug_line    0x000021d1      0x2de ./emlib/em_timer.o
 .debug_line    0x000024af      0x57a ./emlib/em_usart.o
 .debug_line    0x00002a29       0x9f ./CMSIS/efm32gg/startup_gcc_efm32gg.o
 .debug_line    0x00002ac8      0x2c6 ./CMSIS/efm32gg/system_efm32gg.o
 .debug_line    0x00002d8e      0x3dd ./BSP/bsp_bcc.o
 .debug_line    0x0000316b      0x2f2 ./BSP/bsp_stk.o
 .debug_line    0x0000345d      0x326 ./BSP/bsp_stk_leds.o

.debug_str      0x00000000     0x3363
 .debug_str     0x00000000      0x777 ./src/I2C.o
                                0x7c6 (size before relaxing)
 .debug_str     0x00000777      0x7aa ./src/UART.o
                                0xd9e (size before relaxing)
 .debug_str     0x00000f21       0xee ./src/XBEE.o
                                0x27f (size before relaxing)
 .debug_str     0x0000100f      0xbce ./src/main.o
                               0x14e1 (size before relaxing)
 .debug_str     0x00001bdd      0x775 ./emlib/em_cmu.o
                                0xbcf (size before relaxing)
 .debug_str     0x00002352       0xc2 ./emlib/em_gpio.o
                                0x4be (size before relaxing)
 .debug_str     0x00002414      0x190 ./emlib/em_i2c.o
                                0x73c (size before relaxing)
 .debug_str     0x000025a4       0xa2 ./emlib/em_system.o
                                0x226 (size before relaxing)
 .debug_str     0x00002646       0x45 ./emlib/em_timer.o
                                0x6e6 (size before relaxing)
 .debug_str     0x0000268b      0x561 ./emlib/em_usart.o
                                0xd58 (size before relaxing)
 .debug_str     0x00002bec       0x8e ./CMSIS/efm32gg/system_efm32gg.o
                                0x3f4 (size before relaxing)
 .debug_str     0x00002c7a       0xc6 ./BSP/bsp_bcc.o
                                0xa63 (size before relaxing)
 .debug_str     0x00002d40      0x56a ./BSP/bsp_stk.o
                                0xbc0 (size before relaxing)
 .debug_str     0x000032aa       0xb9 ./BSP/bsp_stk_leds.o
                                0x71f (size before relaxing)

.debug_frame    0x00000000      0xf30
 .debug_frame   0x00000000       0x80 ./src/I2C.o
 .debug_frame   0x00000080       0xc8 ./src/UART.o
 .debug_frame   0x00000148       0x68 ./src/XBEE.o
 .debug_frame   0x000001b0       0x78 ./src/main.o
 .debug_frame   0x00000228      0x1b8 ./emlib/em_cmu.o
 .debug_frame   0x000003e0       0x68 ./emlib/em_gpio.o
 .debug_frame   0x00000448       0xbc ./emlib/em_i2c.o
 .debug_frame   0x00000504       0x30 ./emlib/em_system.o
 .debug_frame   0x00000534       0x88 ./emlib/em_timer.o
 .debug_frame   0x000005bc      0x1ac ./emlib/em_usart.o
 .debug_frame   0x00000768       0xa0 ./CMSIS/efm32gg/system_efm32gg.o
 .debug_frame   0x00000808       0xa0 ./BSP/bsp_bcc.o
 .debug_frame   0x000008a8       0xa0 ./BSP/bsp_stk.o
 .debug_frame   0x00000948       0x88 ./BSP/bsp_stk_leds.o
 .debug_frame   0x000009d0       0x28 c:/siliconlabs/simplicitystudio/v2/developer/toolchains/gnu_arm/4.7_2013q1/bin/../lib/gcc/arm-none-eabi/4.7.3/../../../../arm-none-eabi/lib/armv7-m\libc_s.a(lib_a-__atexit2.o)
 .debug_frame   0x000009f8       0x28 c:/siliconlabs/simplicitystudio/v2/developer/toolchains/gnu_arm/4.7_2013q1/bin/../lib/gcc/arm-none-eabi/4.7.3/../../../../arm-none-eabi/lib/armv7-m\libc_s.a(lib_a-exit.o)
 .debug_frame   0x00000a20       0x2c c:/siliconlabs/simplicitystudio/v2/developer/toolchains/gnu_arm/4.7_2013q1/bin/../lib/gcc/arm-none-eabi/4.7.3/../../../../arm-none-eabi/lib/armv7-m\libc_s.a(lib_a-fini.o)
 .debug_frame   0x00000a4c       0x2c c:/siliconlabs/simplicitystudio/v2/developer/toolchains/gnu_arm/4.7_2013q1/bin/../lib/gcc/arm-none-eabi/4.7.3/../../../../arm-none-eabi/lib/armv7-m\libc_s.a(lib_a-init.o)
 .debug_frame   0x00000a78       0x28 c:/siliconlabs/simplicitystudio/v2/developer/toolchains/gnu_arm/4.7_2013q1/bin/../lib/gcc/arm-none-eabi/4.7.3/../../../../arm-none-eabi/lib/armv7-m\libc_s.a(lib_a-memcpy.o)
 .debug_frame   0x00000aa0       0x20 c:/siliconlabs/simplicitystudio/v2/developer/toolchains/gnu_arm/4.7_2013q1/bin/../lib/gcc/arm-none-eabi/4.7.3/../../../../arm-none-eabi/lib/armv7-m\libc_s.a(lib_a-memset.o)
 .debug_frame   0x00000ac0       0x58 c:/siliconlabs/simplicitystudio/v2/developer/toolchains/gnu_arm/4.7_2013q1/bin/../lib/gcc/arm-none-eabi/4.7.3/../../../../arm-none-eabi/lib/armv7-m\libc_s.a(lib_a-sprintf.o)
 .debug_frame   0x00000b18       0x28 c:/siliconlabs/simplicitystudio/v2/developer/toolchains/gnu_arm/4.7_2013q1/bin/../lib/gcc/arm-none-eabi/4.7.3/../../../../arm-none-eabi/lib/armv7-m\libc_s.a(lib_a-strcat.o)
 .debug_frame   0x00000b40       0x20 c:/siliconlabs/simplicitystudio/v2/developer/toolchains/gnu_arm/4.7_2013q1/bin/../lib/gcc/arm-none-eabi/4.7.3/../../../../arm-none-eabi/lib/armv7-m\libc_s.a(lib_a-strcpy.o)
 .debug_frame   0x00000b60       0x20 c:/siliconlabs/simplicitystudio/v2/developer/toolchains/gnu_arm/4.7_2013q1/bin/../lib/gcc/arm-none-eabi/4.7.3/../../../../arm-none-eabi/lib/armv7-m\libc_s.a(lib_a-strlen.o)
 .debug_frame   0x00000b80       0x88 c:/siliconlabs/simplicitystudio/v2/developer/toolchains/gnu_arm/4.7_2013q1/bin/../lib/gcc/arm-none-eabi/4.7.3/../../../../arm-none-eabi/lib/armv7-m\libc_s.a(lib_a-svfprintf.o)
 .debug_frame   0x00000c08       0x58 c:/siliconlabs/simplicitystudio/v2/developer/toolchains/gnu_arm/4.7_2013q1/bin/../lib/gcc/arm-none-eabi/4.7.3/../../../../arm-none-eabi/lib/armv7-m\libc_s.a(lib_a-vfprintf_i.o)
 .debug_frame   0x00000c60      0x130 c:/siliconlabs/simplicitystudio/v2/developer/toolchains/gnu_arm/4.7_2013q1/bin/../lib/gcc/arm-none-eabi/4.7.3/../../../../arm-none-eabi/lib/armv7-m\libc_s.a(lib_a-findfp.o)
 .debug_frame   0x00000d90       0x2c c:/siliconlabs/simplicitystudio/v2/developer/toolchains/gnu_arm/4.7_2013q1/bin/../lib/gcc/arm-none-eabi/4.7.3/../../../../arm-none-eabi/lib/armv7-m\libc_s.a(lib_a-freer.o)
 .debug_frame   0x00000dbc       0x2c c:/siliconlabs/simplicitystudio/v2/developer/toolchains/gnu_arm/4.7_2013q1/bin/../lib/gcc/arm-none-eabi/4.7.3/../../../../arm-none-eabi/lib/armv7-m\libc_s.a(lib_a-mallocr.o)
 .debug_frame   0x00000de8       0x28 c:/siliconlabs/simplicitystudio/v2/developer/toolchains/gnu_arm/4.7_2013q1/bin/../lib/gcc/arm-none-eabi/4.7.3/../../../../arm-none-eabi/lib/armv7-m\libc_s.a(lib_a-memchr.o)
 .debug_frame   0x00000e10       0x30 c:/siliconlabs/simplicitystudio/v2/developer/toolchains/gnu_arm/4.7_2013q1/bin/../lib/gcc/arm-none-eabi/4.7.3/../../../../arm-none-eabi/lib/armv7-m\libc_s.a(lib_a-reallocr.o)
 .debug_frame   0x00000e40       0x2c c:/siliconlabs/simplicitystudio/v2/developer/toolchains/gnu_arm/4.7_2013q1/bin/../lib/gcc/arm-none-eabi/4.7.3/../../../../arm-none-eabi/lib/armv7-m\libc_s.a(lib_a-sbrkr.o)
 .debug_frame   0x00000e6c       0x20 c:/siliconlabs/simplicitystudio/v2/developer/toolchains/gnu_arm/4.7_2013q1/bin/../lib/gcc/arm-none-eabi/4.7.3/../../../../arm-none-eabi/lib/armv7-m\libc_s.a(lib_a-msizer.o)
 .debug_frame   0x00000e8c       0x64 c:/siliconlabs/simplicitystudio/v2/developer/toolchains/gnu_arm/4.7_2013q1/bin/../lib/gcc/arm-none-eabi/4.7.3/../../../../arm-none-eabi/lib/armv7-m\libc_s.a(lib_a-reent.o)
 .debug_frame   0x00000ef0       0x20 c:/siliconlabs/simplicitystudio/v2/developer/toolchains/gnu_arm/4.7_2013q1/bin/../lib/gcc/arm-none-eabi/4.7.3/../../../../arm-none-eabi/lib/armv7-m\libnosys.a(sbrk.o)
 .debug_frame   0x00000f10       0x20 c:/siliconlabs/simplicitystudio/v2/developer/toolchains/gnu_arm/4.7_2013q1/bin/../lib/gcc/arm-none-eabi/4.7.3/../../../../arm-none-eabi/lib/armv7-m\libnosys.a(_exit.o)

.stabstr        0x00000000      0x14d
 .stabstr       0x00000000      0x14d c:/siliconlabs/simplicitystudio/v2/developer/toolchains/gnu_arm/4.7_2013q1/bin/../lib/gcc/arm-none-eabi/4.7.3/../../../../arm-none-eabi/lib/armv7-m\libnosys.a(close.o)
