Archive member included because of file (symbol)

c:/siliconlabs/simplicitystudio/v2/developer/toolchains/gnu_arm/4.7_2013q1/bin/../lib/gcc/arm-none-eabi/4.7.3/armv7-m\libgcc.a(_arm_addsubdf3.o)
                              ./src/MPU6050.o (__aeabi_dadd)
c:/siliconlabs/simplicitystudio/v2/developer/toolchains/gnu_arm/4.7_2013q1/bin/../lib/gcc/arm-none-eabi/4.7.3/armv7-m\libgcc.a(_arm_muldivdf3.o)
                              ./src/MPU6050.o (__aeabi_dmul)
c:/siliconlabs/simplicitystudio/v2/developer/toolchains/gnu_arm/4.7_2013q1/bin/../lib/gcc/arm-none-eabi/4.7.3/armv7-m\libgcc.a(_arm_truncdfsf2.o)
                              ./src/MPU6050.o (__aeabi_d2f)
c:/siliconlabs/simplicitystudio/v2/developer/toolchains/gnu_arm/4.7_2013q1/bin/../lib/gcc/arm-none-eabi/4.7.3/armv7-m\libgcc.a(_arm_addsubsf3.o)
                              ./Drivers/vddcheck.o (__aeabi_fsub)
c:/siliconlabs/simplicitystudio/v2/developer/toolchains/gnu_arm/4.7_2013q1/bin/../lib/gcc/arm-none-eabi/4.7.3/armv7-m\libgcc.a(_arm_muldivsf3.o)
                              ./src/MPU6050.o (__aeabi_fdiv)
c:/siliconlabs/simplicitystudio/v2/developer/toolchains/gnu_arm/4.7_2013q1/bin/../lib/gcc/arm-none-eabi/4.7.3/armv7-m\libgcc.a(_arm_fixunssfsi.o)
                              ./Drivers/vddcheck.o (__aeabi_f2uiz)
c:/siliconlabs/simplicitystudio/v2/developer/toolchains/gnu_arm/4.7_2013q1/bin/../lib/gcc/arm-none-eabi/4.7.3/armv7-m\libgcc.a(_aeabi_ldivmod.o)
                              ./src/MPU6050.o (__aeabi_ldivmod)
c:/siliconlabs/simplicitystudio/v2/developer/toolchains/gnu_arm/4.7_2013q1/bin/../lib/gcc/arm-none-eabi/4.7.3/armv7-m\libgcc.a(bpabi.o)
                              c:/siliconlabs/simplicitystudio/v2/developer/toolchains/gnu_arm/4.7_2013q1/bin/../lib/gcc/arm-none-eabi/4.7.3/armv7-m\libgcc.a(_aeabi_ldivmod.o) (__gnu_ldivmod_helper)
c:/siliconlabs/simplicitystudio/v2/developer/toolchains/gnu_arm/4.7_2013q1/bin/../lib/gcc/arm-none-eabi/4.7.3/armv7-m\libgcc.a(_dvmd_tls.o)
                              c:/siliconlabs/simplicitystudio/v2/developer/toolchains/gnu_arm/4.7_2013q1/bin/../lib/gcc/arm-none-eabi/4.7.3/armv7-m\libgcc.a(_aeabi_ldivmod.o) (__aeabi_ldiv0)
c:/siliconlabs/simplicitystudio/v2/developer/toolchains/gnu_arm/4.7_2013q1/bin/../lib/gcc/arm-none-eabi/4.7.3/armv7-m\libgcc.a(_divdi3.o)
                              c:/siliconlabs/simplicitystudio/v2/developer/toolchains/gnu_arm/4.7_2013q1/bin/../lib/gcc/arm-none-eabi/4.7.3/armv7-m\libgcc.a(bpabi.o) (__divdi3)
c:/siliconlabs/simplicitystudio/v2/developer/toolchains/gnu_arm/4.7_2013q1/bin/../lib/gcc/arm-none-eabi/4.7.3/armv7-m\libgcc.a(_udivdi3.o)
                              c:/siliconlabs/simplicitystudio/v2/developer/toolchains/gnu_arm/4.7_2013q1/bin/../lib/gcc/arm-none-eabi/4.7.3/armv7-m\libgcc.a(bpabi.o) (__udivdi3)
c:/siliconlabs/simplicitystudio/v2/developer/toolchains/gnu_arm/4.7_2013q1/bin/../lib/gcc/arm-none-eabi/4.7.3/../../../../arm-none-eabi/lib/armv7-m\libc_s.a(lib_a-__atexit2.o)
                              c:/siliconlabs/simplicitystudio/v2/developer/toolchains/gnu_arm/4.7_2013q1/bin/../lib/gcc/arm-none-eabi/4.7.3/../../../../arm-none-eabi/lib/armv7-m/crt0.o (__register_exitproc)
c:/siliconlabs/simplicitystudio/v2/developer/toolchains/gnu_arm/4.7_2013q1/bin/../lib/gcc/arm-none-eabi/4.7.3/../../../../arm-none-eabi/lib/armv7-m\libc_s.a(lib_a-abs.o)
                              ./Drivers/segmentlcd.o (abs)
c:/siliconlabs/simplicitystudio/v2/developer/toolchains/gnu_arm/4.7_2013q1/bin/../lib/gcc/arm-none-eabi/4.7.3/../../../../arm-none-eabi/lib/armv7-m\libc_s.a(lib_a-exit.o)
                              c:/siliconlabs/simplicitystudio/v2/developer/toolchains/gnu_arm/4.7_2013q1/bin/../lib/gcc/arm-none-eabi/4.7.3/../../../../arm-none-eabi/lib/armv7-m/crt0.o (exit)
c:/siliconlabs/simplicitystudio/v2/developer/toolchains/gnu_arm/4.7_2013q1/bin/../lib/gcc/arm-none-eabi/4.7.3/../../../../arm-none-eabi/lib/armv7-m\libc_s.a(lib_a-fini.o)
                              c:/siliconlabs/simplicitystudio/v2/developer/toolchains/gnu_arm/4.7_2013q1/bin/../lib/gcc/arm-none-eabi/4.7.3/../../../../arm-none-eabi/lib/armv7-m/crt0.o (__libc_fini_array)
c:/siliconlabs/simplicitystudio/v2/developer/toolchains/gnu_arm/4.7_2013q1/bin/../lib/gcc/arm-none-eabi/4.7.3/../../../../arm-none-eabi/lib/armv7-m\libc_s.a(lib_a-impure.o)
                              c:/siliconlabs/simplicitystudio/v2/developer/toolchains/gnu_arm/4.7_2013q1/bin/../lib/gcc/arm-none-eabi/4.7.3/../../../../arm-none-eabi/lib/armv7-m\libc_s.a(lib_a-exit.o) (_global_impure_ptr)
c:/siliconlabs/simplicitystudio/v2/developer/toolchains/gnu_arm/4.7_2013q1/bin/../lib/gcc/arm-none-eabi/4.7.3/../../../../arm-none-eabi/lib/armv7-m\libc_s.a(lib_a-init.o)
                              c:/siliconlabs/simplicitystudio/v2/developer/toolchains/gnu_arm/4.7_2013q1/bin/../lib/gcc/arm-none-eabi/4.7.3/../../../../arm-none-eabi/lib/armv7-m/crt0.o (__libc_init_array)
[...]
Memory Configuration

Name             Origin             Length             Attributes
FLASH            0x00000000         0x00100000         xr
RAM              0x20000000         0x00020000         xrw
*default*        0x00000000         0xffffffff

Linker script and memory map

LOAD c:/siliconlabs/simplicitystudio/v2/developer/toolchains/gnu_arm/4.7_2013q1/bin/../lib/gcc/arm-none-eabi/4.7.3/armv7-m/crti.o
LOAD c:/siliconlabs/simplicitystudio/v2/developer/toolchains/gnu_arm/4.7_2013q1/bin/../lib/gcc/arm-none-eabi/4.7.3/armv7-m/crtbegin.o
LOAD c:/siliconlabs/simplicitystudio/v2/developer/toolchains/gnu_arm/4.7_2013q1/bin/../lib/gcc/arm-none-eabi/4.7.3/../../../../arm-none-eabi/lib/armv7-m/crt0.o
LOAD ./src/I2C.o
LOAD ./src/MPU6050.o
LOAD ./src/UART.o
LOAD ./src/XBEE.o
LOAD ./src/main.o
LOAD ./emlib/em_assert.o
LOAD ./emlib/em_cmu.o
LOAD ./emlib/em_emu.o
LOAD ./emlib/em_gpio.o
LOAD ./emlib/em_i2c.o
LOAD ./emlib/em_lcd.o
LOAD ./emlib/em_system.o
LOAD ./emlib/em_timer.o
LOAD ./emlib/em_usart.o
LOAD ./Drivers/segmentlcd.o
LOAD ./Drivers/vddcheck.o
LOAD ./CMSIS/efm32gg/startup_gcc_efm32gg.o
LOAD ./CMSIS/efm32gg/system_efm32gg.o
LOAD ./BSP/bsp_bcc.o
LOAD ./BSP/bsp_stk.o
LOAD ./BSP/bsp_stk_leds.o
LOAD ./BSP/bsp_trace.o
START GROUP
LOAD c:/siliconlabs/simplicitystudio/v2/developer/toolchains/gnu_arm/4.7_2013q1/bin/../lib/gcc/arm-none-eabi/4.7.3/armv7-m\libgcc.a
LOAD c:/siliconlabs/simplicitystudio/v2/developer/toolchains/gnu_arm/4.7_2013q1/bin/../lib/gcc/arm-none-eabi/4.7.3/../../../../arm-none-eabi/lib/armv7-m\libc_s.a
LOAD c:/siliconlabs/simplicitystudio/v2/developer/toolchains/gnu_arm/4.7_2013q1/bin/../lib/gcc/arm-none-eabi/4.7.3/../../../../arm-none-eabi/lib/armv7-m\libnosys.a
END GROUP
START GROUP
LOAD c:/siliconlabs/simplicitystudio/v2/developer/toolchains/gnu_arm/4.7_2013q1/bin/../lib/gcc/arm-none-eabi/4.7.3/armv7-m\libgcc.a
LOAD c:/siliconlabs/simplicitystudio/v2/developer/toolchains/gnu_arm/4.7_2013q1/bin/../lib/gcc/arm-none-eabi/4.7.3/../../../../arm-none-eabi/lib/armv7-m\libc_s.a
END GROUP
LOAD c:/siliconlabs/simplicitystudio/v2/developer/toolchains/gnu_arm/4.7_2013q1/bin/../lib/gcc/arm-none-eabi/4.7.3/armv7-m/crtend.o
LOAD c:/siliconlabs/simplicitystudio/v2/developer/toolchains/gnu_arm/4.7_2013q1/bin/../lib/gcc/arm-none-eabi/4.7.3/armv7-m/crtn.o

.text           0x00000000     0x5cec
 *(.isr_vector)
 .isr_vector    0x00000000      0x100 ./CMSIS/efm32gg/startup_gcc_efm32gg.o
                0x00000000                __isr_vector
 *(.text*)
 .text          0x00000100       0x54 c:/siliconlabs/simplicitystudio/v2/developer/toolchains/gnu_arm/4.7_2013q1/bin/../lib/gcc/arm-none-eabi/4.7.3/armv7-m/crtbegin.o
 .text          0x00000154       0x70 c:/siliconlabs/simplicitystudio/v2/developer/toolchains/gnu_arm/4.7_2013q1/bin/../lib/gcc/arm-none-eabi/4.7.3/../../../../arm-none-eabi/lib/armv7-m/crt0.o
                0x00000154                _start
                0x00000154                start
                0x00000154                _mainCRTStartup
 .text.I2C1_IRQHandler
                0x000001c4       0x1c ./src/I2C.o
                0x000001c4                I2C1_IRQHandler
 .text.I2C_Setup
                0x000001e0       0x60 ./src/I2C.o
                0x000001e0                I2C_Setup
 .text.I2C_RegisterSet
                0x00000240       0x4c ./src/I2C.o
                0x00000240                I2C_RegisterSet
 .text.I2C_RegisterGet
                0x0000028c       0x50 ./src/I2C.o
                0x0000028c                I2C_RegisterGet
 .text.Setup_MPU6050
                0x000002dc      0x20c ./src/MPU6050.o
                0x000002dc                Setup_MPU6050
 .text.MPU6050_Test_I2C
                0x000004e8       0x30 ./src/MPU6050.o
                0x000004e8                MPU6050_Test_I2C
 .text.MPU6050_Check_Registers
                0x00000518      0x508 ./src/MPU6050.o
                0x00000518                MPU6050_Check_Registers
 .text.Calibrate_Gyros
                0x00000a20      0x188 ./src/MPU6050.o
                0x00000a20                Calibrate_Gyros
 .text.Calibrate_Acc
                0x00000ba8      0x188 ./src/MPU6050.o
                0x00000ba8                Calibrate_Acc
 .text.Get_Accel_Values
                0x00000d30      0x108 ./src/MPU6050.o
                0x00000d30                Get_Accel_Values
 .text.Get_Gyro_Rates
                0x00000e38      0x1f8 ./src/MPU6050.o
                0x00000e38                Get_Gyro_Rates
 .text.uartSetup
                0x00001030       0x8c ./src/UART.o
                0x00001030                uartSetup
 .text.uartGetChar
                0x000010bc       0x2c ./src/UART.o
                0x000010bc                uartGetChar
 .text.uartPutChar
                0x000010e8       0x40 ./src/UART.o
                0x000010e8                uartPutChar
 .text.uartPutData
                0x00001128       0xa0 ./src/UART.o
                0x00001128                uartPutData
 .text.uartGetData
                0x000011c8       0xa0 ./src/UART.o
                0x000011c8                uartGetData
 .text.USART0_RX_IRQHandler
                0x00001268       0x58 ./src/UART.o
                0x00001268                USART0_RX_IRQHandler
 .text.USART0_TX_IRQHandler
                0x000012c0       0x60 ./src/UART.o
                0x000012c0                USART0_TX_IRQHandler
 .text.XbeeSetup
                0x00001320      0x1e0 ./src/XBEE.o
                0x00001320                XbeeSetup
 .text.receiveRxFrame
                0x00001500       0xbc ./src/XBEE.o
                0x00001500                receiveRxFrame
 .text.GPIO_EVEN_IRQHandler
                0x000015bc       0x20 ./src/main.o
                0x000015bc                GPIO_EVEN_IRQHandler
 .text.GPIO_ODD_IRQHandler
                0x000015dc       0x20 ./src/main.o
                0x000015dc                GPIO_ODD_IRQHandler
 .text.SysTick_Handler
                0x000015fc       0x10 ./src/main.o
                0x000015fc                SysTick_Handler
 .text.TIMER0_IRQHandler
                0x0000160c       0x10 ./src/main.o
                0x0000160c                TIMER0_IRQHandler
 .text.startup.main
                0x0000161c      0x4a8 ./src/main.o
                0x0000161c                main
 .text.CMU_ClockSelectGet
                0x00001ac4       0xd8 ./emlib/em_cmu.o
                0x00001ac4                CMU_ClockSelectGet
 .text.CMU_ClockFreqGet
                0x00001b9c      0x504 ./emlib/em_cmu.o
                0x00001b9c                CMU_ClockFreqGet
 .text.CMU_ClockEnable
                0x000020a0       0xd0 ./emlib/em_cmu.o
                0x000020a0                CMU_ClockEnable
 .text.CMU_ClockDivSet
                0x00002170      0x384 ./emlib/em_cmu.o
                0x00002170                CMU_ClockDivSet
 .text.CMU_ClockSelectSet
                0x000024f4      0x340 ./emlib/em_cmu.o
                0x000024f4                CMU_ClockSelectSet
 .text.CMU_LCDClkFDIVSet
                0x00002834       0x20 ./emlib/em_cmu.o
                0x00002834                CMU_LCDClkFDIVSet
 .text.EMU_UpdateOscConfig
                0x00002854       0x18 ./emlib/em_emu.o
                0x00002854                EMU_UpdateOscConfig
 .text.GPIO_IntConfig
                0x0000286c       0x94 ./emlib/em_gpio.o
                0x0000286c                GPIO_IntConfig
 .text.GPIO_PinModeSet
                0x00002900       0xb8 ./emlib/em_gpio.o
                0x00002900                GPIO_PinModeSet
 .text.I2C_Init
                0x000029b8       0x7c ./emlib/em_i2c.o
                0x000029b8                I2C_Init
 .text.I2C_Transfer
                0x00002a34      0x264 ./emlib/em_i2c.o
                0x00002a34                I2C_Transfer
 .text.I2C_TransferInit
                0x00002c98       0x88 ./emlib/em_i2c.o
                0x00002c98                I2C_TransferInit
 .text.LCD_Init
                0x00002d20       0x44 ./emlib/em_lcd.o
                0x00002d20                LCD_Init
 .text.LCD_VLCDSelect
                0x00002d64       0x24 ./emlib/em_lcd.o
                0x00002d64                LCD_VLCDSelect
 .text.LCD_SegmentRangeEnable
                0x00002d88       0x1c ./emlib/em_lcd.o
                0x00002d88                LCD_SegmentRangeEnable
 .text.LCD_SegmentSet
                0x00002da4       0xe4 ./emlib/em_lcd.o
                0x00002da4                LCD_SegmentSet
 .text.LCD_SegmentSetLow
                0x00002e88       0xd0 ./emlib/em_lcd.o
                0x00002e88                LCD_SegmentSetLow
 .text.LCD_SegmentSetHigh
                0x00002f58       0xd0 ./emlib/em_lcd.o
                0x00002f58                LCD_SegmentSetHigh
 .text.LCD_VBoostSet
                0x00003028       0x14 ./emlib/em_lcd.o
                0x00003028                LCD_VBoostSet
 .text.SYSTEM_ChipRevisionGet
                0x0000303c       0x24 ./emlib/em_system.o
                0x0000303c                SYSTEM_ChipRevisionGet
 .text.TIMER_Init
                0x00003060       0x8c ./emlib/em_timer.o
                0x00003060                TIMER_Init
 .text.TIMER_InitCC
                0x000030ec       0x68 ./emlib/em_timer.o
                0x000030ec                TIMER_InitCC
 .text.USART_Enable
                0x00003154       0x10 ./emlib/em_usart.o
                0x00003154                USART_Enable
 .text.USART_InitAsync
                0x00003164       0xe8 ./emlib/em_usart.o
                0x00003164                USART_InitAsync
 .text.USART_Rx
                0x0000324c        0xc ./emlib/em_usart.o
                0x0000324c                USART_Rx
 .text.USART_Tx
                0x00003258        0xc ./emlib/em_usart.o
                0x00003258                USART_Tx
 .text.SegmentLCD_AllOff
                0x00003264       0xb0 ./Drivers/segmentlcd.o
                0x00003264                SegmentLCD_AllOff
 .text.SegmentLCD_AlphaNumberOff
                0x00003314       0xac ./Drivers/segmentlcd.o
                0x00003314                SegmentLCD_AlphaNumberOff
 .text.SegmentLCD_Init
                0x000033c0       0xbc ./Drivers/segmentlcd.o
                0x000033c0                SegmentLCD_Init
 .text.SegmentLCD_Number
                0x0000347c      0x428 ./Drivers/segmentlcd.o
                0x0000347c                SegmentLCD_Number
 .text.SegmentLCD_Write
                0x000038a4      0x198 ./Drivers/segmentlcd.o
                0x000038a4                SegmentLCD_Write
 .text          0x00003a3c       0x98 ./CMSIS/efm32gg/startup_gcc_efm32gg.o
                0x00003a3c                Reset_Handler
                0x00003a70                Default_Handler
                0x00003a72                NMI_Handler
                0x00003a74                HardFault_Handler
                0x00003a76                MemManage_Handler
                0x00003a78                BusFault_Handler
                0x00003a7a                UsageFault_Handler
                0x00003a7c                SVC_Handler
                0x00003a7e                DebugMon_Handler
                0x00003a80                PendSV_Handler
                0x00003a84                DMA_IRQHandler
                0x00003a8e                USB_IRQHandler
                0x00003a90                ACMP0_IRQHandler
                0x00003a92                ADC0_IRQHandler
                0x00003a94                DAC0_IRQHandler
                0x00003a96                I2C0_IRQHandler
                0x00003a9c                TIMER1_IRQHandler
                0x00003a9e                TIMER2_IRQHandler
                0x00003aa0                TIMER3_IRQHandler
                0x00003aa2                USART1_RX_IRQHandler
                0x00003aa4                USART1_TX_IRQHandler
                0x00003aa6                LESENSE_IRQHandler
                0x00003aa8                USART2_RX_IRQHandler
                0x00003aaa                USART2_TX_IRQHandler
                0x00003aac                UART0_RX_IRQHandler
                0x00003aae                UART0_TX_IRQHandler
                0x00003ab0                UART1_RX_IRQHandler
                0x00003ab2                UART1_TX_IRQHandler
                0x00003ab4                LEUART0_IRQHandler
                0x00003ab6                LEUART1_IRQHandler
                0x00003ab8                LETIMER0_IRQHandler
                0x00003aba                PCNT0_IRQHandler
                0x00003abc                PCNT1_IRQHandler
                0x00003abe                PCNT2_IRQHandler
                0x00003ac0                RTC_IRQHandler
                0x00003ac2                BURTC_IRQHandler
                0x00003ac4                CMU_IRQHandler
                0x00003ac6                VCMP_IRQHandler
                0x00003ac8                LCD_IRQHandler
                0x00003aca                MSC_IRQHandler
                0x00003acc                AES_IRQHandler
                0x00003ace                EBI_IRQHandler
                0x00003ad0                EMU_IRQHandler
 .text.SystemCoreClockGet
                0x00003ad4      0x100 ./CMSIS/efm32gg/system_efm32gg.o
                0x00003ad4                SystemCoreClockGet
 .text.SystemHFClockGet
                0x00003bd4       0xdc ./CMSIS/efm32gg/system_efm32gg.o
                0x00003bd4                SystemHFClockGet
 .text.SystemHFXOClockGet
                0x00003cb0        0xc ./CMSIS/efm32gg/system_efm32gg.o
                0x00003cb0                SystemHFXOClockGet
 .text.SystemInit
                0x00003cbc        0x4 ./CMSIS/efm32gg/system_efm32gg.o
                0x00003cbc                SystemInit
 .text.SystemLFRCOClockGet
                0x00003cc0        0x8 ./CMSIS/efm32gg/system_efm32gg.o
                0x00003cc0                SystemLFRCOClockGet
 .text.SystemULFRCOClockGet
                0x00003cc8        0x8 ./CMSIS/efm32gg/system_efm32gg.o
                0x00003cc8                SystemULFRCOClockGet
 .text.SystemLFXOClockGet
                0x00003cd0        0xc ./CMSIS/efm32gg/system_efm32gg.o
                0x00003cd0                SystemLFXOClockGet
 .text.BSP_BccInit
                0x00003cdc       0xa0 ./BSP/bsp_bcc.o
                0x00003cdc                BSP_BccInit
 .text.BSP_Init
                0x00003d7c       0x10 ./BSP/bsp_stk.o
                0x00003d7c                BSP_Init
 .text.BSP_LedsInit
                0x00003d8c       0x3c ./BSP/bsp_stk_leds.o
                0x00003d8c                BSP_LedsInit
 .text.BSP_LedsSet
                0x00003dc8       0x30 ./BSP/bsp_stk_leds.o
                0x00003dc8                BSP_LedsSet
 .text          0x00003df8      0x370 c:/siliconlabs/simplicitystudio/v2/developer/toolchains/gnu_arm/4.7_2013q1/bin/../lib/gcc/arm-none-eabi/4.7.3/armv7-m\libgcc.a(_arm_addsubdf3.o)
                0x00003df8                __aeabi_drsub
                0x00003e00                __aeabi_dsub
                0x00003e00                __subdf3
                0x00003e04                __aeabi_dadd
                0x00003e04                __adddf3
                0x0000407c                __floatunsidf
                0x0000407c                __aeabi_ui2d
                0x0000409c                __floatsidf
                0x0000409c                __aeabi_i2d
                0x000040c0                __aeabi_f2d
                0x000040c0                __extendsfdf2
                0x000040fc                __floatundidf
                0x000040fc                __aeabi_ul2d
                0x0000410c                __floatdidf
                0x0000410c                __aeabi_l2d
 .text          0x00004168      0x424 c:/siliconlabs/simplicitystudio/v2/developer/toolchains/gnu_arm/4.7_2013q1/bin/../lib/gcc/arm-none-eabi/4.7.3/armv7-m\libgcc.a(_arm_muldivdf3.o)
                0x00004168                __aeabi_dmul
                0x00004168                __muldf3
                0x000043bc                __divdf3
                0x000043bc                __aeabi_ddiv
 .text          0x0000458c       0xa0 c:/siliconlabs/simplicitystudio/v2/developer/toolchains/gnu_arm/4.7_2013q1/bin/../lib/gcc/arm-none-eabi/4.7.3/armv7-m\libgcc.a(_arm_truncdfsf2.o)
                0x0000458c                __truncdfsf2
                0x0000458c                __aeabi_d2f
 .text          0x0000462c      0x21c c:/siliconlabs/simplicitystudio/v2/developer/toolchains/gnu_arm/4.7_2013q1/bin/../lib/gcc/arm-none-eabi/4.7.3/armv7-m\libgcc.a(_arm_addsubsf3.o)
                0x0000462c                __aeabi_frsub
                0x00004634                __subsf3
                0x00004634                __aeabi_fsub
                0x00004638                __aeabi_fadd
                0x00004638                __addsf3
                0x00004798                __aeabi_ui2f
                0x00004798                __floatunsisf
                0x000047a0                __aeabi_i2f
                0x000047a0                __floatsisf
                0x000047bc                __aeabi_ul2f
                0x000047bc                __floatundisf
                0x000047cc                __aeabi_l2f
                0x000047cc                __floatdisf
 .text          0x00004848      0x2a0 c:/siliconlabs/simplicitystudio/v2/developer/toolchains/gnu_arm/4.7_2013q1/bin/../lib/gcc/arm-none-eabi/4.7.3/armv7-m\libgcc.a(_arm_muldivsf3.o)
                0x00004848                __mulsf3
                0x00004848                __aeabi_fmul
                0x000049b0                __aeabi_fdiv
                0x000049b0                __divsf3
 .text          0x00004ae8       0x38 c:/siliconlabs/simplicitystudio/v2/developer/toolchains/gnu_arm/4.7_2013q1/bin/../lib/gcc/arm-none-eabi/4.7.3/armv7-m\libgcc.a(_aeabi_ldivmod.o)
                0x00004ae8                __aeabi_ldivmod
 .text          0x00004b20       0x60 c:/siliconlabs/simplicitystudio/v2/developer/toolchains/gnu_arm/4.7_2013q1/bin/../lib/gcc/arm-none-eabi/4.7.3/armv7-m\libgcc.a(bpabi.o)
                0x00004b20                __gnu_ldivmod_helper
                0x00004b50                __gnu_uldivmod_helper
 .text          0x00004b80        0x4 c:/siliconlabs/simplicitystudio/v2/developer/toolchains/gnu_arm/4.7_2013q1/bin/../lib/gcc/arm-none-eabi/4.7.3/armv7-m\libgcc.a(_dvmd_tls.o)
                0x00004b80                __aeabi_idiv0
                0x00004b80                __aeabi_ldiv0
 .text          0x00004b84      0x2bc c:/siliconlabs/simplicitystudio/v2/developer/toolchains/gnu_arm/4.7_2013q1/bin/../lib/gcc/arm-none-eabi/4.7.3/armv7-m\libgcc.a(_divdi3.o)
                0x00004b84                __divdi3
 .text          0x00004e40      0x28c c:/siliconlabs/simplicitystudio/v2/developer/toolchains/gnu_arm/4.7_2013q1/bin/../lib/gcc/arm-none-eabi/4.7.3/armv7-m\libgcc.a(_udivdi3.o)
                0x00004e40                __udivdi3
 .text.__register_exitproc
                0x000050cc       0x14 c:/siliconlabs/simplicitystudio/v2/developer/toolchains/gnu_arm/4.7_2013q1/bin/../lib/gcc/arm-none-eabi/4.7.3/../../../../arm-none-eabi/lib/armv7-m\libc_s.a(lib_a-__atexit2.o)
                0x000050cc                __register_exitproc
 .text.abs      0x000050e0        0x8 c:/siliconlabs/simplicitystudio/v2/developer/toolchains/gnu_arm/4.7_2013q1/bin/../lib/gcc/arm-none-eabi/4.7.3/../../../../arm-none-eabi/lib/armv7-m\libc_s.a(lib_a-abs.o)
                0x000050e0                abs
 .text.exit     0x000050e8       0x2c c:/siliconlabs/simplicitystudio/v2/developer/toolchains/gnu_arm/4.7_2013q1/bin/../lib/gcc/arm-none-eabi/4.7.3/../../../../arm-none-eabi/lib/armv7-m\libc_s.a(lib_a-exit.o)
                0x000050e8                exit
 .text.__libc_fini_array
                0x00005114       0x2c c:/siliconlabs/simplicitystudio/v2/developer/toolchains/gnu_arm/4.7_2013q1/bin/../lib/gcc/arm-none-eabi/4.7.3/../../../../arm-none-eabi/lib/armv7-m\libc_s.a(lib_a-fini.o)
                0x00005114                __libc_fini_array
 .text.__libc_init_array
                0x00005140       0x4c c:/siliconlabs/simplicitystudio/v2/developer/toolchains/gnu_arm/4.7_2013q1/bin/../lib/gcc/arm-none-eabi/4.7.3/../../../../arm-none-eabi/lib/armv7-m\libc_s.a(lib_a-init.o)
                0x00005140                __libc_init_array
 .text.memcpy   0x0000518c       0x12 c:/siliconlabs/simplicitystudio/v2/developer/toolchains/gnu_arm/4.7_2013q1/bin/../lib/gcc/arm-none-eabi/4.7.3/../../../../arm-none-eabi/lib/armv7-m\libc_s.a(lib_a-memcpy.o)
                0x0000518c                memcpy
 .text.memset   0x0000519e       0x10 c:/siliconlabs/simplicitystudio/v2/developer/toolchains/gnu_arm/4.7_2013q1/bin/../lib/gcc/arm-none-eabi/4.7.3/../../../../arm-none-eabi/lib/armv7-m\libc_s.a(lib_a-memset.o)
                0x0000519e                memset
 *fill*         0x000051ae        0x2 00
 .text.sprintf  0x000051b0       0x48 c:/siliconlabs/simplicitystudio/v2/developer/toolchains/gnu_arm/4.7_2013q1/bin/../lib/gcc/arm-none-eabi/4.7.3/../../../../arm-none-eabi/lib/armv7-m\libc_s.a(lib_a-sprintf.o)
                0x000051b0                siprintf
                0x000051b0                sprintf
 .text.strcat   0x000051f8       0x1a c:/siliconlabs/simplicitystudio/v2/developer/toolchains/gnu_arm/4.7_2013q1/bin/../lib/gcc/arm-none-eabi/4.7.3/../../../../arm-none-eabi/lib/armv7-m\libc_s.a(lib_a-strcat.o)
                0x000051f8                strcat
 .text.strcpy   0x00005212       0x10 c:/siliconlabs/simplicitystudio/v2/developer/toolchains/gnu_arm/4.7_2013q1/bin/../lib/gcc/arm-none-eabi/4.7.3/../../../../arm-none-eabi/lib/armv7-m\libc_s.a(lib_a-strcpy.o)
                0x00005212                strcpy
 .text.strlen   0x00005222       0x10 c:/siliconlabs/simplicitystudio/v2/developer/toolchains/gnu_arm/4.7_2013q1/bin/../lib/gcc/arm-none-eabi/4.7.3/../../../../arm-none-eabi/lib/armv7-m\libc_s.a(lib_a-strlen.o)
                0x00005222                strlen
 .text.__ssputc_r
                0x00005232       0xae c:/siliconlabs/simplicitystudio/v2/developer/toolchains/gnu_arm/4.7_2013q1/bin/../lib/gcc/arm-none-eabi/4.7.3/../../../../arm-none-eabi/lib/armv7-m\libc_s.a(lib_a-svfprintf.o)
                0x00005232                __ssputc_r
 .text._svfprintf_r
                0x000052e0      0x1f4 c:/siliconlabs/simplicitystudio/v2/developer/toolchains/gnu_arm/4.7_2013q1/bin/../lib/gcc/arm-none-eabi/4.7.3/../../../../arm-none-eabi/lib/armv7-m\libc_s.a(lib_a-svfprintf.o)
                0x000052e0                _svfiprintf_r
                0x000052e0                _svfprintf_r
 .text._printf_common
                0x000054d4       0xde c:/siliconlabs/simplicitystudio/v2/developer/toolchains/gnu_arm/4.7_2013q1/bin/../lib/gcc/arm-none-eabi/4.7.3/../../../../arm-none-eabi/lib/armv7-m\libc_s.a(lib_a-vfprintf_i.o)
                0x000054d4                _printf_common
 *fill*         0x000055b2        0x2 00
 .text._printf_i
                0x000055b4      0x248 c:/siliconlabs/simplicitystudio/v2/developer/toolchains/gnu_arm/4.7_2013q1/bin/../lib/gcc/arm-none-eabi/4.7.3/../../../../arm-none-eabi/lib/armv7-m\libc_s.a(lib_a-vfprintf_i.o)
                0x000055b4                _printf_i
 .text._free_r  0x000057fc       0x88 c:/siliconlabs/simplicitystudio/v2/developer/toolchains/gnu_arm/4.7_2013q1/bin/../lib/gcc/arm-none-eabi/4.7.3/../../../../arm-none-eabi/lib/armv7-m\libc_s.a(lib_a-freer.o)
                0x000057fc                _free_r
 .text._malloc_r
                0x00005884       0x94 c:/siliconlabs/simplicitystudio/v2/developer/toolchains/gnu_arm/4.7_2013q1/bin/../lib/gcc/arm-none-eabi/4.7.3/../../../../arm-none-eabi/lib/armv7-m\libc_s.a(lib_a-mallocr.o)
                0x00005884                _malloc_r
 .text.memchr   0x00005918       0x1c c:/siliconlabs/simplicitystudio/v2/developer/toolchains/gnu_arm/4.7_2013q1/bin/../lib/gcc/arm-none-eabi/4.7.3/../../../../arm-none-eabi/lib/armv7-m\libc_s.a(lib_a-memchr.o)
                0x00005918                memchr
 .text._realloc_r
                0x00005934       0x48 c:/siliconlabs/simplicitystudio/v2/developer/toolchains/gnu_arm/4.7_2013q1/bin/../lib/gcc/arm-none-eabi/4.7.3/../../../../arm-none-eabi/lib/armv7-m\libc_s.a(lib_a-reallocr.o)
                0x00005934                _realloc_r
 .text._sbrk_r  0x0000597c       0x20 c:/siliconlabs/simplicitystudio/v2/developer/toolchains/gnu_arm/4.7_2013q1/bin/../lib/gcc/arm-none-eabi/4.7.3/../../../../arm-none-eabi/lib/armv7-m\libc_s.a(lib_a-sbrkr.o)
                0x0000597c                _sbrk_r
 .text._malloc_usable_size_r
                0x0000599c       0x12 c:/siliconlabs/simplicitystudio/v2/developer/toolchains/gnu_arm/4.7_2013q1/bin/../lib/gcc/arm-none-eabi/4.7.3/../../../../arm-none-eabi/lib/armv7-m\libc_s.a(lib_a-msizer.o)
                0x0000599c                _malloc_usable_size_r
 *fill*         0x000059ae        0x2 00
 .text._sbrk    0x000059b0       0x34 c:/siliconlabs/simplicitystudio/v2/developer/toolchains/gnu_arm/4.7_2013q1/bin/../lib/gcc/arm-none-eabi/4.7.3/../../../../arm-none-eabi/lib/armv7-m\libnosys.a(sbrk.o)
                0x000059b0                _sbrk
 .text._exit    0x000059e4        0x4 c:/siliconlabs/simplicitystudio/v2/developer/toolchains/gnu_arm/4.7_2013q1/bin/../lib/gcc/arm-none-eabi/4.7.3/../../../../arm-none-eabi/lib/armv7-m\libnosys.a(_exit.o)
                0x000059e4                _exit
 *(.init)
 .init          0x000059e8        0x4 c:/siliconlabs/simplicitystudio/v2/developer/toolchains/gnu_arm/4.7_2013q1/bin/../lib/gcc/arm-none-eabi/4.7.3/armv7-m/crti.o
                0x000059e8                _init
 .init          0x000059ec        0x8 c:/siliconlabs/simplicitystudio/v2/developer/toolchains/gnu_arm/4.7_2013q1/bin/../lib/gcc/arm-none-eabi/4.7.3/armv7-m/crtn.o
 *(.fini)
 .fini          0x000059f4        0x4 c:/siliconlabs/simplicitystudio/v2/developer/toolchains/gnu_arm/4.7_2013q1/bin/../lib/gcc/arm-none-eabi/4.7.3/armv7-m/crti.o
                0x000059f4                _fini
 .fini          0x000059f8        0x8 c:/siliconlabs/simplicitystudio/v2/developer/toolchains/gnu_arm/4.7_2013q1/bin/../lib/gcc/arm-none-eabi/4.7.3/armv7-m/crtn.o
 *crtbegin.o(.ctors)
 *crtbegin?.o(.ctors)
 *(EXCLUDE_FILE(*crtend.o *crtend?.o) .ctors)
 *(SORT(.ctors.*))
 *(.ctors)
 *crtbegin.o(.dtors)
 *crtbegin?.o(.dtors)
 *(EXCLUDE_FILE(*crtend.o *crtend?.o) .dtors)
 *(SORT(.dtors.*))
 *(.dtors)
 *(.rodata*)
 .rodata        0x00005a00       0x10 ./src/I2C.o
 .rodata.str1.4
                0x00005a10       0x29 ./src/XBEE.o
                                 0x2c (size before relaxing)
 *fill*         0x00005a39        0x3 00
 .rodata        0x00005a3c        0xc ./src/main.o
 .rodata.str1.4
                0x00005a48       0x38 ./src/main.o
 .rodata.i2cNSum
                0x00005a80        0x4 ./emlib/em_i2c.o
 .rodata.EFM_Numbers
                0x00005a84       0x24 ./Drivers/segmentlcd.o
 .rodata.EFM_Display
                0x00005aa8      0x120 ./Drivers/segmentlcd.o
 .rodata.lcdInit
                0x00005bc8       0x14 ./Drivers/segmentlcd.o
 .rodata.EFM_Alphabet
                0x00005bdc       0xb8 ./Drivers/segmentlcd.o
 .rodata        0x00005c94       0x18 ./BSP/bsp_bcc.o
 .rodata.str1.1
                0x00005cac        0x2 c:/siliconlabs/simplicitystudio/v2/developer/toolchains/gnu_arm/4.7_2013q1/bin/../lib/gcc/arm-none-eabi/4.7.3/../../../../arm-none-eabi/lib/armv7-m\libc_s.a(lib_a-impure.o)
 *fill*         0x00005cae        0x2 00
 .rodata._global_impure_ptr
                0x00005cb0        0x4 c:/siliconlabs/simplicitystudio/v2/developer/toolchains/gnu_arm/4.7_2013q1/bin/../lib/gcc/arm-none-eabi/4.7.3/../../../../arm-none-eabi/lib/armv7-m\libc_s.a(lib_a-impure.o)
                0x00005cb0                _global_impure_ptr
 .rodata.str1.1
                0x00005cb4       0x11 c:/siliconlabs/simplicitystudio/v2/developer/toolchains/gnu_arm/4.7_2013q1/bin/../lib/gcc/arm-none-eabi/4.7.3/../../../../arm-none-eabi/lib/armv7-m\libc_s.a(lib_a-svfprintf.o)
 .rodata.str1.1
                0x00005cc5       0x22 c:/siliconlabs/simplicitystudio/v2/developer/toolchains/gnu_arm/4.7_2013q1/bin/../lib/gcc/arm-none-eabi/4.7.3/../../../../arm-none-eabi/lib/armv7-m\libc_s.a(lib_a-vfprintf_i.o)
 *(.eh_frame*)
 *fill*         0x00005ce7        0x1 00
 .eh_frame      0x00005ce8        0x0 c:/siliconlabs/simplicitystudio/v2/developer/toolchains/gnu_arm/4.7_2013q1/bin/../lib/gcc/arm-none-eabi/4.7.3/armv7-m/crtbegin.o
 .eh_frame      0x00005ce8        0x4 c:/siliconlabs/simplicitystudio/v2/developer/toolchains/gnu_arm/4.7_2013q1/bin/../lib/gcc/arm-none-eabi/4.7.3/armv7-m/crtend.o

.glue_7         0x00005cec        0x0
 .glue_7        0x00000000        0x0 linker stubs

.glue_7t        0x00005cec        0x0
 .glue_7t       0x00000000        0x0 linker stubs

.vfp11_veneer   0x00005cec        0x0
 .vfp11_veneer  0x00000000        0x0 linker stubs

.v4_bx          0x00005cec        0x0
 .v4_bx         0x00000000        0x0 linker stubs

.iplt           0x00005cec        0x0
 .iplt          0x00000000        0x0 c:/siliconlabs/simplicitystudio/v2/developer/toolchains/gnu_arm/4.7_2013q1/bin/../lib/gcc/arm-none-eabi/4.7.3/armv7-m/crtbegin.o

.ARM.extab
 *(.ARM.extab* .gnu.linkonce.armextab.*)
                0x00005cec                __exidx_start = .

.ARM.exidx      0x00005cec        0x8
 *(.ARM.exidx* .gnu.linkonce.armexidx.*)
 .ARM.exidx     0x00005cec        0x8 c:/siliconlabs/simplicitystudio/v2/developer/toolchains/gnu_arm/4.7_2013q1/bin/../lib/gcc/arm-none-eabi/4.7.3/../../../../arm-none-eabi/lib/armv7-m/crt0.o
 .ARM.exidx     0x00005cf4        0x0 c:/siliconlabs/simplicitystudio/v2/developer/toolchains/gnu_arm/4.7_2013q1/bin/../lib/gcc/arm-none-eabi/4.7.3/armv7-m\libgcc.a(_divdi3.o)
                                  0x8 (size before relaxing)
 .ARM.exidx     0x00005cf4        0x0 c:/siliconlabs/simplicitystudio/v2/developer/toolchains/gnu_arm/4.7_2013q1/bin/../lib/gcc/arm-none-eabi/4.7.3/armv7-m\libgcc.a(_udivdi3.o)
                                  0x8 (size before relaxing)
                0x00005cf4                __exidx_end = .
                0x00005cf4                __etext = .

.rel.dyn        0x00005cf4        0x0
 .rel.iplt      0x00000000        0x0 c:/siliconlabs/simplicitystudio/v2/developer/toolchains/gnu_arm/4.7_2013q1/bin/../lib/gcc/arm-none-eabi/4.7.3/armv7-m/crtbegin.o

.data           0x20000000       0x9c load address 0x00005cf4
                0x20000000                __data_start__ = .
 *(vtable)
 *(.data*)
 .data.uartInit
                0x20000000       0x18 ./src/UART.o
 .data.ACCEL_ZOUT_H
                0x20000018        0x1 ./src/main.o
                0x20000018                ACCEL_ZOUT_H
 .data.GYRO_ZOUT_L
                0x20000019        0x1 ./src/main.o
                0x20000019                GYRO_ZOUT_L
 .data.GYRO_YOUT_L
                0x2000001a        0x1 ./src/main.o
                0x2000001a                GYRO_YOUT_L
 .data.ACCEL_XOUT_L
                0x2000001b        0x1 ./src/main.o
                0x2000001b                ACCEL_XOUT_L
 .data.GYRO_XOUT_L
                0x2000001c        0x1 ./src/main.o
                0x2000001c                GYRO_XOUT_L
 .data.GYRO_ZOUT_H
                0x2000001d        0x1 ./src/main.o
                0x2000001d                GYRO_ZOUT_H
 .data.ACCEL_YOUT_H
                0x2000001e        0x1 ./src/main.o
                0x2000001e                ACCEL_YOUT_H
 .data.ACCEL_YOUT_L
                0x2000001f        0x1 ./src/main.o
                0x2000001f                ACCEL_YOUT_L
 .data.ACCEL_XOUT_H
                0x20000020        0x1 ./src/main.o
                0x20000020                ACCEL_XOUT_H
 .data.GYRO_XOUT_H
                0x20000021        0x1 ./src/main.o
                0x20000021                GYRO_XOUT_H
 .data.ACCEL_ZOUT_L
                0x20000022        0x1 ./src/main.o
                0x20000022                ACCEL_ZOUT_L
 .data.GYRO_YOUT_H
                0x20000023        0x1 ./src/main.o
                0x20000023                GYRO_YOUT_H
 .data.SystemLFXOClock
                0x20000024        0x4 ./CMSIS/efm32gg/system_efm32gg.o
 .data.SystemHFXOClock
                0x20000028        0x4 ./CMSIS/efm32gg/system_efm32gg.o
 .data.impure_data
                0x2000002c       0x64 c:/siliconlabs/simplicitystudio/v2/developer/toolchains/gnu_arm/4.7_2013q1/bin/../lib/gcc/arm-none-eabi/4.7.3/../../../../arm-none-eabi/lib/armv7-m\libc_s.a(lib_a-impure.o)
 .data._impure_ptr
                0x20000090        0x4 c:/siliconlabs/simplicitystudio/v2/developer/toolchains/gnu_arm/4.7_2013q1/bin/../lib/gcc/arm-none-eabi/4.7.3/../../../../arm-none-eabi/lib/armv7-m\libc_s.a(lib_a-impure.o)
                0x20000090                _impure_ptr
                0x20000094                . = ALIGN (0x4)
 *(.ram)
                0x20000094                . = ALIGN (0x4)
                0x20000094                PROVIDE (__preinit_array_start, .)
 *(.preinit_array)
                0x20000094                PROVIDE (__preinit_array_end, .)
                0x20000094                . = ALIGN (0x4)
                0x20000094                PROVIDE (__init_array_start, .)
 *(SORT(.init_array.*))
 *(.init_array)
 .init_array    0x20000094        0x4 c:/siliconlabs/simplicitystudio/v2/developer/toolchains/gnu_arm/4.7_2013q1/bin/../lib/gcc/arm-none-eabi/4.7.3/armv7-m/crtbegin.o
                0x20000098                PROVIDE (__init_array_end, .)
                0x20000098                . = ALIGN (0x4)
                0x20000098                PROVIDE (__fini_array_start, .)
 *(SORT(.fini_array.*))
 *(.fini_array)
 .fini_array    0x20000098        0x4 c:/siliconlabs/simplicitystudio/v2/developer/toolchains/gnu_arm/4.7_2013q1/bin/../lib/gcc/arm-none-eabi/4.7.3/armv7-m/crtbegin.o
                0x2000009c                PROVIDE (__fini_array_end, .)
                0x2000009c                . = ALIGN (0x4)
                0x2000009c                __data_end__ = .

.jcr            0x2000009c        0x0 load address 0x00005d90
 .jcr           0x2000009c        0x0 c:/siliconlabs/simplicitystudio/v2/developer/toolchains/gnu_arm/4.7_2013q1/bin/../lib/gcc/arm-none-eabi/4.7.3/armv7-m/crtbegin.o

.igot.plt       0x2000009c        0x0 load address 0x00005d90
 .igot.plt      0x00000000        0x0 c:/siliconlabs/simplicitystudio/v2/developer/toolchains/gnu_arm/4.7_2013q1/bin/../lib/gcc/arm-none-eabi/4.7.3/armv7-m/crtbegin.o

.bss            0x200000a0      0x2fc load address 0x00005d98
                0x200000a0                __bss_start__ = .
 *(.bss*)
 .bss           0x200000a0       0x1c c:/siliconlabs/simplicitystudio/v2/developer/toolchains/gnu_arm/4.7_2013q1/bin/../lib/gcc/arm-none-eabi/4.7.3/armv7-m/crtbegin.o
 .bss.txBuf     0x200000bc      0x110 ./src/UART.o
                0x200000bc                txBuf
 .bss.ACC_XOUT_OFFSET
                0x200001cc        0x2 ./src/main.o
                0x200001cc                ACC_XOUT_OFFSET
 .bss.GYRO_XOUT_OFFSET
                0x200001ce        0x2 ./src/main.o
                0x200001ce                GYRO_XOUT_OFFSET
 .bss.GYRO_YOUT
                0x200001d0        0x2 ./src/main.o
                0x200001d0                GYRO_YOUT
 .bss.ACCEL_XOUT
                0x200001d2        0x2 ./src/main.o
                0x200001d2                ACCEL_XOUT
 *fill*         0x200001d4        0x4 00
 .bss.ACC_XOUT_OFFSET_1000SUM
                0x200001d8        0x8 ./src/main.o
                0x200001d8                ACC_XOUT_OFFSET_1000SUM
 .bss.GYRO_ZOUT
                0x200001e0        0x2 ./src/main.o
                0x200001e0                GYRO_ZOUT
 *fill*         0x200001e2        0x2 00
 .bss.GYRO_XRATE
                0x200001e4        0x4 ./src/main.o
                0x200001e4                GYRO_XRATE
 .bss.ACC_YOUT_OFFSET_1000SUM
                0x200001e8        0x8 ./src/main.o
                0x200001e8                ACC_YOUT_OFFSET_1000SUM
 .bss.ACC_ZOUT_OFFSET
                0x200001f0        0x2 ./src/main.o
                0x200001f0                ACC_ZOUT_OFFSET
 .bss.ACCEL_YOUT
                0x200001f2        0x2 ./src/main.o
                0x200001f2                ACCEL_YOUT
 .bss.GYRO_ZANGLE
                0x200001f4        0x4 ./src/main.o
                0x200001f4                GYRO_ZANGLE
 .bss.GYRO_ZOUT_OFFSET
                0x200001f8        0x2 ./src/main.o
                0x200001f8                GYRO_ZOUT_OFFSET
 *fill*         0x200001fa        0x6 00
 .bss.ACC_ZOUT_OFFSET_1000SUM
                0x20000200        0x8 ./src/main.o
                0x20000200                ACC_ZOUT_OFFSET_1000SUM
 .bss.ACCEL_ZOUT
                0x20000208        0x2 ./src/main.o
                0x20000208                ACCEL_ZOUT
 *fill*         0x2000020a        0x6 00
 .bss.GYRO_XOUT_OFFSET_1000SUM
                0x20000210        0x8 ./src/main.o
                0x20000210                GYRO_XOUT_OFFSET_1000SUM
 .bss.GYRO_XANGLE
                0x20000218        0x4 ./src/main.o
                0x20000218                GYRO_XANGLE
 *fill*         0x2000021c        0x4 00
 .bss.GYRO_YOUT_OFFSET_1000SUM
                0x20000220        0x8 ./src/main.o
                0x20000220                GYRO_YOUT_OFFSET_1000SUM
 .bss.ACC_YOUT_OFFSET
                0x20000228        0x2 ./src/main.o
                0x20000228                ACC_YOUT_OFFSET
 *fill*         0x2000022a        0x6 00
 .bss.GYRO_ZOUT_OFFSET_1000SUM
                0x20000230        0x8 ./src/main.o
                0x20000230                GYRO_ZOUT_OFFSET_1000SUM
 .bss.GYRO_YOUT_OFFSET
                0x20000238        0x2 ./src/main.o
                0x20000238                GYRO_YOUT_OFFSET
 *fill*         0x2000023a        0x2 00
 .bss.GYRO_ZRATE
                0x2000023c        0x4 ./src/main.o
                0x2000023c                GYRO_ZRATE
 .bss.GYRO_XOUT
                0x20000240        0x2 ./src/main.o
                0x20000240                GYRO_XOUT
 *fill*         0x20000242        0x2 00
 .bss.GYRO_YANGLE
                0x20000244        0x4 ./src/main.o
                0x20000244                GYRO_YANGLE
 .bss.GYRO_YRATE
                0x20000248        0x4 ./src/main.o
                0x20000248                GYRO_YRATE
 .bss.cmuStatus
                0x2000024c        0x2 ./emlib/em_emu.o
 *fill*         0x2000024e        0x2 00
 .bss.i2cTransfer
                0x20000250       0x18 ./emlib/em_i2c.o
 .bss.rxByteCount
                0x20000268        0x4 ./BSP/bsp_bcc.o
 .bss.txByteCount
                0x2000026c        0x4 ./BSP/bsp_bcc.o
 .bss.__malloc_free_list
                0x20000270        0x4 c:/siliconlabs/simplicitystudio/v2/developer/toolchains/gnu_arm/4.7_2013q1/bin/../lib/gcc/arm-none-eabi/4.7.3/../../../../arm-none-eabi/lib/armv7-m\libc_s.a(lib_a-mallocr.o)
                0x20000270                __malloc_free_list
 .bss.heap_end.4231
                0x20000274        0x4 c:/siliconlabs/simplicitystudio/v2/developer/toolchains/gnu_arm/4.7_2013q1/bin/../lib/gcc/arm-none-eabi/4.7.3/../../../../arm-none-eabi/lib/armv7-m\libnosys.a(sbrk.o)
 *(COMMON)
 COMMON         0x20000278        0x1 ./src/I2C.o
                0x20000278                I2C_Status
 *fill*         0x20000279        0x3 00
 COMMON         0x2000027c      0x110 ./src/UART.o
                0x2000027c                rxBuf
 COMMON         0x2000038c        0x4 ./src/XBEE.o
                0x2000038c                msTicks
 COMMON         0x20000390        0x2 ./src/main.o
                0x20000390                pb1Pressed
                0x20000391                pb0Pressed
 *fill*         0x20000392        0x2 00
 COMMON         0x20000394        0x4 ./CMSIS/efm32gg/system_efm32gg.o
                0x20000394                SystemCoreClock
 COMMON         0x20000398        0x4 c:/siliconlabs/simplicitystudio/v2/developer/toolchains/gnu_arm/4.7_2013q1/bin/../lib/gcc/arm-none-eabi/4.7.3/../../../../arm-none-eabi/lib/armv7-m\libc_s.a(lib_a-reent.o)
                0x20000398                errno
                0x2000039c                __bss_end__ = .

.heap           0x200003a0      0xc00
                0x200003a0                __end__ = .
                0x200003a0                end = __end__
                0x200003a0                _end = __end__
 *(.heap*)
 .heap          0x200003a0      0xc00 ./CMSIS/efm32gg/startup_gcc_efm32gg.o
                0x200003a0                __HeapBase
                0x20000fa0                __HeapLimit = .

.stack_dummy    0x200003a0      0x400
 *(.stack)
 .stack         0x200003a0      0x400 ./CMSIS/efm32gg/startup_gcc_efm32gg.o
                0x20020000                __StackTop = (ORIGIN (RAM) + 0x20000)
                0x2001fc00                __StackLimit = (__StackTop - SIZEOF (.stack_dummy))
                0x20020000                PROVIDE (__stack, __StackTop)
                0x00000001                ASSERT ((__StackLimit >= __HeapLimit), region RAM overflowed with stack)
OUTPUT(Quadcopter_GG.axf elf32-littlearm)

.ARM.attributes
                0x00000000       0x29
 .ARM.attributes
                0x00000000       0x1d c:/siliconlabs/simplicitystudio/v2/developer/toolchains/gnu_arm/4.7_2013q1/bin/../lib/gcc/arm-none-eabi/4.7.3/armv7-m/crti.o
 .ARM.attributes
                0x0000001d       0x2d c:/siliconlabs/simplicitystudio/v2/developer/toolchains/gnu_arm/4.7_2013q1/bin/../lib/gcc/arm-none-eabi/4.7.3/armv7-m/crtbegin.o
 .ARM.attributes
                0x0000004a       0x1b c:/siliconlabs/simplicitystudio/v2/developer/toolchains/gnu_arm/4.7_2013q1/bin/../lib/gcc/arm-none-eabi/4.7.3/../../../../arm-none-eabi/lib/armv7-m/crt0.o
 .ARM.attributes
                0x00000065       0x33 ./src/I2C.o
 .ARM.attributes
                0x00000098       0x33 ./src/MPU6050.o
 .ARM.attributes
                0x000000cb       0x33 ./src/UART.o
 .ARM.attributes
                0x000000fe       0x33 ./src/XBEE.o
 .ARM.attributes
                0x00000131       0x33 ./src/main.o
 .ARM.attributes
                0x00000164       0x33 ./emlib/em_cmu.o
 .ARM.attributes
                0x00000197       0x33 ./emlib/em_emu.o
 .ARM.attributes
                0x000001ca       0x33 ./emlib/em_gpio.o
 .ARM.attributes
                0x000001fd       0x33 ./emlib/em_i2c.o
 .ARM.attributes
                0x00000230       0x33 ./emlib/em_lcd.o
 .ARM.attributes
                0x00000263       0x33 ./emlib/em_system.o
 .ARM.attributes
                0x00000296       0x33 ./emlib/em_timer.o
 .ARM.attributes
                0x000002c9       0x33 ./emlib/em_usart.o
 .ARM.attributes
                0x000002fc       0x33 ./Drivers/segmentlcd.o
 .ARM.attributes
                0x0000032f       0x1b ./CMSIS/efm32gg/startup_gcc_efm32gg.o
 .ARM.attributes
                0x0000034a       0x33 ./CMSIS/efm32gg/system_efm32gg.o
 .ARM.attributes
                0x0000037d       0x33 ./BSP/bsp_bcc.o
 .ARM.attributes
                0x000003b0       0x33 ./BSP/bsp_stk.o
 .ARM.attributes
                0x000003e3       0x33 ./BSP/bsp_stk_leds.o
 .ARM.attributes
                0x00000416       0x1d c:/siliconlabs/simplicitystudio/v2/developer/toolchains/gnu_arm/4.7_2013q1/bin/../lib/gcc/arm-none-eabi/4.7.3/armv7-m\libgcc.a(_arm_addsubdf3.o)
 .ARM.attributes
                0x00000433       0x1d c:/siliconlabs/simplicitystudio/v2/developer/toolchains/gnu_arm/4.7_2013q1/bin/../lib/gcc/arm-none-eabi/4.7.3/armv7-m\libgcc.a(_arm_muldivdf3.o)
 .ARM.attributes
                0x00000450       0x1d c:/siliconlabs/simplicitystudio/v2/developer/toolchains/gnu_arm/4.7_2013q1/bin/../lib/gcc/arm-none-eabi/4.7.3/armv7-m\libgcc.a(_arm_truncdfsf2.o)
 .ARM.attributes
                0x0000046d       0x1d c:/siliconlabs/simplicitystudio/v2/developer/toolchains/gnu_arm/4.7_2013q1/bin/../lib/gcc/arm-none-eabi/4.7.3/armv7-m\libgcc.a(_arm_addsubsf3.o)
 .ARM.attributes
                0x0000048a       0x1d c:/siliconlabs/simplicitystudio/v2/developer/toolchains/gnu_arm/4.7_2013q1/bin/../lib/gcc/arm-none-eabi/4.7.3/armv7-m\libgcc.a(_arm_muldivsf3.o)
 .ARM.attributes
                0x000004a7       0x1d c:/siliconlabs/simplicitystudio/v2/developer/toolchains/gnu_arm/4.7_2013q1/bin/../lib/gcc/arm-none-eabi/4.7.3/armv7-m\libgcc.a(_aeabi_ldivmod.o)
 .ARM.attributes
                0x000004c4       0x2d c:/siliconlabs/simplicitystudio/v2/developer/toolchains/gnu_arm/4.7_2013q1/bin/../lib/gcc/arm-none-eabi/4.7.3/armv7-m\libgcc.a(bpabi.o)
 .ARM.attributes
                0x000004f1       0x1d c:/siliconlabs/simplicitystudio/v2/developer/toolchains/gnu_arm/4.7_2013q1/bin/../lib/gcc/arm-none-eabi/4.7.3/armv7-m\libgcc.a(_dvmd_tls.o)
 .ARM.attributes
                0x0000050e       0x2d c:/siliconlabs/simplicitystudio/v2/developer/toolchains/gnu_arm/4.7_2013q1/bin/../lib/gcc/arm-none-eabi/4.7.3/armv7-m\libgcc.a(_divdi3.o)
 .ARM.attributes
                0x0000053b       0x2d c:/siliconlabs/simplicitystudio/v2/developer/toolchains/gnu_arm/4.7_2013q1/bin/../lib/gcc/arm-none-eabi/4.7.3/armv7-m\libgcc.a(_udivdi3.o)
 .ARM.attributes
                0x00000568       0x2d c:/siliconlabs/simplicitystudio/v2/developer/toolchains/gnu_arm/4.7_2013q1/bin/../lib/gcc/arm-none-eabi/4.7.3/../../../../arm-none-eabi/lib/armv7-m\libc_s.a(lib_a-__atexit2.o)
 .ARM.attributes
                0x00000595       0x2d c:/siliconlabs/simplicitystudio/v2/developer/toolchains/gnu_arm/4.7_2013q1/bin/../lib/gcc/arm-none-eabi/4.7.3/../../../../arm-none-eabi/lib/armv7-m\libc_s.a(lib_a-abs.o)
 .ARM.attributes
                0x000005c2       0x2d c:/siliconlabs/simplicitystudio/v2/developer/toolchains/gnu_arm/4.7_2013q1/bin/../lib/gcc/arm-none-eabi/4.7.3/../../../../arm-none-eabi/lib/armv7-m\libc_s.a(lib_a-exit.o)
 .ARM.attributes
                0x000005ef       0x2d c:/siliconlabs/simplicitystudio/v2/developer/toolchains/gnu_arm/4.7_2013q1/bin/../lib/gcc/arm-none-eabi/4.7.3/../../../../arm-none-eabi/lib/armv7-m\libc_s.a(lib_a-fini.o)
 .ARM.attributes
                0x0000061c       0x2d c:/siliconlabs/simplicitystudio/v2/developer/toolchains/gnu_arm/4.7_2013q1/bin/../lib/gcc/arm-none-eabi/4.7.3/../../../../arm-none-eabi/lib/armv7-m\libc_s.a(lib_a-impure.o)
 .ARM.attributes
                0x00000649       0x2d c:/siliconlabs/simplicitystudio/v2/developer/toolchains/gnu_arm/4.7_2013q1/bin/../lib/gcc/arm-none-eabi/4.7.3/../../../../arm-none-eabi/lib/armv7-m\libc_s.a(lib_a-init.o)
 .ARM.attributes
                0x00000676       0x2d c:/siliconlabs/simplicitystudio/v2/developer/toolchains/gnu_arm/4.7_2013q1/bin/../lib/gcc/arm-none-eabi/4.7.3/../../../../arm-none-eabi/lib/armv7-m\libc_s.a(lib_a-memcpy.o)
 .ARM.attributes
                0x000006a3       0x2d c:/siliconlabs/simplicitystudio/v2/developer/toolchains/gnu_arm/4.7_2013q1/bin/../lib/gcc/arm-none-eabi/4.7.3/../../../../arm-none-eabi/lib/armv7-m\libc_s.a(lib_a-memset.o)
 .ARM.attributes
                0x000006d0       0x2d c:/siliconlabs/simplicitystudio/v2/developer/toolchains/gnu_arm/4.7_2013q1/bin/../lib/gcc/arm-none-eabi/4.7.3/../../../../arm-none-eabi/lib/armv7-m\libc_s.a(lib_a-sprintf.o)
 .ARM.attributes
                0x000006fd       0x2d c:/siliconlabs/simplicitystudio/v2/developer/toolchains/gnu_arm/4.7_2013q1/bin/../lib/gcc/arm-none-eabi/4.7.3/../../../../arm-none-eabi/lib/armv7-m\libc_s.a(lib_a-strcat.o)
 .ARM.attributes
                0x0000072a       0x2d c:/siliconlabs/simplicitystudio/v2/developer/toolchains/gnu_arm/4.7_2013q1/bin/../lib/gcc/arm-none-eabi/4.7.3/../../../../arm-none-eabi/lib/armv7-m\libc_s.a(lib_a-strcpy.o)
 .ARM.attributes
                0x00000757       0x2d c:/siliconlabs/simplicitystudio/v2/developer/toolchains/gnu_arm/4.7_2013q1/bin/../lib/gcc/arm-none-eabi/4.7.3/../../../../arm-none-eabi/lib/armv7-m\libc_s.a(lib_a-strlen.o)
 .ARM.attributes
                0x00000784       0x2d c:/siliconlabs/simplicitystudio/v2/developer/toolchains/gnu_arm/4.7_2013q1/bin/../lib/gcc/arm-none-eabi/4.7.3/../../../../arm-none-eabi/lib/armv7-m\libc_s.a(lib_a-svfprintf.o)
 .ARM.attributes
                0x000007b1       0x2d c:/siliconlabs/simplicitystudio/v2/developer/toolchains/gnu_arm/4.7_2013q1/bin/../lib/gcc/arm-none-eabi/4.7.3/../../../../arm-none-eabi/lib/armv7-m\libc_s.a(lib_a-vfprintf_i.o)
 .ARM.attributes
                0x000007de       0x2d c:/siliconlabs/simplicitystudio/v2/developer/toolchains/gnu_arm/4.7_2013q1/bin/../lib/gcc/arm-none-eabi/4.7.3/../../../../arm-none-eabi/lib/armv7-m\libc_s.a(lib_a-freer.o)
 .ARM.attributes
                0x0000080b       0x2d c:/siliconlabs/simplicitystudio/v2/developer/toolchains/gnu_arm/4.7_2013q1/bin/../lib/gcc/arm-none-eabi/4.7.3/../../../../arm-none-eabi/lib/armv7-m\libc_s.a(lib_a-mallocr.o)
 .ARM.attributes
                0x00000838       0x2d c:/siliconlabs/simplicitystudio/v2/developer/toolchains/gnu_arm/4.7_2013q1/bin/../lib/gcc/arm-none-eabi/4.7.3/../../../../arm-none-eabi/lib/armv7-m\libc_s.a(lib_a-memchr.o)
 .ARM.attributes
                0x00000865       0x2d c:/siliconlabs/simplicitystudio/v2/developer/toolchains/gnu_arm/4.7_2013q1/bin/../lib/gcc/arm-none-eabi/4.7.3/../../../../arm-none-eabi/lib/armv7-m\libc_s.a(lib_a-reallocr.o)
 .ARM.attributes
                0x00000892       0x2d c:/siliconlabs/simplicitystudio/v2/developer/toolchains/gnu_arm/4.7_2013q1/bin/../lib/gcc/arm-none-eabi/4.7.3/../../../../arm-none-eabi/lib/armv7-m\libc_s.a(lib_a-sbrkr.o)
 .ARM.attributes
                0x000008bf       0x2d c:/siliconlabs/simplicitystudio/v2/developer/toolchains/gnu_arm/4.7_2013q1/bin/../lib/gcc/arm-none-eabi/4.7.3/../../../../arm-none-eabi/lib/armv7-m\libc_s.a(lib_a-msizer.o)
 .ARM.attributes
                0x000008ec       0x2d c:/siliconlabs/simplicitystudio/v2/developer/toolchains/gnu_arm/4.7_2013q1/bin/../lib/gcc/arm-none-eabi/4.7.3/../../../../arm-none-eabi/lib/armv7-m\libc_s.a(lib_a-reent.o)
 .ARM.attributes
                0x00000919       0x2d c:/siliconlabs/simplicitystudio/v2/developer/toolchains/gnu_arm/4.7_2013q1/bin/../lib/gcc/arm-none-eabi/4.7.3/../../../../arm-none-eabi/lib/armv7-m\libnosys.a(sbrk.o)
 .ARM.attributes
                0x00000946       0x2d c:/siliconlabs/simplicitystudio/v2/developer/toolchains/gnu_arm/4.7_2013q1/bin/../lib/gcc/arm-none-eabi/4.7.3/../../../../arm-none-eabi/lib/armv7-m\libnosys.a(_exit.o)
 .ARM.attributes
                0x00000973       0x2d c:/siliconlabs/simplicitystudio/v2/developer/toolchains/gnu_arm/4.7_2013q1/bin/../lib/gcc/arm-none-eabi/4.7.3/armv7-m/crtend.o
 .ARM.attributes
                0x000009a0       0x1d c:/siliconlabs/simplicitystudio/v2/developer/toolchains/gnu_arm/4.7_2013q1/bin/../lib/gcc/arm-none-eabi/4.7.3/armv7-m/crtn.o

.comment        0x00000000       0x70
 .comment       0x00000000       0x70 ./src/I2C.o
                                 0x71 (size before relaxing)
 .comment       0x00000000       0x71 ./src/MPU6050.o
 .comment       0x00000000       0x71 ./src/UART.o
 .comment       0x00000000       0x71 ./src/XBEE.o
 .comment       0x00000000       0x71 ./src/main.o
 .comment       0x00000000       0x71 ./emlib/em_cmu.o
 .comment       0x00000000       0x71 ./emlib/em_emu.o
 .comment       0x00000000       0x71 ./emlib/em_gpio.o
 .comment       0x00000000       0x71 ./emlib/em_i2c.o
 .comment       0x00000000       0x71 ./emlib/em_lcd.o
 .comment       0x00000000       0x71 ./emlib/em_system.o
 .comment       0x00000000       0x71 ./emlib/em_timer.o
 .comment       0x00000000       0x71 ./emlib/em_usart.o
 .comment       0x00000000       0x71 ./Drivers/segmentlcd.o
 .comment       0x00000000       0x71 ./CMSIS/efm32gg/system_efm32gg.o
 .comment       0x00000000       0x71 ./BSP/bsp_bcc.o
 .comment       0x00000000       0x71 ./BSP/bsp_stk.o
 .comment       0x00000000       0x71 ./BSP/bsp_stk_leds.o

.debug_info     0x00000000    0x11919
 .debug_info    0x00000000      0x7db ./src/I2C.o
 .debug_info    0x000007db     0x1603 ./src/MPU6050.o
 .debug_info    0x00001dde      0xe38 ./src/UART.o
 .debug_info    0x00002c16      0xe95 ./src/XBEE.o
 .debug_info    0x00003aab     0x2356 ./src/main.o
 .debug_info    0x00005e01     0x21dc ./emlib/em_cmu.o
 .debug_info    0x00007fdd      0xb9a ./emlib/em_emu.o
 .debug_info    0x00008b77      0x57a ./emlib/em_gpio.o
 .debug_info    0x000090f1      0x955 ./emlib/em_i2c.o
 .debug_info    0x00009a46      0xe69 ./emlib/em_lcd.o
 .debug_info    0x0000a8af      0x238 ./emlib/em_system.o
 .debug_info    0x0000aae7      0x707 ./emlib/em_timer.o
 .debug_info    0x0000b1ee     0x1123 ./emlib/em_usart.o
 .debug_info    0x0000c311     0x2cb7 ./Drivers/segmentlcd.o
 .debug_info    0x0000efc8       0x98 ./CMSIS/efm32gg/startup_gcc_efm32gg.o
 .debug_info    0x0000f060      0x5b5 ./CMSIS/efm32gg/system_efm32gg.o
 .debug_info    0x0000f615      0xc6c ./BSP/bsp_bcc.o
 .debug_info    0x00010281      0xe08 ./BSP/bsp_stk.o
 .debug_info    0x00011089      0x890 ./BSP/bsp_stk_leds.o

.debug_abbrev   0x00000000     0x2bc8
 .debug_abbrev  0x00000000      0x1e2 ./src/I2C.o
 .debug_abbrev  0x000001e2      0x1af ./src/MPU6050.o
 .debug_abbrev  0x00000391      0x309 ./src/UART.o
 .debug_abbrev  0x0000069a      0x27b ./src/XBEE.o
 .debug_abbrev  0x00000915      0x3f1 ./src/main.o
 .debug_abbrev  0x00000d06      0x3b5 ./emlib/em_cmu.o
 .debug_abbrev  0x000010bb      0x309 ./emlib/em_emu.o
 .debug_abbrev  0x000013c4      0x1a2 ./emlib/em_gpio.o
 .debug_abbrev  0x00001566      0x2f5 ./emlib/em_i2c.o
 .debug_abbrev  0x0000185b      0x27f ./emlib/em_lcd.o
 .debug_abbrev  0x00001ada       0xef ./emlib/em_system.o
 .debug_abbrev  0x00001bc9      0x176 ./emlib/em_timer.o
 .debug_abbrev  0x00001d3f      0x2e3 ./emlib/em_usart.o
 .debug_abbrev  0x00002022      0x344 ./Drivers/segmentlcd.o
 .debug_abbrev  0x00002366       0x14 ./CMSIS/efm32gg/startup_gcc_efm32gg.o
 .debug_abbrev  0x0000237a      0x1d6 ./CMSIS/efm32gg/system_efm32gg.o
 .debug_abbrev  0x00002550      0x272 ./BSP/bsp_bcc.o
 .debug_abbrev  0x000027c2      0x1ff ./BSP/bsp_stk.o
 .debug_abbrev  0x000029c1      0x207 ./BSP/bsp_stk_leds.o

.debug_loc      0x00000000     0xa8a5
 .debug_loc     0x00000000      0x1cd ./src/I2C.o
 .debug_loc     0x000001cd      0x3cd ./src/MPU6050.o
 .debug_loc     0x0000059a      0x24e ./src/UART.o
 .debug_loc     0x000007e8      0x491 ./src/XBEE.o
 .debug_loc     0x00000c79      0x7de ./src/main.o
 .debug_loc     0x00001457     0x263f ./emlib/em_cmu.o
 .debug_loc     0x00003a96      0x30e ./emlib/em_emu.o
 .debug_loc     0x00003da4      0x3af ./emlib/em_gpio.o
 .debug_loc     0x00004153      0x78a ./emlib/em_i2c.o
 .debug_loc     0x000048dd     0x14ab ./emlib/em_lcd.o
 .debug_loc     0x00005d88       0x8e ./emlib/em_system.o
 .debug_loc     0x00005e16       0xfb ./emlib/em_timer.o
 .debug_loc     0x00005f11      0xb99 ./emlib/em_usart.o
 .debug_loc     0x00006aaa     0x34b7 ./Drivers/segmentlcd.o
 .debug_loc     0x00009f61      0x11d ./CMSIS/efm32gg/system_efm32gg.o
 .debug_loc     0x0000a07e      0x2fb ./BSP/bsp_bcc.o
 .debug_loc     0x0000a379       0xe8 ./BSP/bsp_stk.o
 .debug_loc     0x0000a461      0x444 ./BSP/bsp_stk_leds.o

.debug_aranges  0x00000000      0x698
 .debug_aranges
                0x00000000       0x38 ./src/I2C.o
 .debug_aranges
                0x00000038       0x58 ./src/MPU6050.o
 .debug_aranges
                0x00000090       0x58 ./src/UART.o
 .debug_aranges
                0x000000e8       0x30 ./src/XBEE.o
 .debug_aranges
                0x00000118       0x40 ./src/main.o
 .debug_aranges
                0x00000158       0xc8 ./emlib/em_cmu.o
 .debug_aranges
                0x00000220       0x60 ./emlib/em_emu.o
 .debug_aranges
                0x00000280       0x38 ./emlib/em_gpio.o
 .debug_aranges
                0x000002b8       0x50 ./emlib/em_i2c.o
 .debug_aranges
                0x00000308       0x80 ./emlib/em_lcd.o
 .debug_aranges
                0x00000388       0x28 ./emlib/em_system.o
 .debug_aranges
                0x000003b0       0x48 ./emlib/em_timer.o
 .debug_aranges
                0x000003f8       0xb8 ./emlib/em_usart.o
 .debug_aranges
                0x000004b0       0x90 ./Drivers/segmentlcd.o
 .debug_aranges
                0x00000540       0x20 ./CMSIS/efm32gg/startup_gcc_efm32gg.o
 .debug_aranges
                0x00000560       0x60 ./CMSIS/efm32gg/system_efm32gg.o
 .debug_aranges
                0x000005c0       0x40 ./BSP/bsp_bcc.o
 .debug_aranges
                0x00000600       0x48 ./BSP/bsp_stk.o
 .debug_aranges
                0x00000648       0x50 ./BSP/bsp_stk_leds.o

.debug_ranges   0x00000000     0x1b60
 .debug_ranges  0x00000000       0x28 ./src/I2C.o
 .debug_ranges  0x00000028       0x48 ./src/MPU6050.o
 .debug_ranges  0x00000070       0xd0 ./src/UART.o
 .debug_ranges  0x00000140       0x50 ./src/XBEE.o
 .debug_ranges  0x00000190      0x2b0 ./src/main.o
 .debug_ranges  0x00000440      0xb60 ./emlib/em_cmu.o
 .debug_ranges  0x00000fa0      0x120 ./emlib/em_emu.o
 .debug_ranges  0x000010c0      0x138 ./emlib/em_gpio.o
 .debug_ranges  0x000011f8       0xd0 ./emlib/em_i2c.o
 .debug_ranges  0x000012c8       0xf0 ./emlib/em_lcd.o
 .debug_ranges  0x000013b8       0x18 ./emlib/em_system.o
 .debug_ranges  0x000013d0       0x38 ./emlib/em_timer.o
 .debug_ranges  0x00001408      0x1c0 ./emlib/em_usart.o
 .debug_ranges  0x000015c8      0x240 ./Drivers/segmentlcd.o
 .debug_ranges  0x00001808       0x80 ./CMSIS/efm32gg/system_efm32gg.o
 .debug_ranges  0x00001888      0x1c8 ./BSP/bsp_bcc.o
 .debug_ranges  0x00001a50       0x38 ./BSP/bsp_stk.o
 .debug_ranges  0x00001a88       0xd8 ./BSP/bsp_stk_leds.o

.debug_line     0x00000000     0x4dbd
 .debug_line    0x00000000      0x28b ./src/I2C.o
 .debug_line    0x0000028b      0x409 ./src/MPU6050.o
 .debug_line    0x00000694      0x3c7 ./src/UART.o
 .debug_line    0x00000a5b      0x32a ./src/XBEE.o
 .debug_line    0x00000d85      0x612 ./src/main.o
 .debug_line    0x00001397      0xa4b ./emlib/em_cmu.o
 .debug_line    0x00001de2      0x43c ./emlib/em_emu.o
 .debug_line    0x0000221e      0x2b1 ./emlib/em_gpio.o
 .debug_line    0x000024cf      0x412 ./emlib/em_i2c.o
 .debug_line    0x000028e1      0x495 ./emlib/em_lcd.o
 .debug_line    0x00002d76      0x24c ./emlib/em_system.o
 .debug_line    0x00002fc2      0x2de ./emlib/em_timer.o
 .debug_line    0x000032a0      0x57a ./emlib/em_usart.o
 .debug_line    0x0000381a      0x849 ./Drivers/segmentlcd.o
 .debug_line    0x00004063       0x9f ./CMSIS/efm32gg/startup_gcc_efm32gg.o
 .debug_line    0x00004102      0x2c6 ./CMSIS/efm32gg/system_efm32gg.o
 .debug_line    0x000043c8      0x3dd ./BSP/bsp_bcc.o
 .debug_line    0x000047a5      0x2f2 ./BSP/bsp_stk.o
 .debug_line    0x00004a97      0x326 ./BSP/bsp_stk_leds.o

.debug_str      0x00000000     0x41cb
 .debug_str     0x00000000      0x777 ./src/I2C.o
                                0x7c6 (size before relaxing)
 .debug_str     0x00000777      0x2ec ./src/MPU6050.o
                                0x4cb (size before relaxing)
 .debug_str     0x00000a63      0x7aa ./src/UART.o
                                0xd9e (size before relaxing)
 .debug_str     0x0000120d       0xe8 ./src/XBEE.o
                                0x27f (size before relaxing)
 .debug_str     0x000012f5      0xa20 ./src/main.o
                               0x15e0 (size before relaxing)
 .debug_str     0x00001d15      0x775 ./emlib/em_cmu.o
                                0xbcf (size before relaxing)
 .debug_str     0x0000248a      0x37b ./emlib/em_emu.o
                                0x692 (size before relaxing)
 .debug_str     0x00002805       0xc2 ./emlib/em_gpio.o
                                0x4be (size before relaxing)
 .debug_str     0x000028c7      0x18b ./emlib/em_i2c.o
                                0x73c (size before relaxing)
 .debug_str     0x00002a52      0x695 ./emlib/em_lcd.o
                                0x84d (size before relaxing)
 .debug_str     0x000030e7       0xa2 ./emlib/em_system.o
                                0x226 (size before relaxing)
 .debug_str     0x00003189       0x45 ./emlib/em_timer.o
                                0x6e6 (size before relaxing)
 .debug_str     0x000031ce      0x561 ./emlib/em_usart.o
                                0xd58 (size before relaxing)
 .debug_str     0x0000372f      0x325 ./Drivers/segmentlcd.o
                                0xd7a (size before relaxing)
 .debug_str     0x00003a54       0x8e ./CMSIS/efm32gg/system_efm32gg.o
                                0x3f4 (size before relaxing)
 .debug_str     0x00003ae2       0xc6 ./BSP/bsp_bcc.o
                                0xa63 (size before relaxing)
 .debug_str     0x00003ba8      0x56a ./BSP/bsp_stk.o
                                0xbc0 (size before relaxing)
 .debug_str     0x00004112       0xb9 ./BSP/bsp_stk_leds.o
                                0x71f (size before relaxing)

.debug_frame    0x00000000     0x135c
 .debug_frame   0x00000000       0x80 ./src/I2C.o
 .debug_frame   0x00000080      0x128 ./src/MPU6050.o
 .debug_frame   0x000001a8       0xc8 ./src/UART.o
 .debug_frame   0x00000270       0x68 ./src/XBEE.o
 .debug_frame   0x000002d8       0x78 ./src/main.o
 .debug_frame   0x00000350      0x1b8 ./emlib/em_cmu.o
 .debug_frame   0x00000508       0xc8 ./emlib/em_emu.o
 .debug_frame   0x000005d0       0x68 ./emlib/em_gpio.o
 .debug_frame   0x00000638       0xbc ./emlib/em_i2c.o
 .debug_frame   0x000006f4      0x100 ./emlib/em_lcd.o
 .debug_frame   0x000007f4       0x30 ./emlib/em_system.o
 .debug_frame   0x00000824       0x88 ./emlib/em_timer.o
 .debug_frame   0x000008ac      0x1ac ./emlib/em_usart.o
 .debug_frame   0x00000a58      0x194 ./Drivers/segmentlcd.o
 .debug_frame   0x00000bec       0xa0 ./CMSIS/efm32gg/system_efm32gg.o
 .debug_frame   0x00000c8c       0xa0 ./BSP/bsp_bcc.o
 .debug_frame   0x00000d2c       0xa0 ./BSP/bsp_stk.o
 .debug_frame   0x00000dcc       0x88 ./BSP/bsp_stk_leds.o
 .debug_frame   0x00000e54       0x50 c:/siliconlabs/simplicitystudio/v2/developer/toolchains/gnu_arm/4.7_2013q1/bin/../lib/gcc/arm-none-eabi/4.7.3/armv7-m\libgcc.a(bpabi.o)
 .debug_frame   0x00000ea4       0x34 c:/siliconlabs/simplicitystudio/v2/developer/toolchains/gnu_arm/4.7_2013q1/bin/../lib/gcc/arm-none-eabi/4.7.3/armv7-m\libgcc.a(_divdi3.o)
 .debug_frame   0x00000ed8       0x34 c:/siliconlabs/simplicitystudio/v2/developer/toolchains/gnu_arm/4.7_2013q1/bin/../lib/gcc/arm-none-eabi/4.7.3/armv7-m\libgcc.a(_udivdi3.o)
 .debug_frame   0x00000f0c       0x28 c:/siliconlabs/simplicitystudio/v2/developer/toolchains/gnu_arm/4.7_2013q1/bin/../lib/gcc/arm-none-eabi/4.7.3/../../../../arm-none-eabi/lib/armv7-m\libc_s.a(lib_a-__atexit2.o)
 .debug_frame   0x00000f34       0x20 c:/siliconlabs/simplicitystudio/v2/developer/toolchains/gnu_arm/4.7_2013q1/bin/../lib/gcc/arm-none-eabi/4.7.3/../../../../arm-none-eabi/lib/armv7-m\libc_s.a(lib_a-abs.o)
 .debug_frame   0x00000f54       0x28 c:/siliconlabs/simplicitystudio/v2/developer/toolchains/gnu_arm/4.7_2013q1/bin/../lib/gcc/arm-none-eabi/4.7.3/../../../../arm-none-eabi/lib/armv7-m\libc_s.a(lib_a-exit.o)
 .debug_frame   0x00000f7c       0x2c c:/siliconlabs/simplicitystudio/v2/developer/toolchains/gnu_arm/4.7_2013q1/bin/../lib/gcc/arm-none-eabi/4.7.3/../../../../arm-none-eabi/lib/armv7-m\libc_s.a(lib_a-fini.o)
 .debug_frame   0x00000fa8       0x2c c:/siliconlabs/simplicitystudio/v2/developer/toolchains/gnu_arm/4.7_2013q1/bin/../lib/gcc/arm-none-eabi/4.7.3/../../../../arm-none-eabi/lib/armv7-m\libc_s.a(lib_a-init.o)
 .debug_frame   0x00000fd4       0x28 c:/siliconlabs/simplicitystudio/v2/developer/toolchains/gnu_arm/4.7_2013q1/bin/../lib/gcc/arm-none-eabi/4.7.3/../../../../arm-none-eabi/lib/armv7-m\libc_s.a(lib_a-memcpy.o)
 .debug_frame   0x00000ffc       0x20 c:/siliconlabs/simplicitystudio/v2/developer/toolchains/gnu_arm/4.7_2013q1/bin/../lib/gcc/arm-none-eabi/4.7.3/../../../../arm-none-eabi/lib/armv7-m\libc_s.a(lib_a-memset.o)
 .debug_frame   0x0000101c       0x58 c:/siliconlabs/simplicitystudio/v2/developer/toolchains/gnu_arm/4.7_2013q1/bin/../lib/gcc/arm-none-eabi/4.7.3/../../../../arm-none-eabi/lib/armv7-m\libc_s.a(lib_a-sprintf.o)
 .debug_frame   0x00001074       0x28 c:/siliconlabs/simplicitystudio/v2/developer/toolchains/gnu_arm/4.7_2013q1/bin/../lib/gcc/arm-none-eabi/4.7.3/../../../../arm-none-eabi/lib/armv7-m\libc_s.a(lib_a-strcat.o)
 .debug_frame   0x0000109c       0x20 c:/siliconlabs/simplicitystudio/v2/developer/toolchains/gnu_arm/4.7_2013q1/bin/../lib/gcc/arm-none-eabi/4.7.3/../../../../arm-none-eabi/lib/armv7-m\libc_s.a(lib_a-strcpy.o)
 .debug_frame   0x000010bc       0x20 c:/siliconlabs/simplicitystudio/v2/developer/toolchains/gnu_arm/4.7_2013q1/bin/../lib/gcc/arm-none-eabi/4.7.3/../../../../arm-none-eabi/lib/armv7-m\libc_s.a(lib_a-strlen.o)
 .debug_frame   0x000010dc       0x88 c:/siliconlabs/simplicitystudio/v2/developer/toolchains/gnu_arm/4.7_2013q1/bin/../lib/gcc/arm-none-eabi/4.7.3/../../../../arm-none-eabi/lib/armv7-m\libc_s.a(lib_a-svfprintf.o)
 .debug_frame   0x00001164       0x58 c:/siliconlabs/simplicitystudio/v2/developer/toolchains/gnu_arm/4.7_2013q1/bin/../lib/gcc/arm-none-eabi/4.7.3/../../../../arm-none-eabi/lib/armv7-m\libc_s.a(lib_a-vfprintf_i.o)
 .debug_frame   0x000011bc       0x2c c:/siliconlabs/simplicitystudio/v2/developer/toolchains/gnu_arm/4.7_2013q1/bin/../lib/gcc/arm-none-eabi/4.7.3/../../../../arm-none-eabi/lib/armv7-m\libc_s.a(lib_a-freer.o)
 .debug_frame   0x000011e8       0x2c c:/siliconlabs/simplicitystudio/v2/developer/toolchains/gnu_arm/4.7_2013q1/bin/../lib/gcc/arm-none-eabi/4.7.3/../../../../arm-none-eabi/lib/armv7-m\libc_s.a(lib_a-mallocr.o)
 .debug_frame   0x00001214       0x28 c:/siliconlabs/simplicitystudio/v2/developer/toolchains/gnu_arm/4.7_2013q1/bin/../lib/gcc/arm-none-eabi/4.7.3/../../../../arm-none-eabi/lib/armv7-m\libc_s.a(lib_a-memchr.o)
 .debug_frame   0x0000123c       0x30 c:/siliconlabs/simplicitystudio/v2/developer/toolchains/gnu_arm/4.7_2013q1/bin/../lib/gcc/arm-none-eabi/4.7.3/../../../../arm-none-eabi/lib/armv7-m\libc_s.a(lib_a-reallocr.o)
 .debug_frame   0x0000126c       0x2c c:/siliconlabs/simplicitystudio/v2/developer/toolchains/gnu_arm/4.7_2013q1/bin/../lib/gcc/arm-none-eabi/4.7.3/../../../../arm-none-eabi/lib/armv7-m\libc_s.a(lib_a-sbrkr.o)
 .debug_frame   0x00001298       0x20 c:/siliconlabs/simplicitystudio/v2/developer/toolchains/gnu_arm/4.7_2013q1/bin/../lib/gcc/arm-none-eabi/4.7.3/../../../../arm-none-eabi/lib/armv7-m\libc_s.a(lib_a-msizer.o)
 .debug_frame   0x000012b8       0x64 c:/siliconlabs/simplicitystudio/v2/developer/toolchains/gnu_arm/4.7_2013q1/bin/../lib/gcc/arm-none-eabi/4.7.3/../../../../arm-none-eabi/lib/armv7-m\libc_s.a(lib_a-reent.o)
 .debug_frame   0x0000131c       0x20 c:/siliconlabs/simplicitystudio/v2/developer/toolchains/gnu_arm/4.7_2013q1/bin/../lib/gcc/arm-none-eabi/4.7.3/../../../../arm-none-eabi/lib/armv7-m\libnosys.a(sbrk.o)
 .debug_frame   0x0000133c       0x20 c:/siliconlabs/simplicitystudio/v2/developer/toolchains/gnu_arm/4.7_2013q1/bin/../lib/gcc/arm-none-eabi/4.7.3/../../../../arm-none-eabi/lib/armv7-m\libnosys.a(_exit.o)
