Archive member included because of file (symbol)

c:/siliconlabs/simplicitystudio/v2/developer/toolchains/gnu_arm/4.7_2013q1/bin/../lib/gcc/arm-none-eabi/4.7.3/armv6-m\libgcc.a(_udivsi3.o)
                              ./src/main.o (__aeabi_uidiv)
c:/siliconlabs/simplicitystudio/v2/developer/toolchains/gnu_arm/4.7_2013q1/bin/../lib/gcc/arm-none-eabi/4.7.3/armv6-m\libgcc.a(_dvmd_tls.o)
                              c:/siliconlabs/simplicitystudio/v2/developer/toolchains/gnu_arm/4.7_2013q1/bin/../lib/gcc/arm-none-eabi/4.7.3/armv6-m\libgcc.a(_udivsi3.o) (__aeabi_idiv0)
c:/siliconlabs/simplicitystudio/v2/developer/toolchains/gnu_arm/4.7_2013q1/bin/../lib/gcc/arm-none-eabi/4.7.3/armv6-m\libgcc.a(adddf3.o)
                              ./src/MPU6050.o (__aeabi_dadd)
c:/siliconlabs/simplicitystudio/v2/developer/toolchains/gnu_arm/4.7_2013q1/bin/../lib/gcc/arm-none-eabi/4.7.3/armv6-m\libgcc.a(divdf3.o)
                              ./src/MPU6050.o (__aeabi_ddiv)
c:/siliconlabs/simplicitystudio/v2/developer/toolchains/gnu_arm/4.7_2013q1/bin/../lib/gcc/arm-none-eabi/4.7.3/armv6-m\libgcc.a(fixdfsi.o)
                              ./src/MPU6050.o (__aeabi_d2iz)
c:/siliconlabs/simplicitystudio/v2/developer/toolchains/gnu_arm/4.7_2013q1/bin/../lib/gcc/arm-none-eabi/4.7.3/armv6-m\libgcc.a(floatsidf.o)
                              ./src/MPU6050.o (__aeabi_i2d)
c:/siliconlabs/simplicitystudio/v2/developer/toolchains/gnu_arm/4.7_2013q1/bin/../lib/gcc/arm-none-eabi/4.7.3/armv6-m\libgcc.a(_clzsi2.o)
                              c:/siliconlabs/simplicitystudio/v2/developer/toolchains/gnu_arm/4.7_2013q1/bin/../lib/gcc/arm-none-eabi/4.7.3/armv6-m\libgcc.a(adddf3.o) (__clzsi2)
c:/siliconlabs/simplicitystudio/v2/developer/toolchains/gnu_arm/4.7_2013q1/bin/../lib/gcc/arm-none-eabi/4.7.3/../../../../arm-none-eabi/lib/armv6-m\libc_s.a(lib_a-__atexit2.o)
                              c:/siliconlabs/simplicitystudio/v2/developer/toolchains/gnu_arm/4.7_2013q1/bin/../lib/gcc/arm-none-eabi/4.7.3/../../../../arm-none-eabi/lib/armv6-m/crt0.o (__register_exitproc)
c:/siliconlabs/simplicitystudio/v2/developer/toolchains/gnu_arm/4.7_2013q1/bin/../lib/gcc/arm-none-eabi/4.7.3/../../../../arm-none-eabi/lib/armv6-m\libc_s.a(lib_a-ctype_.o)
                              ./Drivers/textdisplay.o (__ctype_ptr__)
c:/siliconlabs/simplicitystudio/v2/developer/toolchains/gnu_arm/4.7_2013q1/bin/../lib/gcc/arm-none-eabi/4.7.3/../../../../arm-none-eabi/lib/armv6-m\libc_s.a(lib_a-exit.o)
                              c:/siliconlabs/simplicitystudio/v2/developer/toolchains/gnu_arm/4.7_2013q1/bin/../lib/gcc/arm-none-eabi/4.7.3/../../../../arm-none-eabi/lib/armv6-m/crt0.o (exit)
c:/siliconlabs/simplicitystudio/v2/developer/toolchains/gnu_arm/4.7_2013q1/bin/../lib/gcc/arm-none-eabi/4.7.3/../../../../arm-none-eabi/lib/armv6-m\libc_s.a(lib_a-fileno.o)
                              ./Drivers/retargetio.o (fileno)
c:/siliconlabs/simplicitystudio/v2/developer/toolchains/gnu_arm/4.7_2013q1/bin/../lib/gcc/arm-none-eabi/4.7.3/../../../../arm-none-eabi/lib/armv6-m\libc_s.a(lib_a-findfp.o)
                              c:/siliconlabs/simplicitystudio/v2/developer/toolchains/gnu_arm/4.7_2013q1/bin/../lib/gcc/arm-none-eabi/4.7.3/../../../../arm-none-eabi/lib/armv6-m\libc_s.a(lib_a-fileno.o) (__sinit)
c:/siliconlabs/simplicitystudio/v2/developer/toolchains/gnu_arm/4.7_2013q1/bin/../lib/gcc/arm-none-eabi/4.7.3/../../../../arm-none-eabi/lib/armv6-m\libc_s.a(lib_a-fini.o)
                              c:/siliconlabs/simplicitystudio/v2/developer/toolchains/gnu_arm/4.7_2013q1/bin/../lib/gcc/arm-none-eabi/4.7.3/../../../../arm-none-eabi/lib/armv6-m/crt0.o (__libc_fini_array)
c:/siliconlabs/simplicitystudio/v2/developer/toolchains/gnu_arm/4.7_2013q1/bin/../lib/gcc/arm-none-eabi/4.7.3/../../../../arm-none-eabi/lib/armv6-m\libc_s.a(lib_a-fwalk.o)
                              c:/siliconlabs/simplicitystudio/v2/developer/toolchains/gnu_arm/4.7_2013q1/bin/../lib/gcc/arm-none-eabi/4.7.3/../../../../arm-none-eabi/lib/armv6-m\libc_s.a(lib_a-findfp.o) (_fwalk)
c:/siliconlabs/simplicitystudio/v2/developer/toolchains/gnu_arm/4.7_2013q1/bin/../lib/gcc/arm-none-eabi/4.7.3/../../../../arm-none-eabi/lib/armv6-m\libc_s.a(lib_a-impure.o)
                              c:/siliconlabs/simplicitystudio/v2/developer/toolchains/gnu_arm/4.7_2013q1/bin/../lib/gcc/arm-none-eabi/4.7.3/../../../../arm-none-eabi/lib/armv6-m\libc_s.a(lib_a-exit.o) (_global_impure_ptr)
c:/siliconlabs/simplicitystudio/v2/developer/toolchains/gnu_arm/4.7_2013q1/bin/../lib/gcc/arm-none-eabi/4.7.3/../../../../arm-none-eabi/lib/armv6-m\libc_s.a(lib_a-init.o)
                              c:/siliconlabs/simplicitystudio/v2/developer/toolchains/gnu_arm/4.7_2013q1/bin/../lib/gcc/arm-none-eabi/4.7.3/../../../../arm-none-eabi/lib/armv6-m/crt0.o (__libc_init_array)
c:/siliconlabs/simplicitystudio/v2/developer/toolchains/gnu_arm/4.7_2013q1/bin/../lib/gcc/arm-none-eabi/4.7.3/../../../../arm-none-eabi/lib/armv6-m\libc_s.a(lib_a-mallocr.o)
[...]
Memory Configuration

Name             Origin             Length             Attributes
FLASH            0x00000000         0x00008000         xr
RAM              0x20000000         0x00001000         xrw
*default*        0x00000000         0xffffffff

Linker script and memory map

LOAD c:/siliconlabs/simplicitystudio/v2/developer/toolchains/gnu_arm/4.7_2013q1/bin/../lib/gcc/arm-none-eabi/4.7.3/armv6-m/crti.o
LOAD c:/siliconlabs/simplicitystudio/v2/developer/toolchains/gnu_arm/4.7_2013q1/bin/../lib/gcc/arm-none-eabi/4.7.3/armv6-m/crtbegin.o
LOAD c:/siliconlabs/simplicitystudio/v2/developer/toolchains/gnu_arm/4.7_2013q1/bin/../lib/gcc/arm-none-eabi/4.7.3/../../../../arm-none-eabi/lib/armv6-m/crt0.o
LOAD ./src/I2C.o
LOAD ./src/MPU6050.o
LOAD ./src/main.o
LOAD ./emlib/em_assert.o
LOAD ./emlib/em_cmu.o
LOAD ./emlib/em_ebi.o
LOAD ./emlib/em_emu.o
LOAD ./emlib/em_gpio.o
LOAD ./emlib/em_i2c.o
LOAD ./emlib/em_int.o
LOAD ./emlib/em_lcd.o
LOAD ./emlib/em_rtc.o
LOAD ./emlib/em_system.o
LOAD ./emlib/em_usart.o
LOAD ./Drivers/display.o
LOAD ./Drivers/displayls013b7dh03.o
LOAD ./Drivers/displaypalemlib.o
LOAD ./Drivers/retargetio.o
LOAD ./Drivers/retargettextdisplay.o
LOAD ./Drivers/textdisplay.o
LOAD ./Drivers/udelay.o
LOAD ./CMSIS/efm32zg/startup_gcc_efm32zg.o
LOAD ./CMSIS/efm32zg/system_efm32zg.o
LOAD ./BSP/bsp_bcc.o
LOAD ./BSP/bsp_stk.o
LOAD ./BSP/bsp_stk_leds.o
START GROUP
LOAD c:/siliconlabs/simplicitystudio/v2/developer/toolchains/gnu_arm/4.7_2013q1/bin/../lib/gcc/arm-none-eabi/4.7.3/armv6-m\libgcc.a
LOAD c:/siliconlabs/simplicitystudio/v2/developer/toolchains/gnu_arm/4.7_2013q1/bin/../lib/gcc/arm-none-eabi/4.7.3/../../../../arm-none-eabi/lib/armv6-m\libc_s.a
LOAD c:/siliconlabs/simplicitystudio/v2/developer/toolchains/gnu_arm/4.7_2013q1/bin/../lib/gcc/arm-none-eabi/4.7.3/../../../../arm-none-eabi/lib/armv6-m\libnosys.a
END GROUP
START GROUP
LOAD c:/siliconlabs/simplicitystudio/v2/developer/toolchains/gnu_arm/4.7_2013q1/bin/../lib/gcc/arm-none-eabi/4.7.3/armv6-m\libgcc.a
LOAD c:/siliconlabs/simplicitystudio/v2/developer/toolchains/gnu_arm/4.7_2013q1/bin/../lib/gcc/arm-none-eabi/4.7.3/../../../../arm-none-eabi/lib/armv6-m\libc_s.a
END GROUP
LOAD c:/siliconlabs/simplicitystudio/v2/developer/toolchains/gnu_arm/4.7_2013q1/bin/../lib/gcc/arm-none-eabi/4.7.3/armv6-m/crtend.o
LOAD c:/siliconlabs/simplicitystudio/v2/developer/toolchains/gnu_arm/4.7_2013q1/bin/../lib/gcc/arm-none-eabi/4.7.3/armv6-m/crtn.o

.text           0x00000000     0x65d4
 *(.isr_vector)
 .isr_vector    0x00000000      0x100 ./CMSIS/efm32zg/startup_gcc_efm32zg.o
                0x00000000                __isr_vector
 *(.text*)
 .text          0x00000100       0x60 c:/siliconlabs/simplicitystudio/v2/developer/toolchains/gnu_arm/4.7_2013q1/bin/../lib/gcc/arm-none-eabi/4.7.3/armv6-m/crtbegin.o
 .text          0x00000160       0x74 c:/siliconlabs/simplicitystudio/v2/developer/toolchains/gnu_arm/4.7_2013q1/bin/../lib/gcc/arm-none-eabi/4.7.3/../../../../arm-none-eabi/lib/armv6-m/crt0.o
                0x00000160                _start
                0x00000160                start
                0x00000160                _mainCRTStartup
 .text.I2C0_IRQHandler
                0x000001d4       0x18 ./src/I2C.o
                0x000001d4                I2C0_IRQHandler
 .text.I2C_Setup
                0x000001ec       0x78 ./src/I2C.o
                0x000001ec                I2C_Setup
 .text.I2C_RegisterSet
                0x00000264       0x40 ./src/I2C.o
                0x00000264                I2C_RegisterSet
 .text.I2C_RegisterGet
                0x000002a4       0x44 ./src/I2C.o
                0x000002a4                I2C_RegisterGet
 .text.Setup_MPU6050
                0x000002e8      0x210 ./src/MPU6050.o
                0x000002e8                Setup_MPU6050
 .text.MPU6050_Test_I2C
                0x000004f8       0x44 ./src/MPU6050.o
                0x000004f8                MPU6050_Test_I2C
 .text.MPU6050_Check_Registers
                0x0000053c      0x6b8 ./src/MPU6050.o
                0x0000053c                MPU6050_Check_Registers
 *fill*         0x00000bf4        0x4 00
 .text.Calibrate_Gyros
                0x00000bf8      0x1e8 ./src/MPU6050.o
                0x00000bf8                Calibrate_Gyros
 .text.Calibrate_Acc
                0x00000de0      0x1e8 ./src/MPU6050.o
                0x00000de0                Calibrate_Acc
 .text.Get_Accel_Values
                0x00000fc8      0x128 ./src/MPU6050.o
                0x00000fc8                Get_Accel_Values
 .text.Get_Gyro_Rates
                0x000010f0      0x118 ./src/MPU6050.o
                0x000010f0                Get_Gyro_Rates
 .text.SysTick_Handler
                0x00001208       0x10 ./src/main.o
                0x00001208                SysTick_Handler
 .text.startup.main
                0x00001218       0xb4 ./src/main.o
                0x00001218                main
 .text.assertEFM
                0x000012cc        0x4 ./emlib/em_assert.o
                0x000012cc                assertEFM
 .text.CMU_ClockDivGet
                0x000012d0       0x98 ./emlib/em_cmu.o
                0x000012d0                CMU_ClockDivGet
 .text.CMU_ClockDivSet
                0x00001368      0x22c ./emlib/em_cmu.o
                0x00001368                CMU_ClockDivSet
 .text.CMU_ClockEnable
                0x00001594       0x88 ./emlib/em_cmu.o
                0x00001594                CMU_ClockEnable
 .text.CMU_ClockFreqGet
                0x0000161c      0x1c8 ./emlib/em_cmu.o
                0x0000161c                CMU_ClockFreqGet
 .text.CMU_ClockSelectGet
                0x000017e4       0xa8 ./emlib/em_cmu.o
                0x000017e4                CMU_ClockSelectGet
 .text.CMU_ClockSelectSet
                0x0000188c      0x188 ./emlib/em_cmu.o
                0x0000188c                CMU_ClockSelectSet
 .text.CMU_OscillatorEnable
                0x00001a14       0x70 ./emlib/em_cmu.o
                0x00001a14                CMU_OscillatorEnable
 .text.EMU_UpdateOscConfig
                0x00001a84       0x14 ./emlib/em_emu.o
                0x00001a84                EMU_UpdateOscConfig
 .text.GPIO_PinModeSet
                0x00001a98       0xd4 ./emlib/em_gpio.o
                0x00001a98                GPIO_PinModeSet
 .text.I2C_Init
                0x00001b6c       0xb8 ./emlib/em_i2c.o
                0x00001b6c                I2C_Init
 .text.I2C_Transfer
                0x00001c24      0x314 ./emlib/em_i2c.o
                0x00001c24                I2C_Transfer
 .text.I2C_TransferInit
                0x00001f38       0x98 ./emlib/em_i2c.o
                0x00001f38                I2C_TransferInit
 .text.RTC_CompareSet
                0x00001fd0       0x38 ./emlib/em_rtc.o
                0x00001fd0                RTC_CompareSet
 .text.RTC_Enable
                0x00002008       0x14 ./emlib/em_rtc.o
                0x00002008                RTC_Enable
 .text.RTC_FreezeEnable
                0x0000201c       0x18 ./emlib/em_rtc.o
                0x0000201c                RTC_FreezeEnable
 .text.RTC_Init
                0x00002034       0x24 ./emlib/em_rtc.o
                0x00002034                RTC_Init
 .text.USART_InitSync
                0x00002058      0x118 ./emlib/em_usart.o
                0x00002058                USART_InitSync
 .text.USART_Tx
                0x00002170       0x10 ./emlib/em_usart.o
                0x00002170                USART_Tx
 .text.USART_TxDouble
                0x00002180       0x10 ./emlib/em_usart.o
                0x00002180                USART_TxDouble
 .text.DISPLAY_Init
                0x00002190       0x34 ./Drivers/display.o
                0x00002190                DISPLAY_Init
 .text.DISPLAY_DeviceGet
                0x000021c4       0x3c ./Drivers/display.o
                0x000021c4                DISPLAY_DeviceGet
 .text.DISPLAY_DeviceRegister
                0x00002200       0x48 ./Drivers/display.o
                0x00002200                DISPLAY_DeviceRegister
 .text.PixelMatrixAllocate
                0x00002248       0x3c ./Drivers/displayls013b7dh03.o
 .text.PixelMatrixFree
                0x00002284        0x8 ./Drivers/displayls013b7dh03.o
 .text.DriverRefresh
                0x0000228c       0x10 ./Drivers/displayls013b7dh03.o
 .text.PixelMatrixDraw
                0x0000229c       0xac ./Drivers/displayls013b7dh03.o
 .text.PixelMatrixClear
                0x00002348       0x24 ./Drivers/displayls013b7dh03.o
 .text.DisplayEnable
                0x0000236c       0x2c ./Drivers/displayls013b7dh03.o
 .text.DISPLAY_Ls013b7dh03Init
                0x00002398       0xf8 ./Drivers/displayls013b7dh03.o
                0x00002398                DISPLAY_Ls013b7dh03Init
 .text.PAL_SpiInit
                0x00002490       0x4c ./Drivers/displaypalemlib.o
                0x00002490                PAL_SpiInit
 .text.PAL_SpiTransmit
                0x000024dc       0x40 ./Drivers/displaypalemlib.o
                0x000024dc                PAL_SpiTransmit
 .text.PAL_TimerInit
                0x0000251c        0xc ./Drivers/displaypalemlib.o
                0x0000251c                PAL_TimerInit
 .text.PAL_TimerMicroSecondsDelay
                0x00002528        0xc ./Drivers/displaypalemlib.o
                0x00002528                PAL_TimerMicroSecondsDelay
 .text.PAL_GpioInit
                0x00002534       0x14 ./Drivers/displaypalemlib.o
                0x00002534                PAL_GpioInit
 .text.PAL_GpioPinModeSet
                0x00002548       0x1c ./Drivers/displaypalemlib.o
                0x00002548                PAL_GpioPinModeSet
 .text.PAL_GpioPinOutSet
                0x00002564       0x40 ./Drivers/displaypalemlib.o
                0x00002564                PAL_GpioPinOutSet
 .text.PAL_GpioPinOutClear
                0x000025a4       0x40 ./Drivers/displaypalemlib.o
                0x000025a4                PAL_GpioPinOutClear
 .text.PAL_GpioPinAutoToggle
                0x000025e4       0xb4 ./Drivers/displaypalemlib.o
                0x000025e4                PAL_GpioPinAutoToggle
 .text.RTC_IRQHandler
                0x00002698       0x54 ./Drivers/displaypalemlib.o
                0x00002698                RTC_IRQHandler
 .text._close   0x000026ec        0x4 ./Drivers/retargetio.o
                0x000026ec                _close
 .text._exit    0x000026f0        0x4 ./Drivers/retargetio.o
                0x000026f0                _exit
 .text._fstat   0x000026f4        0xc ./Drivers/retargetio.o
                0x000026f4                _fstat
 .text._isatty  0x00002700        0x4 ./Drivers/retargetio.o
                0x00002700                _isatty
 .text._lseek   0x00002704        0x4 ./Drivers/retargetio.o
                0x00002704                _lseek
 .text._read    0x00002708       0x2c ./Drivers/retargetio.o
                0x00002708                _read
 .text._write   0x00002734       0x1c ./Drivers/retargetio.o
                0x00002734                _write
 .text._sbrk    0x00002750       0x54 ./Drivers/retargetio.o
                0x00002750                _sbrk
 .text.RETARGET_TextDisplayInit
                0x000027a4       0x44 ./Drivers/retargettextdisplay.o
                0x000027a4                RETARGET_TextDisplayInit
 .text.RETARGET_ReadChar
                0x000027e8        0x8 ./Drivers/retargettextdisplay.o
                0x000027e8                RETARGET_ReadChar
 .text.RETARGET_WriteChar
                0x000027f0       0x20 ./Drivers/retargettextdisplay.o
                0x000027f0                RETARGET_WriteChar
 .text.TextdisplayLineDraw
                0x00002810      0x2b8 ./Drivers/textdisplay.o
 .text.TextdisplayUpdate
                0x00002ac8       0xb4 ./Drivers/textdisplay.o
 .text.TextdisplayEscapeSequence
                0x00002b7c      0x190 ./Drivers/textdisplay.o
 .text.TextdisplayCharAdd
                0x00002d0c      0x180 ./Drivers/textdisplay.o
 .text.TEXTDISPLAY_New
                0x00002e8c      0x134 ./Drivers/textdisplay.o
                0x00002e8c                TEXTDISPLAY_New
 .text.TEXTDISPLAY_WriteChar
                0x00002fc0       0xa8 ./Drivers/textdisplay.o
                0x00002fc0                TEXTDISPLAY_WriteChar
 .text.UDELAY_Calibrate
                0x00003068      0x1f8 ./Drivers/udelay.o
                0x00003068                UDELAY_Calibrate
 .text.UDELAY_Delay
                0x00003260       0x20 ./Drivers/udelay.o
                0x00003260                UDELAY_Delay
 .text          0x00003280       0x60 ./CMSIS/efm32zg/startup_gcc_efm32zg.o
                0x00003280                Reset_Handler
                0x000032b0                Default_Handler
                0x000032b2                NMI_Handler
                0x000032b4                HardFault_Handler
                0x000032b6                SVC_Handler
                0x000032b8                PendSV_Handler
                0x000032bc                DMA_IRQHandler
                0x000032be                GPIO_EVEN_IRQHandler
                0x000032c0                TIMER0_IRQHandler
                0x000032c2                ACMP0_IRQHandler
                0x000032c4                ADC0_IRQHandler
                0x000032c8                GPIO_ODD_IRQHandler
                0x000032ca                TIMER1_IRQHandler
                0x000032cc                USART1_RX_IRQHandler
                0x000032ce                USART1_TX_IRQHandler
                0x000032d0                LEUART0_IRQHandler
                0x000032d2                PCNT0_IRQHandler
                0x000032d6                CMU_IRQHandler
                0x000032d8                VCMP_IRQHandler
                0x000032da                MSC_IRQHandler
                0x000032dc                AES_IRQHandler
 .text.SystemCoreClockGet
                0x000032e0       0xb0 ./CMSIS/efm32zg/system_efm32zg.o
                0x000032e0                SystemCoreClockGet
 .text.SystemHFClockGet
                0x00003390       0x9c ./CMSIS/efm32zg/system_efm32zg.o
                0x00003390                SystemHFClockGet
 .text.SystemInit
                0x0000342c        0x4 ./CMSIS/efm32zg/system_efm32zg.o
                0x0000342c                SystemInit
 .text.SystemLFRCOClockGet
                0x00003430        0x8 ./CMSIS/efm32zg/system_efm32zg.o
                0x00003430                SystemLFRCOClockGet
 .text.SystemULFRCOClockGet
                0x00003438        0x8 ./CMSIS/efm32zg/system_efm32zg.o
                0x00003438                SystemULFRCOClockGet
 .text.SystemLFXOClockGet
                0x00003440        0xc ./CMSIS/efm32zg/system_efm32zg.o
                0x00003440                SystemLFXOClockGet
 .text          0x0000344c       0x9c c:/siliconlabs/simplicitystudio/v2/developer/toolchains/gnu_arm/4.7_2013q1/bin/../lib/gcc/arm-none-eabi/4.7.3/armv6-m\libgcc.a(_udivsi3.o)
                0x0000344c                __aeabi_uidiv
                0x0000344c                __udivsi3
                0x000034d4                __aeabi_uidivmod
 .text          0x000034e8        0x4 c:/siliconlabs/simplicitystudio/v2/developer/toolchains/gnu_arm/4.7_2013q1/bin/../lib/gcc/arm-none-eabi/4.7.3/armv6-m\libgcc.a(_dvmd_tls.o)
                0x000034e8                __aeabi_idiv0
                0x000034e8                __aeabi_ldiv0
 .text          0x000034ec      0x760 c:/siliconlabs/simplicitystudio/v2/developer/toolchains/gnu_arm/4.7_2013q1/bin/../lib/gcc/arm-none-eabi/4.7.3/armv6-m\libgcc.a(adddf3.o)
                0x000034ec                __aeabi_dadd
 .text          0x00003c4c      0x5b8 c:/siliconlabs/simplicitystudio/v2/developer/toolchains/gnu_arm/4.7_2013q1/bin/../lib/gcc/arm-none-eabi/4.7.3/armv6-m\libgcc.a(divdf3.o)
                0x00003c4c                __aeabi_ddiv
 .text          0x00004204       0x68 c:/siliconlabs/simplicitystudio/v2/developer/toolchains/gnu_arm/4.7_2013q1/bin/../lib/gcc/arm-none-eabi/4.7.3/armv6-m\libgcc.a(fixdfsi.o)
                0x00004204                __aeabi_d2iz
 .text          0x0000426c       0x74 c:/siliconlabs/simplicitystudio/v2/developer/toolchains/gnu_arm/4.7_2013q1/bin/../lib/gcc/arm-none-eabi/4.7.3/armv6-m\libgcc.a(floatsidf.o)
                0x0000426c                __aeabi_i2d
 .text          0x000042e0       0x3c c:/siliconlabs/simplicitystudio/v2/developer/toolchains/gnu_arm/4.7_2013q1/bin/../lib/gcc/arm-none-eabi/4.7.3/armv6-m\libgcc.a(_clzsi2.o)
                0x000042e0                __clzsi2
 .text.__register_exitproc
                0x0000431c       0x18 c:/siliconlabs/simplicitystudio/v2/developer/toolchains/gnu_arm/4.7_2013q1/bin/../lib/gcc/arm-none-eabi/4.7.3/../../../../arm-none-eabi/lib/armv6-m\libc_s.a(lib_a-__atexit2.o)
                0x0000431c                __register_exitproc
 .text.exit     0x00004334       0x30 c:/siliconlabs/simplicitystudio/v2/developer/toolchains/gnu_arm/4.7_2013q1/bin/../lib/gcc/arm-none-eabi/4.7.3/../../../../arm-none-eabi/lib/armv6-m\libc_s.a(lib_a-exit.o)
                0x00004334                exit
 .text.fileno   0x00004364       0x50 c:/siliconlabs/simplicitystudio/v2/developer/toolchains/gnu_arm/4.7_2013q1/bin/../lib/gcc/arm-none-eabi/4.7.3/../../../../arm-none-eabi/lib/armv6-m\libc_s.a(lib_a-fileno.o)
                0x00004364                fileno
 .text._cleanup_r
                0x000043b4       0x36 c:/siliconlabs/simplicitystudio/v2/developer/toolchains/gnu_arm/4.7_2013q1/bin/../lib/gcc/arm-none-eabi/4.7.3/../../../../arm-none-eabi/lib/armv6-m\libc_s.a(lib_a-findfp.o)
                0x000043b4                _cleanup_r
 *fill*         0x000043ea        0x2 00
 .text.std.isra.0
                0x000043ec       0x48 c:/siliconlabs/simplicitystudio/v2/developer/toolchains/gnu_arm/4.7_2013q1/bin/../lib/gcc/arm-none-eabi/4.7.3/../../../../arm-none-eabi/lib/armv6-m\libc_s.a(lib_a-findfp.o)
 .text.__sfmoreglue
                0x00004434       0x28 c:/siliconlabs/simplicitystudio/v2/developer/toolchains/gnu_arm/4.7_2013q1/bin/../lib/gcc/arm-none-eabi/4.7.3/../../../../arm-none-eabi/lib/armv6-m\libc_s.a(lib_a-findfp.o)
                0x00004434                __sfmoreglue
 .text.__sinit  0x0000445c       0x54 c:/siliconlabs/simplicitystudio/v2/developer/toolchains/gnu_arm/4.7_2013q1/bin/../lib/gcc/arm-none-eabi/4.7.3/../../../../arm-none-eabi/lib/armv6-m\libc_s.a(lib_a-findfp.o)
                0x0000445c                __sinit
 .text.__sfp    0x000044b0       0x80 c:/siliconlabs/simplicitystudio/v2/developer/toolchains/gnu_arm/4.7_2013q1/bin/../lib/gcc/arm-none-eabi/4.7.3/../../../../arm-none-eabi/lib/armv6-m\libc_s.a(lib_a-findfp.o)
                0x000044b0                __sfp
 .text.__libc_fini_array
                0x00004530       0x2c c:/siliconlabs/simplicitystudio/v2/developer/toolchains/gnu_arm/4.7_2013q1/bin/../lib/gcc/arm-none-eabi/4.7.3/../../../../arm-none-eabi/lib/armv6-m\libc_s.a(lib_a-fini.o)
                0x00004530                __libc_fini_array
 .text.__libc_init_array
                0x0000455c       0x4c c:/siliconlabs/simplicitystudio/v2/developer/toolchains/gnu_arm/4.7_2013q1/bin/../lib/gcc/arm-none-eabi/4.7.3/../../../../arm-none-eabi/lib/armv6-m\libc_s.a(lib_a-init.o)
                0x0000455c                __libc_init_array
 .text._malloc_r
                0x000045a8       0x94 c:/siliconlabs/simplicitystudio/v2/developer/toolchains/gnu_arm/4.7_2013q1/bin/../lib/gcc/arm-none-eabi/4.7.3/../../../../arm-none-eabi/lib/armv6-m\libc_s.a(lib_a-mallocr.o)
                0x000045a8                _malloc_r
 .text.memcpy   0x0000463c       0x12 c:/siliconlabs/simplicitystudio/v2/developer/toolchains/gnu_arm/4.7_2013q1/bin/../lib/gcc/arm-none-eabi/4.7.3/../../../../arm-none-eabi/lib/armv6-m\libc_s.a(lib_a-memcpy.o)
                0x0000463c                memcpy
 .text.memset   0x0000464e       0x12 c:/siliconlabs/simplicitystudio/v2/developer/toolchains/gnu_arm/4.7_2013q1/bin/../lib/gcc/arm-none-eabi/4.7.3/../../../../arm-none-eabi/lib/armv6-m\libc_s.a(lib_a-memset.o)
                0x0000464e                memset
 .text.printf   0x00004660       0x34 c:/siliconlabs/simplicitystudio/v2/developer/toolchains/gnu_arm/4.7_2013q1/bin/../lib/gcc/arm-none-eabi/4.7.3/../../../../arm-none-eabi/lib/armv6-m\libc_s.a(lib_a-printf.o)
                0x00004660                iprintf
                0x00004660                printf
 .text._sbrk_r  0x00004694       0x24 c:/siliconlabs/simplicitystudio/v2/developer/toolchains/gnu_arm/4.7_2013q1/bin/../lib/gcc/arm-none-eabi/4.7.3/../../../../arm-none-eabi/lib/armv6-m\libc_s.a(lib_a-sbrkr.o)
                0x00004694                _sbrk_r
 .text.setvbuf  0x000046b8      0x110 c:/siliconlabs/simplicitystudio/v2/developer/toolchains/gnu_arm/4.7_2013q1/bin/../lib/gcc/arm-none-eabi/4.7.3/../../../../arm-none-eabi/lib/armv6-m\libc_s.a(lib_a-setvbuf.o)
                0x000046b8                setvbuf
 .text.__sread  0x000047c8       0x28 c:/siliconlabs/simplicitystudio/v2/developer/toolchains/gnu_arm/4.7_2013q1/bin/../lib/gcc/arm-none-eabi/4.7.3/../../../../arm-none-eabi/lib/armv6-m\libc_s.a(lib_a-stdio.o)
                0x000047c8                __sread
 .text.__swrite
                0x000047f0       0x38 c:/siliconlabs/simplicitystudio/v2/developer/toolchains/gnu_arm/4.7_2013q1/bin/../lib/gcc/arm-none-eabi/4.7.3/../../../../arm-none-eabi/lib/armv6-m\libc_s.a(lib_a-stdio.o)
                0x000047f0                __swrite
 .text.__sseek  0x00004828       0x2c c:/siliconlabs/simplicitystudio/v2/developer/toolchains/gnu_arm/4.7_2013q1/bin/../lib/gcc/arm-none-eabi/4.7.3/../../../../arm-none-eabi/lib/armv6-m\libc_s.a(lib_a-stdio.o)
                0x00004828                __sseek
 .text.__sclose
                0x00004854        0xc c:/siliconlabs/simplicitystudio/v2/developer/toolchains/gnu_arm/4.7_2013q1/bin/../lib/gcc/arm-none-eabi/4.7.3/../../../../arm-none-eabi/lib/armv6-m\libc_s.a(lib_a-stdio.o)
                0x00004854                __sclose
 .text.strlen   0x00004860        0xe c:/siliconlabs/simplicitystudio/v2/developer/toolchains/gnu_arm/4.7_2013q1/bin/../lib/gcc/arm-none-eabi/4.7.3/../../../../arm-none-eabi/lib/armv6-m\libc_s.a(lib_a-strlen.o)
                0x00004860                strlen
 .text.strncmp  0x0000486e       0x30 c:/siliconlabs/simplicitystudio/v2/developer/toolchains/gnu_arm/4.7_2013q1/bin/../lib/gcc/arm-none-eabi/4.7.3/../../../../arm-none-eabi/lib/armv6-m\libc_s.a(lib_a-strncmp.o)
                0x0000486e                strncmp
 .text.__sfputc_r
                0x0000489e       0x2a c:/siliconlabs/simplicitystudio/v2/developer/toolchains/gnu_arm/4.7_2013q1/bin/../lib/gcc/arm-none-eabi/4.7.3/../../../../arm-none-eabi/lib/armv6-m\libc_s.a(lib_a-vfprintf.o)
                0x0000489e                __sfputc_r
 .text._vfprintf_r
                0x000048c8      0x23c c:/siliconlabs/simplicitystudio/v2/developer/toolchains/gnu_arm/4.7_2013q1/bin/../lib/gcc/arm-none-eabi/4.7.3/../../../../arm-none-eabi/lib/armv6-m\libc_s.a(lib_a-vfprintf.o)
                0x000048c8                _vfprintf_r
                0x000048c8                _vfiprintf_r
 .text._printf_common
                0x00004b04       0xe0 c:/siliconlabs/simplicitystudio/v2/developer/toolchains/gnu_arm/4.7_2013q1/bin/../lib/gcc/arm-none-eabi/4.7.3/../../../../arm-none-eabi/lib/armv6-m\libc_s.a(lib_a-vfprintf_i.o)
                0x00004b04                _printf_common
 .text._printf_i
                0x00004be4      0x234 c:/siliconlabs/simplicitystudio/v2/developer/toolchains/gnu_arm/4.7_2013q1/bin/../lib/gcc/arm-none-eabi/4.7.3/../../../../arm-none-eabi/lib/armv6-m\libc_s.a(lib_a-vfprintf_i.o)
                0x00004be4                _printf_i
 .text.__swbuf_r
                0x00004e18       0xbc c:/siliconlabs/simplicitystudio/v2/developer/toolchains/gnu_arm/4.7_2013q1/bin/../lib/gcc/arm-none-eabi/4.7.3/../../../../arm-none-eabi/lib/armv6-m\libc_s.a(lib_a-wbuf.o)
                0x00004e18                __swbuf_r
 .text._write_r
                0x00004ed4       0x28 c:/siliconlabs/simplicitystudio/v2/developer/toolchains/gnu_arm/4.7_2013q1/bin/../lib/gcc/arm-none-eabi/4.7.3/../../../../arm-none-eabi/lib/armv6-m\libc_s.a(lib_a-writer.o)
                0x00004ed4                _write_r
 .text.__swsetup_r
                0x00004efc       0xd8 c:/siliconlabs/simplicitystudio/v2/developer/toolchains/gnu_arm/4.7_2013q1/bin/../lib/gcc/arm-none-eabi/4.7.3/../../../../arm-none-eabi/lib/armv6-m\libc_s.a(lib_a-wsetup.o)
                0x00004efc                __swsetup_r
 .text._close_r
                0x00004fd4       0x24 c:/siliconlabs/simplicitystudio/v2/developer/toolchains/gnu_arm/4.7_2013q1/bin/../lib/gcc/arm-none-eabi/4.7.3/../../../../arm-none-eabi/lib/armv6-m\libc_s.a(lib_a-closer.o)
                0x00004fd4                _close_r
 .text._fflush_r
                0x00004ff8      0x154 c:/siliconlabs/simplicitystudio/v2/developer/toolchains/gnu_arm/4.7_2013q1/bin/../lib/gcc/arm-none-eabi/4.7.3/../../../../arm-none-eabi/lib/armv6-m\libc_s.a(lib_a-fflush.o)
                0x00004ff8                _fflush_r
 .text._free_r  0x0000514c       0x90 c:/siliconlabs/simplicitystudio/v2/developer/toolchains/gnu_arm/4.7_2013q1/bin/../lib/gcc/arm-none-eabi/4.7.3/../../../../arm-none-eabi/lib/armv6-m\libc_s.a(lib_a-freer.o)
                0x0000514c                _free_r
 .text._lseek_r
                0x000051dc       0x28 c:/siliconlabs/simplicitystudio/v2/developer/toolchains/gnu_arm/4.7_2013q1/bin/../lib/gcc/arm-none-eabi/4.7.3/../../../../arm-none-eabi/lib/armv6-m\libc_s.a(lib_a-lseekr.o)
                0x000051dc                _lseek_r
 .text.__smakebuf_r
                0x00005204       0xa0 c:/siliconlabs/simplicitystudio/v2/developer/toolchains/gnu_arm/4.7_2013q1/bin/../lib/gcc/arm-none-eabi/4.7.3/../../../../arm-none-eabi/lib/armv6-m\libc_s.a(lib_a-makebuf.o)
                0x00005204                __smakebuf_r
 .text.malloc   0x000052a4       0x14 c:/siliconlabs/simplicitystudio/v2/developer/toolchains/gnu_arm/4.7_2013q1/bin/../lib/gcc/arm-none-eabi/4.7.3/../../../../arm-none-eabi/lib/armv6-m\libc_s.a(lib_a-malloc.o)
                0x000052a4                malloc
 .text.memchr   0x000052b8       0x18 c:/siliconlabs/simplicitystudio/v2/developer/toolchains/gnu_arm/4.7_2013q1/bin/../lib/gcc/arm-none-eabi/4.7.3/../../../../arm-none-eabi/lib/armv6-m\libc_s.a(lib_a-memchr.o)
                0x000052b8                memchr
 .text._read_r  0x000052d0       0x28 c:/siliconlabs/simplicitystudio/v2/developer/toolchains/gnu_arm/4.7_2013q1/bin/../lib/gcc/arm-none-eabi/4.7.3/../../../../arm-none-eabi/lib/armv6-m\libc_s.a(lib_a-readr.o)
                0x000052d0                _read_r
 .text._fstat_r
                0x000052f8       0x24 c:/siliconlabs/simplicitystudio/v2/developer/toolchains/gnu_arm/4.7_2013q1/bin/../lib/gcc/arm-none-eabi/4.7.3/../../../../arm-none-eabi/lib/armv6-m\libc_s.a(lib_a-fstatr.o)
                0x000052f8                _fstat_r
 .text._isatty_r
                0x0000531c       0x24 c:/siliconlabs/simplicitystudio/v2/developer/toolchains/gnu_arm/4.7_2013q1/bin/../lib/gcc/arm-none-eabi/4.7.3/../../../../arm-none-eabi/lib/armv6-m\libc_s.a(lib_a-isattyr.o)
                0x0000531c                _isatty_r
 *(.init)
 .init          0x00005340        0x4 c:/siliconlabs/simplicitystudio/v2/developer/toolchains/gnu_arm/4.7_2013q1/bin/../lib/gcc/arm-none-eabi/4.7.3/armv6-m/crti.o
                0x00005340                _init
 .init          0x00005344        0x8 c:/siliconlabs/simplicitystudio/v2/developer/toolchains/gnu_arm/4.7_2013q1/bin/../lib/gcc/arm-none-eabi/4.7.3/armv6-m/crtn.o
 *(.fini)
 .fini          0x0000534c        0x4 c:/siliconlabs/simplicitystudio/v2/developer/toolchains/gnu_arm/4.7_2013q1/bin/../lib/gcc/arm-none-eabi/4.7.3/armv6-m/crti.o
                0x0000534c                _fini
 .fini          0x00005350        0x8 c:/siliconlabs/simplicitystudio/v2/developer/toolchains/gnu_arm/4.7_2013q1/bin/../lib/gcc/arm-none-eabi/4.7.3/armv6-m/crtn.o
 *crtbegin.o(.ctors)
 *crtbegin?.o(.ctors)
 *(EXCLUDE_FILE(*crtend.o *crtend?.o) .ctors)
 *(SORT(.ctors.*))
 *(.ctors)
 *crtbegin.o(.dtors)
 *crtbegin?.o(.dtors)
 *(EXCLUDE_FILE(*crtend.o *crtend?.o) .dtors)
 *(SORT(.dtors.*))
 *(.dtors)
 *(.rodata*)
 .rodata        0x00005358       0x10 ./src/I2C.o
 .rodata.str1.4
                0x00005368      0xb78 ./src/MPU6050.o
 .rodata.str1.4
                0x00005ee0       0x22 ./src/main.o
                                 0x24 (size before relaxing)
 *fill*         0x00005f02        0x2 00
 .rodata.CMU_ClockEnable
                0x00005f04       0x1c ./emlib/em_cmu.o
 .rodata.CMU_ClockSelectSet
                0x00005f20       0x50 ./emlib/em_cmu.o
 .rodata.CMU_OscillatorEnable
                0x00005f70       0x18 ./emlib/em_cmu.o
 .rodata.str1.4
                0x00005f88       0x12 ./emlib/em_cmu.o
                                 0x14 (size before relaxing)
 *fill*         0x00005f9a        0x2 00
 .rodata.str1.4
                0x00005f9c       0x13 ./emlib/em_gpio.o
                                 0x14 (size before relaxing)
 *fill*         0x00005faf        0x1 00
 .rodata.I2C_Transfer
                0x00005fb0       0x24 ./emlib/em_i2c.o
 .rodata.i2cNSum
                0x00005fd4        0x4 ./emlib/em_i2c.o
 .rodata.str1.4
                0x00005fd8       0x12 ./emlib/em_i2c.o
                                 0x14 (size before relaxing)
 *fill*         0x00005fea        0x2 00
 .rodata.str1.4
                0x00005fec       0x12 ./emlib/em_rtc.o
                                 0x14 (size before relaxing)
 *fill*         0x00005ffe        0x2 00
 .rodata.str1.4
                0x00006000       0x14 ./emlib/em_usart.o
 .rodata.str1.4
                0x00006014       0x15 ./Drivers/displayls013b7dh03.o
                                 0x18 (size before relaxing)
 *fill*         0x00006029        0x3 00
 .rodata        0x0000602c       0x1c ./Drivers/displaypalemlib.o
 .rodata.str1.4
                0x00006048       0x50 ./Drivers/displaypalemlib.o
 .rodata.heaperr.8084
                0x00006098       0x1c ./Drivers/retargetio.o
 .rodata.escapeSequences.4888
                0x000060b4       0x18 ./Drivers/textdisplay.o
 .rodata.chars_6x8_bits
                0x000060cc      0x320 ./Drivers/textdisplay.o
 .rodata        0x000063ec        0x4 ./Drivers/udelay.o
 .rodata        0x000063f0       0x40 c:/siliconlabs/simplicitystudio/v2/developer/toolchains/gnu_arm/4.7_2013q1/bin/../lib/gcc/arm-none-eabi/4.7.3/armv6-m\libgcc.a(divdf3.o)
 .rodata._ctype_
                0x00006430      0x101 c:/siliconlabs/simplicitystudio/v2/developer/toolchains/gnu_arm/4.7_2013q1/bin/../lib/gcc/arm-none-eabi/4.7.3/../../../../arm-none-eabi/lib/armv6-m\libc_s.a(lib_a-ctype_.o)
                0x00006430                _ctype_
 *fill*         0x00006531        0x3 00
 .rodata.__sf_fake_stdin
                0x00006534       0x20 c:/siliconlabs/simplicitystudio/v2/developer/toolchains/gnu_arm/4.7_2013q1/bin/../lib/gcc/arm-none-eabi/4.7.3/../../../../arm-none-eabi/lib/armv6-m\libc_s.a(lib_a-findfp.o)
                0x00006534                __sf_fake_stdin
 .rodata.__sf_fake_stdout
                0x00006554       0x20 c:/siliconlabs/simplicitystudio/v2/developer/toolchains/gnu_arm/4.7_2013q1/bin/../lib/gcc/arm-none-eabi/4.7.3/../../../../arm-none-eabi/lib/armv6-m\libc_s.a(lib_a-findfp.o)
                0x00006554                __sf_fake_stdout
 .rodata.__sf_fake_stderr
                0x00006574       0x20 c:/siliconlabs/simplicitystudio/v2/developer/toolchains/gnu_arm/4.7_2013q1/bin/../lib/gcc/arm-none-eabi/4.7.3/../../../../arm-none-eabi/lib/armv6-m\libc_s.a(lib_a-findfp.o)
                0x00006574                __sf_fake_stderr
 .rodata.str1.1
                0x00006594        0x2 c:/siliconlabs/simplicitystudio/v2/developer/toolchains/gnu_arm/4.7_2013q1/bin/../lib/gcc/arm-none-eabi/4.7.3/../../../../arm-none-eabi/lib/armv6-m\libc_s.a(lib_a-impure.o)
 *fill*         0x00006596        0x2 00
 .rodata._global_impure_ptr
                0x00006598        0x4 c:/siliconlabs/simplicitystudio/v2/developer/toolchains/gnu_arm/4.7_2013q1/bin/../lib/gcc/arm-none-eabi/4.7.3/../../../../arm-none-eabi/lib/armv6-m\libc_s.a(lib_a-impure.o)
                0x00006598                _global_impure_ptr
 .rodata.str1.1
                0x0000659c       0x11 c:/siliconlabs/simplicitystudio/v2/developer/toolchains/gnu_arm/4.7_2013q1/bin/../lib/gcc/arm-none-eabi/4.7.3/../../../../arm-none-eabi/lib/armv6-m\libc_s.a(lib_a-vfprintf.o)
 .rodata.str1.1
                0x000065ad       0x22 c:/siliconlabs/simplicitystudio/v2/developer/toolchains/gnu_arm/4.7_2013q1/bin/../lib/gcc/arm-none-eabi/4.7.3/../../../../arm-none-eabi/lib/armv6-m\libc_s.a(lib_a-vfprintf_i.o)
 *(.eh_frame*)
 *fill*         0x000065cf        0x1 00
 .eh_frame      0x000065d0        0x0 c:/siliconlabs/simplicitystudio/v2/developer/toolchains/gnu_arm/4.7_2013q1/bin/../lib/gcc/arm-none-eabi/4.7.3/armv6-m/crtbegin.o
 .eh_frame      0x000065d0        0x4 c:/siliconlabs/simplicitystudio/v2/developer/toolchains/gnu_arm/4.7_2013q1/bin/../lib/gcc/arm-none-eabi/4.7.3/armv6-m/crtend.o

.glue_7         0x000065d4        0x0
 .glue_7        0x00000000        0x0 linker stubs

.glue_7t        0x000065d4        0x0
 .glue_7t       0x00000000        0x0 linker stubs

.vfp11_veneer   0x000065d4        0x0
 .vfp11_veneer  0x00000000        0x0 linker stubs

.v4_bx          0x000065d4        0x0
 .v4_bx         0x00000000        0x0 linker stubs

.iplt           0x000065d4        0x0
 .iplt          0x00000000        0x0 c:/siliconlabs/simplicitystudio/v2/developer/toolchains/gnu_arm/4.7_2013q1/bin/../lib/gcc/arm-none-eabi/4.7.3/armv6-m/crtbegin.o

.ARM.extab
 *(.ARM.extab* .gnu.linkonce.armextab.*)
                0x000065d4                __exidx_start = .

.ARM.exidx      0x000065d4        0x8
 *(.ARM.exidx* .gnu.linkonce.armexidx.*)
 .ARM.exidx     0x000065d4        0x8 c:/siliconlabs/simplicitystudio/v2/developer/toolchains/gnu_arm/4.7_2013q1/bin/../lib/gcc/arm-none-eabi/4.7.3/../../../../arm-none-eabi/lib/armv6-m/crt0.o
                0x000065dc                __exidx_end = .
                0x000065dc                __etext = .

.rel.dyn        0x000065dc        0x0
 .rel.iplt      0x00000000        0x0 c:/siliconlabs/simplicitystudio/v2/developer/toolchains/gnu_arm/4.7_2013q1/bin/../lib/gcc/arm-none-eabi/4.7.3/armv6-m/crtbegin.o

.data           0x20000000       0x98 load address 0x000065dc
                0x20000000                __data_start__ = .
 *(vtable)
 *(.data*)
 .data.GYRO_YOUT_H
                0x20000000        0x1 ./src/main.o
                0x20000000                GYRO_YOUT_H
 .data.GYRO_YOUT_L
                0x20000001        0x1 ./src/main.o
                0x20000001                GYRO_YOUT_L
 .data.ACCEL_XOUT_L
                0x20000002        0x1 ./src/main.o
                0x20000002                ACCEL_XOUT_L
 .data.GYRO_ZOUT_H
                0x20000003        0x1 ./src/main.o
                0x20000003                GYRO_ZOUT_H
 .data.GYRO_ZOUT_L
                0x20000004        0x1 ./src/main.o
                0x20000004                GYRO_ZOUT_L
 .data.ACCEL_YOUT_H
                0x20000005        0x1 ./src/main.o
                0x20000005                ACCEL_YOUT_H
 .data.ACCEL_YOUT_L
                0x20000006        0x1 ./src/main.o
                0x20000006                ACCEL_YOUT_L
 .data.ACCEL_XOUT_H
                0x20000007        0x1 ./src/main.o
                0x20000007                ACCEL_XOUT_H
 .data.GYRO_XOUT_H
                0x20000008        0x1 ./src/main.o
                0x20000008                GYRO_XOUT_H
 .data.ACCEL_ZOUT_H
                0x20000009        0x1 ./src/main.o
                0x20000009                ACCEL_ZOUT_H
 .data.ACCEL_ZOUT_L
                0x2000000a        0x1 ./src/main.o
                0x2000000a                ACCEL_ZOUT_L
 .data.GYRO_XOUT_L
                0x2000000b        0x1 ./src/main.o
                0x2000000b                GYRO_XOUT_L
 .data.pDisplayDeviceDriverInitFunctions
                0x2000000c        0x8 ./Drivers/display.o
 .data.pixelMatrixPool
                0x20000014        0x4 ./Drivers/displayls013b7dh03.o
 .data.loops_per_jiffy
                0x20000018        0x4 ./Drivers/udelay.o
                0x20000018                loops_per_jiffy
 .data.SystemLFXOClock
                0x2000001c        0x4 ./CMSIS/efm32zg/system_efm32zg.o
 .data.SystemHFXOClock
                0x20000020        0x4 ./CMSIS/efm32zg/system_efm32zg.o
 .data.__ctype_ptr__
                0x20000024        0x4 c:/siliconlabs/simplicitystudio/v2/developer/toolchains/gnu_arm/4.7_2013q1/bin/../lib/gcc/arm-none-eabi/4.7.3/../../../../arm-none-eabi/lib/armv6-m\libc_s.a(lib_a-ctype_.o)
                0x20000024                __ctype_ptr__
 .data.impure_data
                0x20000028       0x64 c:/siliconlabs/simplicitystudio/v2/developer/toolchains/gnu_arm/4.7_2013q1/bin/../lib/gcc/arm-none-eabi/4.7.3/../../../../arm-none-eabi/lib/armv6-m\libc_s.a(lib_a-impure.o)
 .data._impure_ptr
                0x2000008c        0x4 c:/siliconlabs/simplicitystudio/v2/developer/toolchains/gnu_arm/4.7_2013q1/bin/../lib/gcc/arm-none-eabi/4.7.3/../../../../arm-none-eabi/lib/armv6-m\libc_s.a(lib_a-impure.o)
                0x2000008c                _impure_ptr
                0x20000090                . = ALIGN (0x4)
 *(.ram)
                0x20000090                . = ALIGN (0x4)
                0x20000090                PROVIDE (__preinit_array_start, .)
 *(.preinit_array)
                0x20000090                PROVIDE (__preinit_array_end, .)
                0x20000090                . = ALIGN (0x4)
                0x20000090                PROVIDE (__init_array_start, .)
 *(SORT(.init_array.*))
 *(.init_array)
 .init_array    0x20000090        0x4 c:/siliconlabs/simplicitystudio/v2/developer/toolchains/gnu_arm/4.7_2013q1/bin/../lib/gcc/arm-none-eabi/4.7.3/armv6-m/crtbegin.o
                0x20000094                PROVIDE (__init_array_end, .)
                0x20000094                . = ALIGN (0x4)
                0x20000094                PROVIDE (__fini_array_start, .)
 *(SORT(.fini_array.*))
 *(.fini_array)
 .fini_array    0x20000094        0x4 c:/siliconlabs/simplicitystudio/v2/developer/toolchains/gnu_arm/4.7_2013q1/bin/../lib/gcc/arm-none-eabi/4.7.3/armv6-m/crtbegin.o
                0x20000098                PROVIDE (__fini_array_end, .)
                0x20000098                . = ALIGN (0x4)
                0x20000098                __data_end__ = .

.jcr            0x20000098        0x0 load address 0x00006674
 .jcr           0x20000098        0x0 c:/siliconlabs/simplicitystudio/v2/developer/toolchains/gnu_arm/4.7_2013q1/bin/../lib/gcc/arm-none-eabi/4.7.3/armv6-m/crtbegin.o

.igot.plt       0x20000098        0x0 load address 0x00006674
 .igot.plt      0x00000000        0x0 c:/siliconlabs/simplicitystudio/v2/developer/toolchains/gnu_arm/4.7_2013q1/bin/../lib/gcc/arm-none-eabi/4.7.3/armv6-m/crtbegin.o

.bss            0x20000098      0x354 load address 0x00006678
                0x20000098                __bss_start__ = .
 *(.bss*)
 .bss           0x20000098       0x1c c:/siliconlabs/simplicitystudio/v2/developer/toolchains/gnu_arm/4.7_2013q1/bin/../lib/gcc/arm-none-eabi/4.7.3/armv6-m/crtbegin.o
 .bss.ACC_XOUT_OFFSET
                0x200000b4        0x2 ./src/main.o
                0x200000b4                ACC_XOUT_OFFSET
 .bss.GYRO_XOUT_OFFSET
                0x200000b6        0x2 ./src/main.o
                0x200000b6                GYRO_XOUT_OFFSET
 .bss.GYRO_YOUT
                0x200000b8        0x2 ./src/main.o
                0x200000b8                GYRO_YOUT
 .bss.ACCEL_XOUT
                0x200000ba        0x2 ./src/main.o
                0x200000ba                ACCEL_XOUT
 *fill*         0x200000bc        0x4 00
 .bss.ACC_XOUT_OFFSET_1000SUM
                0x200000c0        0x8 ./src/main.o
                0x200000c0                ACC_XOUT_OFFSET_1000SUM
 .bss.GYRO_ZOUT
                0x200000c8        0x2 ./src/main.o
                0x200000c8                GYRO_ZOUT
 *fill*         0x200000ca        0x6 00
 .bss.ACC_YOUT_OFFSET_1000SUM
                0x200000d0        0x8 ./src/main.o
                0x200000d0                ACC_YOUT_OFFSET_1000SUM
 .bss.ACC_ZOUT_OFFSET
                0x200000d8        0x2 ./src/main.o
                0x200000d8                ACC_ZOUT_OFFSET
 .bss.ACCEL_YOUT
                0x200000da        0x2 ./src/main.o
                0x200000da                ACCEL_YOUT
 *fill*         0x200000dc        0x4 00
 .bss.ACC_ZOUT_OFFSET_1000SUM
                0x200000e0        0x8 ./src/main.o
                0x200000e0                ACC_ZOUT_OFFSET_1000SUM
 .bss.ACCEL_ZOUT
                0x200000e8        0x2 ./src/main.o
                0x200000e8                ACCEL_ZOUT
 *fill*         0x200000ea        0x6 00
 .bss.GYRO_XOUT_OFFSET_1000SUM
                0x200000f0        0x8 ./src/main.o
                0x200000f0                GYRO_XOUT_OFFSET_1000SUM
 .bss.GYRO_YOUT_OFFSET_1000SUM
                0x200000f8        0x8 ./src/main.o
                0x200000f8                GYRO_YOUT_OFFSET_1000SUM
 .bss.ACC_YOUT_OFFSET
                0x20000100        0x2 ./src/main.o
                0x20000100                ACC_YOUT_OFFSET
 *fill*         0x20000102        0x6 00
 .bss.GYRO_ZOUT_OFFSET_1000SUM
                0x20000108        0x8 ./src/main.o
                0x20000108                GYRO_ZOUT_OFFSET_1000SUM
 .bss.GYRO_YOUT_OFFSET
                0x20000110        0x2 ./src/main.o
                0x20000110                GYRO_YOUT_OFFSET
 .bss.GYRO_XOUT
                0x20000112        0x2 ./src/main.o
                0x20000112                GYRO_XOUT
 .bss.GYRO_ZOUT_OFFSET
                0x20000114        0x2 ./src/main.o
                0x20000114                GYRO_ZOUT_OFFSET
 .bss.cmuStatus
                0x20000116        0x2 ./emlib/em_emu.o
 .bss.i2cTransfer
                0x20000118        0xc ./emlib/em_i2c.o
 .bss.INT_LockCnt
                0x20000124        0x4 ./emlib/em_int.o
                0x20000124                INT_LockCnt
 .bss.devicesRegistered
                0x20000128        0x4 ./Drivers/display.o
 .bss.deviceTable
                0x2000012c       0x2c ./Drivers/display.o
 .bss.moduleInitialized
                0x20000158        0x1 ./Drivers/display.o
 *fill*         0x20000159        0x3 00
 .bss.pixelMatrixPoolBase
                0x2000015c       0x80 ./Drivers/displayls013b7dh03.o
 .bss.gpioPinNo
                0x200001dc        0x4 ./Drivers/displaypalemlib.o
 .bss.gpioPortNo
                0x200001e0        0x4 ./Drivers/displaypalemlib.o
 .bss.heap_end.8082
                0x200001e4        0x4 ./Drivers/retargetio.o
 .bss.textDisplayHandle
                0x200001e8        0x4 ./Drivers/retargettextdisplay.o
                0x200001e8                textDisplayHandle
 .bss.escapeSequence.4887
                0x200001ec        0x4 ./Drivers/textdisplay.o
 .bss.textdisplayTbl
                0x200001f0       0x58 ./Drivers/textdisplay.o
 .bss.__malloc_free_list
                0x20000248        0x4 c:/siliconlabs/simplicitystudio/v2/developer/toolchains/gnu_arm/4.7_2013q1/bin/../lib/gcc/arm-none-eabi/4.7.3/../../../../arm-none-eabi/lib/armv6-m\libc_s.a(lib_a-mallocr.o)
                0x20000248                __malloc_free_list
 *(COMMON)
 COMMON         0x2000024c        0x1 ./src/I2C.o
                0x2000024c                I2C_Status
 *fill*         0x2000024d        0x3 00
 COMMON         0x20000250        0x4 ./src/main.o
                0x20000250                msTicks
 COMMON         0x20000254      0x190 ./Drivers/textdisplay.o
                0x20000254                charBufferDevice0
                0x200003a4                charArrayDevice0
 COMMON         0x200003e4        0x4 ./CMSIS/efm32zg/system_efm32zg.o
                0x200003e4                SystemCoreClock
 COMMON         0x200003e8        0x4 c:/siliconlabs/simplicitystudio/v2/developer/toolchains/gnu_arm/4.7_2013q1/bin/../lib/gcc/arm-none-eabi/4.7.3/../../../../arm-none-eabi/lib/armv6-m\libc_s.a(lib_a-reent.o)
                0x200003e8                errno
                0x200003ec                __bss_end__ = .

.heap           0x200003f0        0x0
                0x200003f0                __end__ = .
                0x200003f0                end = __end__
                0x200003f0                _end = __end__
 *(.heap*)
 .heap          0x200003f0        0x0 ./CMSIS/efm32zg/startup_gcc_efm32zg.o
                0x200003f0                __HeapLimit = .

.stack_dummy    0x200003f0      0x400
 *(.stack)
 .stack         0x200003f0      0x400 ./CMSIS/efm32zg/startup_gcc_efm32zg.o
                0x20001000                __StackTop = (ORIGIN (RAM) + 0x1000)
                0x20000c00                __StackLimit = (__StackTop - SIZEOF (.stack_dummy))
                0x20001000                PROVIDE (__stack, __StackTop)
                0x00000001                ASSERT ((__StackLimit >= __HeapLimit), region RAM overflowed with stack)
OUTPUT(MPU6050.axf elf32-littlearm)

.ARM.attributes
                0x00000000       0x28
 .ARM.attributes
                0x00000000       0x1e c:/siliconlabs/simplicitystudio/v2/developer/toolchains/gnu_arm/4.7_2013q1/bin/../lib/gcc/arm-none-eabi/4.7.3/armv6-m/crti.o
 .ARM.attributes
                0x0000001e       0x2c c:/siliconlabs/simplicitystudio/v2/developer/toolchains/gnu_arm/4.7_2013q1/bin/../lib/gcc/arm-none-eabi/4.7.3/armv6-m/crtbegin.o
 .ARM.attributes
                0x0000004a       0x1c c:/siliconlabs/simplicitystudio/v2/developer/toolchains/gnu_arm/4.7_2013q1/bin/../lib/gcc/arm-none-eabi/4.7.3/../../../../arm-none-eabi/lib/armv6-m/crt0.o
 .ARM.attributes
                0x00000066       0x32 ./src/I2C.o
 .ARM.attributes
                0x00000098       0x32 ./src/MPU6050.o
 .ARM.attributes
                0x000000ca       0x32 ./src/main.o
 .ARM.attributes
                0x000000fc       0x32 ./emlib/em_assert.o
 .ARM.attributes
                0x0000012e       0x32 ./emlib/em_cmu.o
 .ARM.attributes
                0x00000160       0x32 ./emlib/em_emu.o
 .ARM.attributes
                0x00000192       0x32 ./emlib/em_gpio.o
 .ARM.attributes
                0x000001c4       0x32 ./emlib/em_i2c.o
 .ARM.attributes
                0x000001f6       0x32 ./emlib/em_int.o
 .ARM.attributes
                0x00000228       0x32 ./emlib/em_rtc.o
 .ARM.attributes
                0x0000025a       0x32 ./emlib/em_usart.o
 .ARM.attributes
                0x0000028c       0x32 ./Drivers/display.o
 .ARM.attributes
                0x000002be       0x32 ./Drivers/displayls013b7dh03.o
 .ARM.attributes
                0x000002f0       0x32 ./Drivers/displaypalemlib.o
 .ARM.attributes
                0x00000322       0x32 ./Drivers/retargetio.o
 .ARM.attributes
                0x00000354       0x32 ./Drivers/retargettextdisplay.o
 .ARM.attributes
                0x00000386       0x32 ./Drivers/textdisplay.o
 .ARM.attributes
                0x000003b8       0x2b ./Drivers/udelay.o
 .ARM.attributes
                0x000003e3       0x1b ./CMSIS/efm32zg/startup_gcc_efm32zg.o
 .ARM.attributes
                0x000003fe       0x32 ./CMSIS/efm32zg/system_efm32zg.o
 .ARM.attributes
                0x00000430       0x1e c:/siliconlabs/simplicitystudio/v2/developer/toolchains/gnu_arm/4.7_2013q1/bin/../lib/gcc/arm-none-eabi/4.7.3/armv6-m\libgcc.a(_udivsi3.o)
 .ARM.attributes
                0x0000044e       0x1e c:/siliconlabs/simplicitystudio/v2/developer/toolchains/gnu_arm/4.7_2013q1/bin/../lib/gcc/arm-none-eabi/4.7.3/armv6-m\libgcc.a(_dvmd_tls.o)
 .ARM.attributes
                0x0000046c       0x2c c:/siliconlabs/simplicitystudio/v2/developer/toolchains/gnu_arm/4.7_2013q1/bin/../lib/gcc/arm-none-eabi/4.7.3/armv6-m\libgcc.a(adddf3.o)
 .ARM.attributes
                0x00000498       0x2c c:/siliconlabs/simplicitystudio/v2/developer/toolchains/gnu_arm/4.7_2013q1/bin/../lib/gcc/arm-none-eabi/4.7.3/armv6-m\libgcc.a(divdf3.o)
 .ARM.attributes
                0x000004c4       0x2c c:/siliconlabs/simplicitystudio/v2/developer/toolchains/gnu_arm/4.7_2013q1/bin/../lib/gcc/arm-none-eabi/4.7.3/armv6-m\libgcc.a(fixdfsi.o)
 .ARM.attributes
                0x000004f0       0x2c c:/siliconlabs/simplicitystudio/v2/developer/toolchains/gnu_arm/4.7_2013q1/bin/../lib/gcc/arm-none-eabi/4.7.3/armv6-m\libgcc.a(floatsidf.o)
 .ARM.attributes
                0x0000051c       0x1e c:/siliconlabs/simplicitystudio/v2/developer/toolchains/gnu_arm/4.7_2013q1/bin/../lib/gcc/arm-none-eabi/4.7.3/armv6-m\libgcc.a(_clzsi2.o)
 .ARM.attributes
                0x0000053a       0x2c c:/siliconlabs/simplicitystudio/v2/developer/toolchains/gnu_arm/4.7_2013q1/bin/../lib/gcc/arm-none-eabi/4.7.3/../../../../arm-none-eabi/lib/armv6-m\libc_s.a(lib_a-__atexit2.o)
 .ARM.attributes
                0x00000566       0x2c c:/siliconlabs/simplicitystudio/v2/developer/toolchains/gnu_arm/4.7_2013q1/bin/../lib/gcc/arm-none-eabi/4.7.3/../../../../arm-none-eabi/lib/armv6-m\libc_s.a(lib_a-ctype_.o)
 .ARM.attributes
                0x00000592       0x2c c:/siliconlabs/simplicitystudio/v2/developer/toolchains/gnu_arm/4.7_2013q1/bin/../lib/gcc/arm-none-eabi/4.7.3/../../../../arm-none-eabi/lib/armv6-m\libc_s.a(lib_a-exit.o)
 .ARM.attributes
                0x000005be       0x2c c:/siliconlabs/simplicitystudio/v2/developer/toolchains/gnu_arm/4.7_2013q1/bin/../lib/gcc/arm-none-eabi/4.7.3/../../../../arm-none-eabi/lib/armv6-m\libc_s.a(lib_a-fileno.o)
 .ARM.attributes
                0x000005ea       0x2c c:/siliconlabs/simplicitystudio/v2/developer/toolchains/gnu_arm/4.7_2013q1/bin/../lib/gcc/arm-none-eabi/4.7.3/../../../../arm-none-eabi/lib/armv6-m\libc_s.a(lib_a-findfp.o)
 .ARM.attributes
                0x00000616       0x2c c:/siliconlabs/simplicitystudio/v2/developer/toolchains/gnu_arm/4.7_2013q1/bin/../lib/gcc/arm-none-eabi/4.7.3/../../../../arm-none-eabi/lib/armv6-m\libc_s.a(lib_a-fini.o)
 .ARM.attributes
                0x00000642       0x2c c:/siliconlabs/simplicitystudio/v2/developer/toolchains/gnu_arm/4.7_2013q1/bin/../lib/gcc/arm-none-eabi/4.7.3/../../../../arm-none-eabi/lib/armv6-m\libc_s.a(lib_a-impure.o)
 .ARM.attributes
                0x0000066e       0x2c c:/siliconlabs/simplicitystudio/v2/developer/toolchains/gnu_arm/4.7_2013q1/bin/../lib/gcc/arm-none-eabi/4.7.3/../../../../arm-none-eabi/lib/armv6-m\libc_s.a(lib_a-init.o)
 .ARM.attributes
                0x0000069a       0x2c c:/siliconlabs/simplicitystudio/v2/developer/toolchains/gnu_arm/4.7_2013q1/bin/../lib/gcc/arm-none-eabi/4.7.3/../../../../arm-none-eabi/lib/armv6-m\libc_s.a(lib_a-mallocr.o)
 .ARM.attributes
                0x000006c6       0x2c c:/siliconlabs/simplicitystudio/v2/developer/toolchains/gnu_arm/4.7_2013q1/bin/../lib/gcc/arm-none-eabi/4.7.3/../../../../arm-none-eabi/lib/armv6-m\libc_s.a(lib_a-memcpy.o)
 .ARM.attributes
                0x000006f2       0x2c c:/siliconlabs/simplicitystudio/v2/developer/toolchains/gnu_arm/4.7_2013q1/bin/../lib/gcc/arm-none-eabi/4.7.3/../../../../arm-none-eabi/lib/armv6-m\libc_s.a(lib_a-memset.o)
 .ARM.attributes
                0x0000071e       0x2c c:/siliconlabs/simplicitystudio/v2/developer/toolchains/gnu_arm/4.7_2013q1/bin/../lib/gcc/arm-none-eabi/4.7.3/../../../../arm-none-eabi/lib/armv6-m\libc_s.a(lib_a-printf.o)
 .ARM.attributes
                0x0000074a       0x2c c:/siliconlabs/simplicitystudio/v2/developer/toolchains/gnu_arm/4.7_2013q1/bin/../lib/gcc/arm-none-eabi/4.7.3/../../../../arm-none-eabi/lib/armv6-m\libc_s.a(lib_a-sbrkr.o)
 .ARM.attributes
                0x00000776       0x2c c:/siliconlabs/simplicitystudio/v2/developer/toolchains/gnu_arm/4.7_2013q1/bin/../lib/gcc/arm-none-eabi/4.7.3/../../../../arm-none-eabi/lib/armv6-m\libc_s.a(lib_a-setvbuf.o)
 .ARM.attributes
                0x000007a2       0x2c c:/siliconlabs/simplicitystudio/v2/developer/toolchains/gnu_arm/4.7_2013q1/bin/../lib/gcc/arm-none-eabi/4.7.3/../../../../arm-none-eabi/lib/armv6-m\libc_s.a(lib_a-stdio.o)
 .ARM.attributes
                0x000007ce       0x2c c:/siliconlabs/simplicitystudio/v2/developer/toolchains/gnu_arm/4.7_2013q1/bin/../lib/gcc/arm-none-eabi/4.7.3/../../../../arm-none-eabi/lib/armv6-m\libc_s.a(lib_a-strlen.o)
 .ARM.attributes
                0x000007fa       0x2c c:/siliconlabs/simplicitystudio/v2/developer/toolchains/gnu_arm/4.7_2013q1/bin/../lib/gcc/arm-none-eabi/4.7.3/../../../../arm-none-eabi/lib/armv6-m\libc_s.a(lib_a-strncmp.o)
 .ARM.attributes
                0x00000826       0x2c c:/siliconlabs/simplicitystudio/v2/developer/toolchains/gnu_arm/4.7_2013q1/bin/../lib/gcc/arm-none-eabi/4.7.3/../../../../arm-none-eabi/lib/armv6-m\libc_s.a(lib_a-vfprintf.o)
 .ARM.attributes
                0x00000852       0x2c c:/siliconlabs/simplicitystudio/v2/developer/toolchains/gnu_arm/4.7_2013q1/bin/../lib/gcc/arm-none-eabi/4.7.3/../../../../arm-none-eabi/lib/armv6-m\libc_s.a(lib_a-vfprintf_i.o)
 .ARM.attributes
                0x0000087e       0x2c c:/siliconlabs/simplicitystudio/v2/developer/toolchains/gnu_arm/4.7_2013q1/bin/../lib/gcc/arm-none-eabi/4.7.3/../../../../arm-none-eabi/lib/armv6-m\libc_s.a(lib_a-wbuf.o)
 .ARM.attributes
                0x000008aa       0x2c c:/siliconlabs/simplicitystudio/v2/developer/toolchains/gnu_arm/4.7_2013q1/bin/../lib/gcc/arm-none-eabi/4.7.3/../../../../arm-none-eabi/lib/armv6-m\libc_s.a(lib_a-writer.o)
 .ARM.attributes
                0x000008d6       0x2c c:/siliconlabs/simplicitystudio/v2/developer/toolchains/gnu_arm/4.7_2013q1/bin/../lib/gcc/arm-none-eabi/4.7.3/../../../../arm-none-eabi/lib/armv6-m\libc_s.a(lib_a-wsetup.o)
 .ARM.attributes
                0x00000902       0x2c c:/siliconlabs/simplicitystudio/v2/developer/toolchains/gnu_arm/4.7_2013q1/bin/../lib/gcc/arm-none-eabi/4.7.3/../../../../arm-none-eabi/lib/armv6-m\libc_s.a(lib_a-closer.o)
 .ARM.attributes
                0x0000092e       0x2c c:/siliconlabs/simplicitystudio/v2/developer/toolchains/gnu_arm/4.7_2013q1/bin/../lib/gcc/arm-none-eabi/4.7.3/../../../../arm-none-eabi/lib/armv6-m\libc_s.a(lib_a-fflush.o)
 .ARM.attributes
                0x0000095a       0x2c c:/siliconlabs/simplicitystudio/v2/developer/toolchains/gnu_arm/4.7_2013q1/bin/../lib/gcc/arm-none-eabi/4.7.3/../../../../arm-none-eabi/lib/armv6-m\libc_s.a(lib_a-freer.o)
 .ARM.attributes
                0x00000986       0x2c c:/siliconlabs/simplicitystudio/v2/developer/toolchains/gnu_arm/4.7_2013q1/bin/../lib/gcc/arm-none-eabi/4.7.3/../../../../arm-none-eabi/lib/armv6-m\libc_s.a(lib_a-lseekr.o)
 .ARM.attributes
                0x000009b2       0x2c c:/siliconlabs/simplicitystudio/v2/developer/toolchains/gnu_arm/4.7_2013q1/bin/../lib/gcc/arm-none-eabi/4.7.3/../../../../arm-none-eabi/lib/armv6-m\libc_s.a(lib_a-makebuf.o)
 .ARM.attributes
                0x000009de       0x2c c:/siliconlabs/simplicitystudio/v2/developer/toolchains/gnu_arm/4.7_2013q1/bin/../lib/gcc/arm-none-eabi/4.7.3/../../../../arm-none-eabi/lib/armv6-m\libc_s.a(lib_a-malloc.o)
 .ARM.attributes
                0x00000a0a       0x2c c:/siliconlabs/simplicitystudio/v2/developer/toolchains/gnu_arm/4.7_2013q1/bin/../lib/gcc/arm-none-eabi/4.7.3/../../../../arm-none-eabi/lib/armv6-m\libc_s.a(lib_a-memchr.o)
 .ARM.attributes
                0x00000a36       0x2c c:/siliconlabs/simplicitystudio/v2/developer/toolchains/gnu_arm/4.7_2013q1/bin/../lib/gcc/arm-none-eabi/4.7.3/../../../../arm-none-eabi/lib/armv6-m\libc_s.a(lib_a-readr.o)
 .ARM.attributes
                0x00000a62       0x2c c:/siliconlabs/simplicitystudio/v2/developer/toolchains/gnu_arm/4.7_2013q1/bin/../lib/gcc/arm-none-eabi/4.7.3/../../../../arm-none-eabi/lib/armv6-m\libc_s.a(lib_a-reent.o)
 .ARM.attributes
                0x00000a8e       0x2c c:/siliconlabs/simplicitystudio/v2/developer/toolchains/gnu_arm/4.7_2013q1/bin/../lib/gcc/arm-none-eabi/4.7.3/../../../../arm-none-eabi/lib/armv6-m\libc_s.a(lib_a-fstatr.o)
 .ARM.attributes
                0x00000aba       0x2c c:/siliconlabs/simplicitystudio/v2/developer/toolchains/gnu_arm/4.7_2013q1/bin/../lib/gcc/arm-none-eabi/4.7.3/../../../../arm-none-eabi/lib/armv6-m\libc_s.a(lib_a-isattyr.o)
 .ARM.attributes
                0x00000ae6       0x2c c:/siliconlabs/simplicitystudio/v2/developer/toolchains/gnu_arm/4.7_2013q1/bin/../lib/gcc/arm-none-eabi/4.7.3/armv6-m/crtend.o
 .ARM.attributes
                0x00000b12       0x1e c:/siliconlabs/simplicitystudio/v2/developer/toolchains/gnu_arm/4.7_2013q1/bin/../lib/gcc/arm-none-eabi/4.7.3/armv6-m/crtn.o

.comment        0x00000000       0x70
 .comment       0x00000000       0x70 ./src/I2C.o
                                 0x71 (size before relaxing)
 .comment       0x00000000       0x71 ./src/MPU6050.o
 .comment       0x00000000       0x71 ./src/main.o
 .comment       0x00000000       0x71 ./emlib/em_assert.o
 .comment       0x00000000       0x71 ./emlib/em_cmu.o
 .comment       0x00000000       0x71 ./emlib/em_emu.o
 .comment       0x00000000       0x71 ./emlib/em_gpio.o
 .comment       0x00000000       0x71 ./emlib/em_i2c.o
 .comment       0x00000000       0x71 ./emlib/em_int.o
 .comment       0x00000000       0x71 ./emlib/em_rtc.o
 .comment       0x00000000       0x71 ./emlib/em_usart.o
 .comment       0x00000000       0x71 ./Drivers/display.o
 .comment       0x00000000       0x71 ./Drivers/displayls013b7dh03.o
 .comment       0x00000000       0x71 ./Drivers/displaypalemlib.o
 .comment       0x00000000       0x71 ./Drivers/retargetio.o
 .comment       0x00000000       0x71 ./Drivers/retargettextdisplay.o
 .comment       0x00000000       0x71 ./Drivers/textdisplay.o
 .comment       0x00000000       0x71 ./Drivers/udelay.o
 .comment       0x00000000       0x71 ./CMSIS/efm32zg/system_efm32zg.o

.debug_info     0x00000000     0xe0ee
 .debug_info    0x00000000      0x7a3 ./src/I2C.o
 .debug_info    0x000007a3     0x21c4 ./src/MPU6050.o
 .debug_info    0x00002967      0xac5 ./src/main.o
 .debug_info    0x0000342c       0x78 ./emlib/em_assert.o
 .debug_info    0x000034a4     0x1b68 ./emlib/em_cmu.o
 .debug_info    0x0000500c      0x5ef ./emlib/em_emu.o
 .debug_info    0x000055fb      0x5e8 ./emlib/em_gpio.o
 .debug_info    0x00005be3      0xa11 ./emlib/em_i2c.o
 .debug_info    0x000065f4       0xa4 ./emlib/em_int.o
 .debug_info    0x00006698      0x44d ./emlib/em_rtc.o
 .debug_info    0x00006ae5     0x1281 ./emlib/em_usart.o
 .debug_info    0x00007d66      0x4b2 ./Drivers/display.o
 .debug_info    0x00008218      0xa97 ./Drivers/displayls013b7dh03.o
 .debug_info    0x00008caf     0x15af ./Drivers/displaypalemlib.o
 .debug_info    0x0000a25e      0xeb1 ./Drivers/retargetio.o
 .debug_info    0x0000b10f      0xdbb ./Drivers/retargettextdisplay.o
 .debug_info    0x0000beca      0xfbf ./Drivers/textdisplay.o
 .debug_info    0x0000ce89      0xd09 ./Drivers/udelay.o
 .debug_info    0x0000db92       0x92 ./CMSIS/efm32zg/startup_gcc_efm32zg.o
 .debug_info    0x0000dc24      0x4ca ./CMSIS/efm32zg/system_efm32zg.o

.debug_abbrev   0x00000000     0x2b86
 .debug_abbrev  0x00000000      0x1c6 ./src/I2C.o
 .debug_abbrev  0x000001c6      0x1d4 ./src/MPU6050.o
 .debug_abbrev  0x0000039a      0x2bd ./src/main.o
 .debug_abbrev  0x00000657       0x65 ./emlib/em_assert.o
 .debug_abbrev  0x000006bc      0x34a ./emlib/em_cmu.o
 .debug_abbrev  0x00000a06      0x255 ./emlib/em_emu.o
 .debug_abbrev  0x00000c5b      0x1b1 ./emlib/em_gpio.o
 .debug_abbrev  0x00000e0c      0x2fb ./emlib/em_i2c.o
 .debug_abbrev  0x00001107       0x44 ./emlib/em_int.o
 .debug_abbrev  0x0000114b      0x255 ./emlib/em_rtc.o
 .debug_abbrev  0x000013a0      0x30a ./emlib/em_usart.o
 .debug_abbrev  0x000016aa      0x15a ./Drivers/display.o
 .debug_abbrev  0x00001804      0x2b4 ./Drivers/displayls013b7dh03.o
 .debug_abbrev  0x00001ab8      0x37f ./Drivers/displaypalemlib.o
 .debug_abbrev  0x00001e37      0x333 ./Drivers/retargetio.o
 .debug_abbrev  0x0000216a      0x231 ./Drivers/retargettextdisplay.o
 .debug_abbrev  0x0000239b      0x2f2 ./Drivers/textdisplay.o
 .debug_abbrev  0x0000268d      0x332 ./Drivers/udelay.o
 .debug_abbrev  0x000029bf       0x14 ./CMSIS/efm32zg/startup_gcc_efm32zg.o
 .debug_abbrev  0x000029d3      0x1b3 ./CMSIS/efm32zg/system_efm32zg.o

.debug_loc      0x00000000     0x6a44
 .debug_loc     0x00000000      0x1f5 ./src/I2C.o
 .debug_loc     0x000001f5      0x57a ./src/MPU6050.o
 .debug_loc     0x0000076f       0x85 ./src/main.o
 .debug_loc     0x000007f4       0x20 ./emlib/em_assert.o
 .debug_loc     0x00000814     0x1e37 ./emlib/em_cmu.o
 .debug_loc     0x0000264b      0x141 ./emlib/em_emu.o
 .debug_loc     0x0000278c      0x3f5 ./emlib/em_gpio.o
 .debug_loc     0x00002b81      0xab0 ./emlib/em_i2c.o
 .debug_loc     0x00003631      0x1de ./emlib/em_rtc.o
 .debug_loc     0x0000380f      0xe33 ./emlib/em_usart.o
 .debug_loc     0x00004642      0x23d ./Drivers/display.o
 .debug_loc     0x0000487f      0x4c7 ./Drivers/displayls013b7dh03.o
 .debug_loc     0x00004d46      0x4e1 ./Drivers/displaypalemlib.o
 .debug_loc     0x00005227      0x2a8 ./Drivers/retargetio.o
 .debug_loc     0x000054cf      0x10f ./Drivers/retargettextdisplay.o
 .debug_loc     0x000055de      0xc35 ./Drivers/textdisplay.o
 .debug_loc     0x00006213      0x413 ./Drivers/udelay.o
 .debug_loc     0x00006626      0x41e ./CMSIS/efm32zg/system_efm32zg.o

.debug_aranges  0x00000000      0x640
 .debug_aranges
                0x00000000       0x38 ./src/I2C.o
 .debug_aranges
                0x00000038       0x50 ./src/MPU6050.o
 .debug_aranges
                0x00000088       0x30 ./src/main.o
 .debug_aranges
                0x000000b8       0x20 ./emlib/em_assert.o
 .debug_aranges
                0x000000d8       0xc8 ./emlib/em_cmu.o
 .debug_aranges
                0x000001a0       0x40 ./emlib/em_emu.o
 .debug_aranges
                0x000001e0       0x38 ./emlib/em_gpio.o
 .debug_aranges
                0x00000218       0x50 ./emlib/em_i2c.o
 .debug_aranges
                0x00000268       0x18 ./emlib/em_int.o
 .debug_aranges
                0x00000280       0x50 ./emlib/em_rtc.o
 .debug_aranges
                0x000002d0       0xb8 ./emlib/em_usart.o
 .debug_aranges
                0x00000388       0x38 ./Drivers/display.o
 .debug_aranges
                0x000003c0       0x50 ./Drivers/displayls013b7dh03.o
 .debug_aranges
                0x00000410       0x88 ./Drivers/displaypalemlib.o
 .debug_aranges
                0x00000498       0x68 ./Drivers/retargetio.o
 .debug_aranges
                0x00000500       0x38 ./Drivers/retargettextdisplay.o
 .debug_aranges
                0x00000538       0x60 ./Drivers/textdisplay.o
 .debug_aranges
                0x00000598       0x28 ./Drivers/udelay.o
 .debug_aranges
                0x000005c0       0x20 ./CMSIS/efm32zg/startup_gcc_efm32zg.o
 .debug_aranges
                0x000005e0       0x60 ./CMSIS/efm32zg/system_efm32zg.o

.debug_ranges   0x00000000      0xe78
 .debug_ranges  0x00000000       0x28 ./src/I2C.o
 .debug_ranges  0x00000028       0x40 ./src/MPU6050.o
 .debug_ranges  0x00000068       0x80 ./src/main.o
 .debug_ranges  0x000000e8       0x10 ./emlib/em_assert.o
 .debug_ranges  0x000000f8      0x4e8 ./emlib/em_cmu.o
 .debug_ranges  0x000005e0       0x48 ./emlib/em_emu.o
 .debug_ranges  0x00000628       0xb8 ./emlib/em_gpio.o
 .debug_ranges  0x000006e0       0xf0 ./emlib/em_i2c.o
 .debug_ranges  0x000007d0       0xb8 ./emlib/em_rtc.o
 .debug_ranges  0x00000888      0x1a0 ./emlib/em_usart.o
 .debug_ranges  0x00000a28       0x28 ./Drivers/display.o
 .debug_ranges  0x00000a50       0x70 ./Drivers/displayls013b7dh03.o
 .debug_ranges  0x00000ac0       0xd8 ./Drivers/displaypalemlib.o
 .debug_ranges  0x00000b98       0x58 ./Drivers/retargetio.o
 .debug_ranges  0x00000bf0       0x28 ./Drivers/retargettextdisplay.o
 .debug_ranges  0x00000c18       0x88 ./Drivers/textdisplay.o
 .debug_ranges  0x00000ca0       0xa8 ./Drivers/udelay.o
 .debug_ranges  0x00000d48      0x130 ./CMSIS/efm32zg/system_efm32zg.o

.debug_line     0x00000000     0x45a4
 .debug_line    0x00000000      0x244 ./src/I2C.o
 .debug_line    0x00000244      0x40f ./src/MPU6050.o
 .debug_line    0x00000653      0x38c ./src/main.o
 .debug_line    0x000009df       0x44 ./emlib/em_assert.o
 .debug_line    0x00000a23      0x89a ./emlib/em_cmu.o
 .debug_line    0x000012bd      0x34f ./emlib/em_emu.o
 .debug_line    0x0000160c      0x2b9 ./emlib/em_gpio.o
 .debug_line    0x000018c5      0x45e ./emlib/em_i2c.o
 .debug_line    0x00001d23       0xce ./emlib/em_int.o
 .debug_line    0x00001df1      0x2c9 ./emlib/em_rtc.o
 .debug_line    0x000020ba      0x66f ./emlib/em_usart.o
 .debug_line    0x00002729      0x290 ./Drivers/display.o
 .debug_line    0x000029b9      0x377 ./Drivers/displayls013b7dh03.o
 .debug_line    0x00002d30      0x559 ./Drivers/displaypalemlib.o
 .debug_line    0x00003289      0x377 ./Drivers/retargetio.o
 .debug_line    0x00003600      0x341 ./Drivers/retargettextdisplay.o
 .debug_line    0x00003941      0x598 ./Drivers/textdisplay.o
 .debug_line    0x00003ed9      0x38d ./Drivers/udelay.o
 .debug_line    0x00004266       0x85 ./CMSIS/efm32zg/startup_gcc_efm32zg.o
 .debug_line    0x000042eb      0x2b9 ./CMSIS/efm32zg/system_efm32zg.o

.debug_str      0x00000000     0x2fbc
 .debug_str     0x00000000      0x65a ./src/I2C.o
                                0x6b8 (size before relaxing)
 .debug_str     0x0000065a      0x25f ./src/MPU6050.o
                                0x435 (size before relaxing)
 .debug_str     0x000008b9      0x307 ./src/main.o
                                0x803 (size before relaxing)
 .debug_str     0x00000bc0       0x24 ./emlib/em_assert.o
                                 0xba (size before relaxing)
 .debug_str     0x00000be4      0x720 ./emlib/em_cmu.o
                                0xa80 (size before relaxing)
 .debug_str     0x00001304       0xb4 ./emlib/em_emu.o
                                0x36a (size before relaxing)
 .debug_str     0x000013b8      0x169 ./emlib/em_gpio.o
                                0x4cb (size before relaxing)
 .debug_str     0x00001521      0x17e ./emlib/em_i2c.o
                                0x638 (size before relaxing)
 .debug_str     0x0000169f       0x1e ./emlib/em_int.o
                                0x15e (size before relaxing)
 .debug_str     0x000016bd       0xb8 ./emlib/em_rtc.o
                                0x247 (size before relaxing)
 .debug_str     0x00001775      0x834 ./emlib/em_usart.o
                                0xb56 (size before relaxing)
 .debug_str     0x00001fa9      0x291 ./Drivers/display.o
                                0x3ec (size before relaxing)
 .debug_str     0x0000223a      0x192 ./Drivers/displayls013b7dh03.o
                                0x4fa (size before relaxing)
 .debug_str     0x000023cc      0x15b ./Drivers/displaypalemlib.o
                                0xe35 (size before relaxing)
 .debug_str     0x00002527      0x527 ./Drivers/retargetio.o
                                0x6d2 (size before relaxing)
 .debug_str     0x00002a4e       0xee ./Drivers/retargettextdisplay.o
                                0x7e5 (size before relaxing)
 .debug_str     0x00002b3c      0x2c9 ./Drivers/textdisplay.o
                                0x672 (size before relaxing)
 .debug_str     0x00002e05      0x121 ./Drivers/udelay.o
                                0x86a (size before relaxing)
 .debug_str     0x00002f26       0x96 ./CMSIS/efm32zg/system_efm32zg.o
                                0x34f (size before relaxing)

.debug_frame    0x00000000     0x17f8
 .debug_frame   0x00000000       0x7c ./src/I2C.o
 .debug_frame   0x0000007c      0x114 ./src/MPU6050.o
 .debug_frame   0x00000190       0x54 ./src/main.o
 .debug_frame   0x000001e4       0x28 ./emlib/em_assert.o
 .debug_frame   0x0000020c      0x214 ./emlib/em_cmu.o
 .debug_frame   0x00000420       0x78 ./emlib/em_emu.o
 .debug_frame   0x00000498       0x8c ./emlib/em_gpio.o
 .debug_frame   0x00000524       0xd8 ./emlib/em_i2c.o
 .debug_frame   0x000005fc       0xa4 ./emlib/em_rtc.o
 .debug_frame   0x000006a0      0x22c ./emlib/em_usart.o
 .debug_frame   0x000008cc       0x7c ./Drivers/display.o
 .debug_frame   0x00000948       0xcc ./Drivers/displayls013b7dh03.o
 .debug_frame   0x00000a14      0x174 ./Drivers/displaypalemlib.o
 .debug_frame   0x00000b88       0xdc ./Drivers/retargetio.o
 .debug_frame   0x00000c64       0x6c ./Drivers/retargettextdisplay.o
 .debug_frame   0x00000cd0      0x140 ./Drivers/textdisplay.o
 .debug_frame   0x00000e10       0x4c ./Drivers/udelay.o
 .debug_frame   0x00000e5c       0xc0 ./CMSIS/efm32zg/system_efm32zg.o
 .debug_frame   0x00000f1c       0x20 c:/siliconlabs/simplicitystudio/v2/developer/toolchains/gnu_arm/4.7_2013q1/bin/../lib/gcc/arm-none-eabi/4.7.3/armv6-m\libgcc.a(_udivsi3.o)
 .debug_frame   0x00000f3c       0x3c c:/siliconlabs/simplicitystudio/v2/developer/toolchains/gnu_arm/4.7_2013q1/bin/../lib/gcc/arm-none-eabi/4.7.3/armv6-m\libgcc.a(adddf3.o)
 .debug_frame   0x00000f78       0x3c c:/siliconlabs/simplicitystudio/v2/developer/toolchains/gnu_arm/4.7_2013q1/bin/../lib/gcc/arm-none-eabi/4.7.3/armv6-m\libgcc.a(divdf3.o)
 .debug_frame   0x00000fb4       0x2c c:/siliconlabs/simplicitystudio/v2/developer/toolchains/gnu_arm/4.7_2013q1/bin/../lib/gcc/arm-none-eabi/4.7.3/armv6-m\libgcc.a(fixdfsi.o)
 .debug_frame   0x00000fe0       0x30 c:/siliconlabs/simplicitystudio/v2/developer/toolchains/gnu_arm/4.7_2013q1/bin/../lib/gcc/arm-none-eabi/4.7.3/armv6-m\libgcc.a(floatsidf.o)
 .debug_frame   0x00001010       0x28 c:/siliconlabs/simplicitystudio/v2/developer/toolchains/gnu_arm/4.7_2013q1/bin/../lib/gcc/arm-none-eabi/4.7.3/../../../../arm-none-eabi/lib/armv6-m\libc_s.a(lib_a-__atexit2.o)
 .debug_frame   0x00001038       0x28 c:/siliconlabs/simplicitystudio/v2/developer/toolchains/gnu_arm/4.7_2013q1/bin/../lib/gcc/arm-none-eabi/4.7.3/../../../../arm-none-eabi/lib/armv6-m\libc_s.a(lib_a-exit.o)
 .debug_frame   0x00001060       0x2c c:/siliconlabs/simplicitystudio/v2/developer/toolchains/gnu_arm/4.7_2013q1/bin/../lib/gcc/arm-none-eabi/4.7.3/../../../../arm-none-eabi/lib/armv6-m\libc_s.a(lib_a-fileno.o)
 .debug_frame   0x0000108c      0x148 c:/siliconlabs/simplicitystudio/v2/developer/toolchains/gnu_arm/4.7_2013q1/bin/../lib/gcc/arm-none-eabi/4.7.3/../../../../arm-none-eabi/lib/armv6-m\libc_s.a(lib_a-findfp.o)
 .debug_frame   0x000011d4       0x2c c:/siliconlabs/simplicitystudio/v2/developer/toolchains/gnu_arm/4.7_2013q1/bin/../lib/gcc/arm-none-eabi/4.7.3/../../../../arm-none-eabi/lib/armv6-m\libc_s.a(lib_a-fini.o)
 .debug_frame   0x00001200       0x2c c:/siliconlabs/simplicitystudio/v2/developer/toolchains/gnu_arm/4.7_2013q1/bin/../lib/gcc/arm-none-eabi/4.7.3/../../../../arm-none-eabi/lib/armv6-m\libc_s.a(lib_a-init.o)
 .debug_frame   0x0000122c       0x2c c:/siliconlabs/simplicitystudio/v2/developer/toolchains/gnu_arm/4.7_2013q1/bin/../lib/gcc/arm-none-eabi/4.7.3/../../../../arm-none-eabi/lib/armv6-m\libc_s.a(lib_a-mallocr.o)
 .debug_frame   0x00001258       0x28 c:/siliconlabs/simplicitystudio/v2/developer/toolchains/gnu_arm/4.7_2013q1/bin/../lib/gcc/arm-none-eabi/4.7.3/../../../../arm-none-eabi/lib/armv6-m\libc_s.a(lib_a-memcpy.o)
 .debug_frame   0x00001280       0x28 c:/siliconlabs/simplicitystudio/v2/developer/toolchains/gnu_arm/4.7_2013q1/bin/../lib/gcc/arm-none-eabi/4.7.3/../../../../arm-none-eabi/lib/armv6-m\libc_s.a(lib_a-memset.o)
 .debug_frame   0x000012a8       0x50 c:/siliconlabs/simplicitystudio/v2/developer/toolchains/gnu_arm/4.7_2013q1/bin/../lib/gcc/arm-none-eabi/4.7.3/../../../../arm-none-eabi/lib/armv6-m\libc_s.a(lib_a-printf.o)
 .debug_frame   0x000012f8       0x2c c:/siliconlabs/simplicitystudio/v2/developer/toolchains/gnu_arm/4.7_2013q1/bin/../lib/gcc/arm-none-eabi/4.7.3/../../../../arm-none-eabi/lib/armv6-m\libc_s.a(lib_a-sbrkr.o)
 .debug_frame   0x00001324       0x34 c:/siliconlabs/simplicitystudio/v2/developer/toolchains/gnu_arm/4.7_2013q1/bin/../lib/gcc/arm-none-eabi/4.7.3/../../../../arm-none-eabi/lib/armv6-m\libc_s.a(lib_a-setvbuf.o)
 .debug_frame   0x00001358       0x90 c:/siliconlabs/simplicitystudio/v2/developer/toolchains/gnu_arm/4.7_2013q1/bin/../lib/gcc/arm-none-eabi/4.7.3/../../../../arm-none-eabi/lib/armv6-m\libc_s.a(lib_a-stdio.o)
 .debug_frame   0x000013e8       0x20 c:/siliconlabs/simplicitystudio/v2/developer/toolchains/gnu_arm/4.7_2013q1/bin/../lib/gcc/arm-none-eabi/4.7.3/../../../../arm-none-eabi/lib/armv6-m\libc_s.a(lib_a-strlen.o)
 .debug_frame   0x00001408       0x28 c:/siliconlabs/simplicitystudio/v2/developer/toolchains/gnu_arm/4.7_2013q1/bin/../lib/gcc/arm-none-eabi/4.7.3/../../../../arm-none-eabi/lib/armv6-m\libc_s.a(lib_a-strncmp.o)
 .debug_frame   0x00001430       0x88 c:/siliconlabs/simplicitystudio/v2/developer/toolchains/gnu_arm/4.7_2013q1/bin/../lib/gcc/arm-none-eabi/4.7.3/../../../../arm-none-eabi/lib/armv6-m\libc_s.a(lib_a-vfprintf.o)
 .debug_frame   0x000014b8       0x54 c:/siliconlabs/simplicitystudio/v2/developer/toolchains/gnu_arm/4.7_2013q1/bin/../lib/gcc/arm-none-eabi/4.7.3/../../../../arm-none-eabi/lib/armv6-m\libc_s.a(lib_a-vfprintf_i.o)
 .debug_frame   0x0000150c       0x44 c:/siliconlabs/simplicitystudio/v2/developer/toolchains/gnu_arm/4.7_2013q1/bin/../lib/gcc/arm-none-eabi/4.7.3/../../../../arm-none-eabi/lib/armv6-m\libc_s.a(lib_a-wbuf.o)
 .debug_frame   0x00001550       0x2c c:/siliconlabs/simplicitystudio/v2/developer/toolchains/gnu_arm/4.7_2013q1/bin/../lib/gcc/arm-none-eabi/4.7.3/../../../../arm-none-eabi/lib/armv6-m\libc_s.a(lib_a-writer.o)
 .debug_frame   0x0000157c       0x2c c:/siliconlabs/simplicitystudio/v2/developer/toolchains/gnu_arm/4.7_2013q1/bin/../lib/gcc/arm-none-eabi/4.7.3/../../../../arm-none-eabi/lib/armv6-m\libc_s.a(lib_a-wsetup.o)
 .debug_frame   0x000015a8       0x2c c:/siliconlabs/simplicitystudio/v2/developer/toolchains/gnu_arm/4.7_2013q1/bin/../lib/gcc/arm-none-eabi/4.7.3/../../../../arm-none-eabi/lib/armv6-m\libc_s.a(lib_a-closer.o)
 .debug_frame   0x000015d4       0x4c c:/siliconlabs/simplicitystudio/v2/developer/toolchains/gnu_arm/4.7_2013q1/bin/../lib/gcc/arm-none-eabi/4.7.3/../../../../arm-none-eabi/lib/armv6-m\libc_s.a(lib_a-fflush.o)
 .debug_frame   0x00001620       0x2c c:/siliconlabs/simplicitystudio/v2/developer/toolchains/gnu_arm/4.7_2013q1/bin/../lib/gcc/arm-none-eabi/4.7.3/../../../../arm-none-eabi/lib/armv6-m\libc_s.a(lib_a-freer.o)
 .debug_frame   0x0000164c       0x2c c:/siliconlabs/simplicitystudio/v2/developer/toolchains/gnu_arm/4.7_2013q1/bin/../lib/gcc/arm-none-eabi/4.7.3/../../../../arm-none-eabi/lib/armv6-m\libc_s.a(lib_a-lseekr.o)
 .debug_frame   0x00001678       0x30 c:/siliconlabs/simplicitystudio/v2/developer/toolchains/gnu_arm/4.7_2013q1/bin/../lib/gcc/arm-none-eabi/4.7.3/../../../../arm-none-eabi/lib/armv6-m\libc_s.a(lib_a-makebuf.o)
 .debug_frame   0x000016a8       0x40 c:/siliconlabs/simplicitystudio/v2/developer/toolchains/gnu_arm/4.7_2013q1/bin/../lib/gcc/arm-none-eabi/4.7.3/../../../../arm-none-eabi/lib/armv6-m\libc_s.a(lib_a-malloc.o)
 .debug_frame   0x000016e8       0x28 c:/siliconlabs/simplicitystudio/v2/developer/toolchains/gnu_arm/4.7_2013q1/bin/../lib/gcc/arm-none-eabi/4.7.3/../../../../arm-none-eabi/lib/armv6-m\libc_s.a(lib_a-memchr.o)
 .debug_frame   0x00001710       0x2c c:/siliconlabs/simplicitystudio/v2/developer/toolchains/gnu_arm/4.7_2013q1/bin/../lib/gcc/arm-none-eabi/4.7.3/../../../../arm-none-eabi/lib/armv6-m\libc_s.a(lib_a-readr.o)
 .debug_frame   0x0000173c       0x64 c:/siliconlabs/simplicitystudio/v2/developer/toolchains/gnu_arm/4.7_2013q1/bin/../lib/gcc/arm-none-eabi/4.7.3/../../../../arm-none-eabi/lib/armv6-m\libc_s.a(lib_a-reent.o)
 .debug_frame   0x000017a0       0x2c c:/siliconlabs/simplicitystudio/v2/developer/toolchains/gnu_arm/4.7_2013q1/bin/../lib/gcc/arm-none-eabi/4.7.3/../../../../arm-none-eabi/lib/armv6-m\libc_s.a(lib_a-fstatr.o)
 .debug_frame   0x000017cc       0x2c c:/siliconlabs/simplicitystudio/v2/developer/toolchains/gnu_arm/4.7_2013q1/bin/../lib/gcc/arm-none-eabi/4.7.3/../../../../arm-none-eabi/lib/armv6-m\libc_s.a(lib_a-isattyr.o)
