Archive member included because of file (symbol)

c:/siliconlabs/simplicitystudio/v2/developer/toolchains/gnu_arm/4.7_2013q1/bin/../lib/gcc/arm-none-eabi/4.7.3/armv6-m\libgcc.a(_udivsi3.o)
                              ./src/capsense_spaceinvaders.o (__aeabi_uidiv)
c:/siliconlabs/simplicitystudio/v2/developer/toolchains/gnu_arm/4.7_2013q1/bin/../lib/gcc/arm-none-eabi/4.7.3/armv6-m\libgcc.a(_divsi3.o)
                              ./src/render.o (__aeabi_idiv)
c:/siliconlabs/simplicitystudio/v2/developer/toolchains/gnu_arm/4.7_2013q1/bin/../lib/gcc/arm-none-eabi/4.7.3/armv6-m\libgcc.a(_dvmd_tls.o)
                              c:/siliconlabs/simplicitystudio/v2/developer/toolchains/gnu_arm/4.7_2013q1/bin/../lib/gcc/arm-none-eabi/4.7.3/armv6-m\libgcc.a(_udivsi3.o) (__aeabi_idiv0)
c:/siliconlabs/simplicitystudio/v2/developer/toolchains/gnu_arm/4.7_2013q1/bin/../lib/gcc/arm-none-eabi/4.7.3/../../../../arm-none-eabi/lib/armv6-m\libc_s.a(lib_a-__atexit2.o)
                              c:/siliconlabs/simplicitystudio/v2/developer/toolchains/gnu_arm/4.7_2013q1/bin/../lib/gcc/arm-none-eabi/4.7.3/../../../../arm-none-eabi/lib/armv6-m/crt0.o (__register_exitproc)
c:/siliconlabs/simplicitystudio/v2/developer/toolchains/gnu_arm/4.7_2013q1/bin/../lib/gcc/arm-none-eabi/4.7.3/../../../../arm-none-eabi/lib/armv6-m\libc_s.a(lib_a-exit.o)
                              c:/siliconlabs/simplicitystudio/v2/developer/toolchains/gnu_arm/4.7_2013q1/bin/../lib/gcc/arm-none-eabi/4.7.3/../../../../arm-none-eabi/lib/armv6-m/crt0.o (exit)
c:/siliconlabs/simplicitystudio/v2/developer/toolchains/gnu_arm/4.7_2013q1/bin/../lib/gcc/arm-none-eabi/4.7.3/../../../../arm-none-eabi/lib/armv6-m\libc_s.a(lib_a-fini.o)
                              c:/siliconlabs/simplicitystudio/v2/developer/toolchains/gnu_arm/4.7_2013q1/bin/../lib/gcc/arm-none-eabi/4.7.3/../../../../arm-none-eabi/lib/armv6-m/crt0.o (__libc_fini_array)
c:/siliconlabs/simplicitystudio/v2/developer/toolchains/gnu_arm/4.7_2013q1/bin/../lib/gcc/arm-none-eabi/4.7.3/../../../../arm-none-eabi/lib/armv6-m\libc_s.a(lib_a-impure.o)
                              c:/siliconlabs/simplicitystudio/v2/developer/toolchains/gnu_arm/4.7_2013q1/bin/../lib/gcc/arm-none-eabi/4.7.3/../../../../arm-none-eabi/lib/armv6-m\libc_s.a(lib_a-exit.o) (_global_impure_ptr)
c:/siliconlabs/simplicitystudio/v2/developer/toolchains/gnu_arm/4.7_2013q1/bin/../lib/gcc/arm-none-eabi/4.7.3/../../../../arm-none-eabi/lib/armv6-m\libc_s.a(lib_a-init.o)
                              c:/siliconlabs/simplicitystudio/v2/developer/toolchains/gnu_arm/4.7_2013q1/bin/../lib/gcc/arm-none-eabi/4.7.3/../../../../arm-none-eabi/lib/armv6-m/crt0.o (__libc_init_array)
c:/siliconlabs/simplicitystudio/v2/developer/toolchains/gnu_arm/4.7_2013q1/bin/../lib/gcc/arm-none-eabi/4.7.3/../../../../arm-none-eabi/lib/armv6-m\libc_s.a(lib_a-memcpy.o)
                              ./src/game.o (memcpy)
c:/siliconlabs/simplicitystudio/v2/developer/toolchains/gnu_arm/4.7_2013q1/bin/../lib/gcc/arm-none-eabi/4.7.3/../../../../arm-none-eabi/lib/armv6-m\libc_s.a(lib_a-memset.o)
                              c:/siliconlabs/simplicitystudio/v2/developer/toolchains/gnu_arm/4.7_2013q1/bin/../lib/gcc/arm-none-eabi/4.7.3/../../../../arm-none-eabi/lib/armv6-m/crt0.o (memset)
c:/siliconlabs/simplicitystudio/v2/developer/toolchains/gnu_arm/4.7_2013q1/bin/../lib/gcc/arm-none-eabi/4.7.3/../../../../arm-none-eabi/lib/armv6-m\libc_s.a(lib_a-rand.o)
                              ./src/game.o (rand)
c:/siliconlabs/simplicitystudio/v2/developer/toolchains/gnu_arm/4.7_2013q1/bin/../lib/gcc/arm-none-eabi/4.7.3/../../../../arm-none-eabi/lib/armv6-m\libc_s.a(lib_a-malloc.o)
                              c:/siliconlabs/simplicitystudio/v2/developer/toolchains/gnu_arm/4.7_2013q1/bin/../lib/gcc/arm-none-eabi/4.7.3/../../../../arm-none-eabi/lib/armv6-m\libc_s.a(lib_a-rand.o) (malloc)
c:/siliconlabs/simplicitystudio/v2/developer/toolchains/gnu_arm/4.7_2013q1/bin/../lib/gcc/arm-none-eabi/4.7.3/../../../../arm-none-eabi/lib/armv6-m\libc_s.a(lib_a-mallocr.o)
                              c:/siliconlabs/simplicitystudio/v2/developer/toolchains/gnu_arm/4.7_2013q1/bin/../lib/gcc/arm-none-eabi/4.7.3/../../../../arm-none-eabi/lib/armv6-m\libc_s.a(lib_a-malloc.o) (_malloc_r)
c:/siliconlabs/simplicitystudio/v2/developer/toolchains/gnu_arm/4.7_2013q1/bin/../lib/gcc/arm-none-eabi/4.7.3/../../../../arm-none-eabi/lib/armv6-m\libc_s.a(lib_a-sbrkr.o)
                              c:/siliconlabs/simplicitystudio/v2/developer/toolchains/gnu_arm/4.7_2013q1/bin/../lib/gcc/arm-none-eabi/4.7.3/../../../../arm-none-eabi/lib/armv6-m\libc_s.a(lib_a-mallocr.o) (_sbrk_r)
c:/siliconlabs/simplicitystudio/v2/developer/toolchains/gnu_arm/4.7_2013q1/bin/../lib/gcc/arm-none-eabi/4.7.3/../../../../arm-none-eabi/lib/armv6-m\libc_s.a(lib_a-freer.o)
                              c:/siliconlabs/simplicitystudio/v2/developer/toolchains/gnu_arm/4.7_2013q1/bin/../lib/gcc/arm-none-eabi/4.7.3/../../../../arm-none-eabi/lib/armv6-m\libc_s.a(lib_a-malloc.o) (_free_r)
c:/siliconlabs/simplicitystudio/v2/developer/toolchains/gnu_arm/4.7_2013q1/bin/../lib/gcc/arm-none-eabi/4.7.3/../../../../arm-none-eabi/lib/armv6-m\libc_s.a(lib_a-reent.o)
                              c:/siliconlabs/simplicitystudio/v2/developer/toolchains/gnu_arm/4.7_2013q1/bin/../lib/gcc/arm-none-eabi/4.7.3/../../../../arm-none-eabi/lib/armv6-m\libc_s.a(lib_a-sbrkr.o) (errno)
c:/siliconlabs/simplicitystudio/v2/developer/toolchains/gnu_arm/4.7_2013q1/bin/../lib/gcc/arm-none-eabi/4.7.3/../../../../arm-none-eabi/lib/armv6-m\libnosys.a(sbrk.o)
                              c:/siliconlabs/simplicitystudio/v2/developer/toolchains/gnu_arm/4.7_2013q1/bin/../lib/gcc/arm-none-eabi/4.7.3/../../../../arm-none-eabi/lib/armv6-m\libc_s.a(lib_a-sbrkr.o) (_sbrk)
c:/siliconlabs/simplicitystudio/v2/developer/toolchains/gnu_arm/4.7_2013q1/bin/../lib/gcc/arm-none-eabi/4.7.3/../../../../arm-none-eabi/lib/armv6-m\libnosys.a(_exit.o)
                              c:/siliconlabs/simplicitystudio/v2/developer/toolchains/gnu_arm/4.7_2013q1/bin/../lib/gcc/arm-none-eabi/4.7.3/../../../../arm-none-eabi/lib/armv6-m\libc_s.a(lib_a-exit.o) (_exit)
c:/siliconlabs/simplicitystudio/v2/developer/toolchains/gnu_arm/4.7_2013q1/bin/../lib/gcc/arm-none-eabi/4.7.3/armv6-m\libgcc.a(_muldi3.o)
                              c:/siliconlabs/simplicitystudio/v2/developer/toolchains/gnu_arm/4.7_2013q1/bin/../lib/gcc/arm-none-eabi/4.7.3/../../../../arm-none-eabi/lib/armv6-m\libc_s.a(lib_a-rand.o) (__aeabi_lmul)

Allocating common symbols
Common symbol       size              file

errno               0x4               c:/siliconlabs/simplicitystudio/v2/developer/toolchains/gnu_arm/4.7_2013q1/bin/../lib/gcc/arm-none-eabi/4.7.3/../../../../arm-none-eabi/lib/armv6-m\libc_s.a(lib_a-reent.o)
pb1Pressed          0x1               ./src/spaceinvaders.o
SystemCoreClock     0x4               ./CMSIS/efm32zg/system_efm32zg.o
state               0x1               ./src/spaceinvaders.o
pb0Pressed          0x1               ./src/spaceinvaders.o
nextState           0x1               ./src/spaceinvaders.o
gameUpdateFlag      0x1               ./src/spaceinvaders.o

Discarded input sections

 .text          0x00000000        0x0 c:/siliconlabs/simplicitystudio/v2/developer/toolchains/gnu_arm/4.7_2013q1/bin/../lib/gcc/arm-none-eabi/4.7.3/armv6-m/crti.o
 .data          0x00000000        0x0 c:/siliconlabs/simplicitystudio/v2/developer/toolchains/gnu_arm/4.7_2013q1/bin/../lib/gcc/arm-none-eabi/4.7.3/armv6-m/crti.o
 .bss           0x00000000        0x0 c:/siliconlabs/simplicitystudio/v2/developer/toolchains/gnu_arm/4.7_2013q1/bin/../lib/gcc/arm-none-eabi/4.7.3/armv6-m/crti.o
 .data          0x00000000        0x4 c:/siliconlabs/simplicitystudio/v2/developer/toolchains/gnu_arm/4.7_2013q1/bin/../lib/gcc/arm-none-eabi/4.7.3/armv6-m/crtbegin.o
 .data          0x00000000        0x0 c:/siliconlabs/simplicitystudio/v2/developer/toolchains/gnu_arm/4.7_2013q1/bin/../lib/gcc/arm-none-eabi/4.7.3/../../../../arm-none-eabi/lib/armv6-m/crt0.o
 .bss           0x00000000        0x0 c:/siliconlabs/simplicitystudio/v2/developer/toolchains/gnu_arm/4.7_2013q1/bin/../lib/gcc/arm-none-eabi/4.7.3/../../../../arm-none-eabi/lib/armv6-m/crt0.o
 .ARM.extab     0x00000000        0x0 c:/siliconlabs/simplicitystudio/v2/developer/toolchains/gnu_arm/4.7_2013q1/bin/../lib/gcc/arm-none-eabi/4.7.3/../../../../arm-none-eabi/lib/armv6-m/crt0.o
 .text          0x00000000        0x0 ./src/capsense_spaceinvaders.o
 .data          0x00000000        0x0 ./src/capsense_spaceinvaders.o
 .bss           0x00000000        0x0 ./src/capsense_spaceinvaders.o
 .text.CAPSENSE_getVal
                0x00000000        0xc ./src/capsense_spaceinvaders.o
 .text.CAPSENSE_getButton0Channel
                0x00000000        0x4 ./src/capsense_spaceinvaders.o
 .text.CAPSENSE_getButton1Channel
                0x00000000        0x4 ./src/capsense_spaceinvaders.o
 .text.CAPSENSE_getNormalizedVal
                0x00000000       0x1c ./src/capsense_spaceinvaders.o
 .text.CAPSENSE_getSliderPosition
                0x00000000       0xe8 ./src/capsense_spaceinvaders.o
 .text          0x00000000        0x0 ./src/game.o
 .data          0x00000000        0x0 ./src/game.o
 .bss           0x00000000        0x0 ./src/game.o
 .text          0x00000000        0x0 ./src/main.o
 .data          0x00000000        0x0 ./src/main.o
 .bss           0x00000000        0x0 ./src/main.o
 .text          0x00000000        0x0 ./src/render.o
 .data          0x00000000        0x0 ./src/render.o
 .bss           0x00000000        0x0 ./src/render.o
 .text.RENDER_SetFontColor
                0x00000000        0xc ./src/render.o
 .text.RENDER_SetFontResizeFactor
                0x00000000        0xc ./src/render.o
 .text.RENDER_ClearFramebufferLines
                0x00000000       0x24 ./src/render.o
 .text          0x00000000        0x0 ./src/spaceinvaders.o
 .data          0x00000000        0x0 ./src/spaceinvaders.o
 .bss           0x00000000        0x0 ./src/spaceinvaders.o
 .text          0x00000000        0x0 ./emlib/em_acmp.o
 .data          0x00000000        0x0 ./emlib/em_acmp.o
 .bss           0x00000000        0x0 ./emlib/em_acmp.o
 .text.ACMP_Disable
                0x00000000        0xc ./emlib/em_acmp.o
 .text.ACMP_Reset
                0x00000000       0x34 ./emlib/em_acmp.o
 .text.ACMP_GPIOSetup
                0x00000000       0x30 ./emlib/em_acmp.o
 .text.ACMP_ChannelSet
                0x00000000       0x3c ./emlib/em_acmp.o
 .text.ACMP_Init
                0x00000000       0x90 ./emlib/em_acmp.o
 .text          0x00000000        0x0 ./emlib/em_assert.o
 .data          0x00000000        0x0 ./emlib/em_assert.o
 .bss           0x00000000        0x0 ./emlib/em_assert.o
 .text          0x00000000        0x0 ./emlib/em_cmu.o
 .data          0x00000000        0x0 ./emlib/em_cmu.o
 .bss           0x00000000        0x0 ./emlib/em_cmu.o
 .text.CMU_Calibrate
                0x00000000       0x80 ./emlib/em_cmu.o
 .rodata.CMU_Calibrate
                0x00000000       0x14 ./emlib/em_cmu.o
 .text.CMU_CalibrateConfig
                0x00000000       0xa8 ./emlib/em_cmu.o
 .rodata.CMU_CalibrateConfig
                0x00000000       0x28 ./emlib/em_cmu.o
 .text.CMU_FreezeEnable
                0x00000000       0x20 ./emlib/em_cmu.o
 .text.CMU_AUXHFRCOBandGet
                0x00000000       0x10 ./emlib/em_cmu.o
 .text.CMU_AUXHFRCOBandSet
                0x00000000       0x6c ./emlib/em_cmu.o
 .rodata.CMU_AUXHFRCOBandSet
                0x00000000       0x20 ./emlib/em_cmu.o
 .text.CMU_HFRCOBandGet
                0x00000000       0x10 ./emlib/em_cmu.o
 .text.CMU_HFRCOBandSet
                0x00000000       0xf4 ./emlib/em_cmu.o
 .rodata.CMU_HFRCOBandSet
                0x00000000       0x14 ./emlib/em_cmu.o
 .text.CMU_HFRCOStartupDelayGet
                0x00000000       0x10 ./emlib/em_cmu.o
 .text.CMU_HFRCOStartupDelaySet
                0x00000000       0x38 ./emlib/em_cmu.o
 .text.CMU_LCDClkFDIVGet
                0x00000000        0x4 ./emlib/em_cmu.o
 .text.CMU_LCDClkFDIVSet
                0x00000000        0x4 ./emlib/em_cmu.o
 .text.CMU_OscillatorTuningGet
                0x00000000       0x44 ./emlib/em_cmu.o
 .text.CMU_OscillatorTuningSet
                0x00000000       0x8c ./emlib/em_cmu.o
 .text.CMU_PCNTClockExternalGet
                0x00000000       0x18 ./emlib/em_cmu.o
 .text.CMU_PCNTClockExternalSet
                0x00000000       0x38 ./emlib/em_cmu.o
 .text          0x00000000        0x0 ./emlib/em_emu.o
 .data          0x00000000        0x0 ./emlib/em_emu.o
 .bss           0x00000000        0x0 ./emlib/em_emu.o
 .text.EMU_EnterEM2
                0x00000000       0xb4 ./emlib/em_emu.o
 .text.EMU_EnterEM3
                0x00000000       0xd0 ./emlib/em_emu.o
 .text.EMU_EnterEM4
                0x00000000       0x28 ./emlib/em_emu.o
 .text.EMU_MemPwrDown
                0x00000000        0x4 ./emlib/em_emu.o
 .text          0x00000000        0x0 ./emlib/em_gpio.o
 .data          0x00000000        0x0 ./emlib/em_gpio.o
 .bss           0x00000000        0x0 ./emlib/em_gpio.o
 .text.GPIO_DbgLocationSet
                0x00000000        0x4 ./emlib/em_gpio.o
 .text.GPIO_DriveModeSet
                0x00000000       0x34 ./emlib/em_gpio.o
 .text          0x00000000        0x0 ./emlib/em_int.o
 .data          0x00000000        0x0 ./emlib/em_int.o
 .bss           0x00000000        0x0 ./emlib/em_int.o
 .text          0x00000000        0x0 ./emlib/em_rtc.o
 .data          0x00000000        0x0 ./emlib/em_rtc.o
 .bss           0x00000000        0x0 ./emlib/em_rtc.o
 .text.RTC_CompareGet
                0x00000000       0x30 ./emlib/em_rtc.o
 .text.RTC_Reset
                0x00000000       0x18 ./emlib/em_rtc.o
 .text.RTC_CounterReset
                0x00000000       0x18 ./emlib/em_rtc.o
 .text          0x00000000        0x0 ./emlib/em_system.o
 .data          0x00000000        0x0 ./emlib/em_system.o
 .bss           0x00000000        0x0 ./emlib/em_system.o
 .text.SYSTEM_ChipRevisionGet
                0x00000000       0x38 ./emlib/em_system.o
 .text.SYSTEM_GetCalibrationValue
                0x00000000       0x38 ./emlib/em_system.o
 .rodata.str1.4
                0x00000000       0x18 ./emlib/em_system.o
 .debug_info    0x00000000      0x29a ./emlib/em_system.o
 .debug_abbrev  0x00000000      0x10d ./emlib/em_system.o
 .debug_loc     0x00000000      0x110 ./emlib/em_system.o
 .debug_aranges
                0x00000000       0x28 ./emlib/em_system.o
 .debug_ranges  0x00000000       0x18 ./emlib/em_system.o
 .debug_line    0x00000000      0x232 ./emlib/em_system.o
 .debug_str     0x00000000      0x248 ./emlib/em_system.o
 .comment       0x00000000       0x71 ./emlib/em_system.o
 .ARM.attributes
                0x00000000       0x32 ./emlib/em_system.o
 .debug_frame   0x00000000       0x40 ./emlib/em_system.o
 .text          0x00000000        0x0 ./emlib/em_usart.o
 .data          0x00000000        0x0 ./emlib/em_usart.o
 .bss           0x00000000        0x0 ./emlib/em_usart.o
 .text.USART_BaudrateAsyncSet
                0x00000000       0xe8 ./emlib/em_usart.o
 .text.USART_BaudrateCalc
                0x00000000       0x60 ./emlib/em_usart.o
 .text.USART_BaudrateGet
                0x00000000       0x88 ./emlib/em_usart.o
 .text.USART_BaudrateSyncSet
                0x00000000       0x64 ./emlib/em_usart.o
 .text.USART_Enable
                0x00000000       0x2c ./emlib/em_usart.o
 .text.USART_InitAsync
                0x00000000       0xb0 ./emlib/em_usart.o
 .text.USART_InitIrDA
                0x00000000       0xb0 ./emlib/em_usart.o
 .text.USART_InitI2s
                0x00000000       0x7c ./emlib/em_usart.o
 .text.USART_InitPrsTrigger
                0x00000000       0x30 ./emlib/em_usart.o
 .text.USART_Reset
                0x00000000       0x68 ./emlib/em_usart.o
 .text.USART_Rx
                0x00000000       0x10 ./emlib/em_usart.o
 .text.USART_RxDouble
                0x00000000       0x14 ./emlib/em_usart.o
 .text.USART_RxDoubleExt
                0x00000000       0x10 ./emlib/em_usart.o
 .text.USART_RxExt
                0x00000000       0x10 ./emlib/em_usart.o
 .text.USART_SpiTransfer
                0x00000000       0x1c ./emlib/em_usart.o
 .text.USART_TxDoubleExt
                0x00000000       0x10 ./emlib/em_usart.o
 .text.USART_TxExt
                0x00000000       0x10 ./emlib/em_usart.o
 .text          0x00000000        0x0 ./Drivers/display.o
 .data          0x00000000        0x0 ./Drivers/display.o
 .bss           0x00000000        0x0 ./Drivers/display.o
 .text.DISPLAY_DriverRefresh
                0x00000000       0x5c ./Drivers/display.o
 .text          0x00000000        0x0 ./Drivers/displayls013b7dh03.o
 .data          0x00000000        0x0 ./Drivers/displayls013b7dh03.o
 .bss           0x00000000        0x0 ./Drivers/displayls013b7dh03.o
 .text          0x00000000        0x0 ./Drivers/displaypalemlib.o
 .data          0x00000000        0x0 ./Drivers/displaypalemlib.o
 .bss           0x00000000        0x0 ./Drivers/displaypalemlib.o
 .text.PAL_SpiShutdown
                0x00000000       0x20 ./Drivers/displaypalemlib.o
 .text.PAL_TimerShutdown
                0x00000000        0x4 ./Drivers/displaypalemlib.o
 .text.PAL_GpioShutdown
                0x00000000       0x14 ./Drivers/displaypalemlib.o
 .text.PAL_GpioPinOutToggle
                0x00000000       0x40 ./Drivers/displaypalemlib.o
 .text          0x00000000        0x0 ./Drivers/udelay.o
 .data          0x00000000        0x0 ./Drivers/udelay.o
 .bss           0x00000000        0x0 ./Drivers/udelay.o
 .data          0x00000000        0x0 ./CMSIS/efm32zg/startup_gcc_efm32zg.o
 .bss           0x00000000        0x0 ./CMSIS/efm32zg/startup_gcc_efm32zg.o
 .text          0x00000000        0x0 ./CMSIS/efm32zg/system_efm32zg.o
 .data          0x00000000        0x0 ./CMSIS/efm32zg/system_efm32zg.o
 .bss           0x00000000        0x0 ./CMSIS/efm32zg/system_efm32zg.o
 .text.SystemHFXOClockGet
                0x00000000        0xc ./CMSIS/efm32zg/system_efm32zg.o
 .text.SystemHFXOClockSet
                0x00000000       0xb4 ./CMSIS/efm32zg/system_efm32zg.o
 .text.SystemLFXOClockSet
                0x00000000       0xb4 ./CMSIS/efm32zg/system_efm32zg.o
 .data          0x00000000        0x0 c:/siliconlabs/simplicitystudio/v2/developer/toolchains/gnu_arm/4.7_2013q1/bin/../lib/gcc/arm-none-eabi/4.7.3/armv6-m\libgcc.a(_udivsi3.o)
 .bss           0x00000000        0x0 c:/siliconlabs/simplicitystudio/v2/developer/toolchains/gnu_arm/4.7_2013q1/bin/../lib/gcc/arm-none-eabi/4.7.3/armv6-m\libgcc.a(_udivsi3.o)
 .data          0x00000000        0x0 c:/siliconlabs/simplicitystudio/v2/developer/toolchains/gnu_arm/4.7_2013q1/bin/../lib/gcc/arm-none-eabi/4.7.3/armv6-m\libgcc.a(_divsi3.o)
 .bss           0x00000000        0x0 c:/siliconlabs/simplicitystudio/v2/developer/toolchains/gnu_arm/4.7_2013q1/bin/../lib/gcc/arm-none-eabi/4.7.3/armv6-m\libgcc.a(_divsi3.o)
 .data          0x00000000        0x0 c:/siliconlabs/simplicitystudio/v2/developer/toolchains/gnu_arm/4.7_2013q1/bin/../lib/gcc/arm-none-eabi/4.7.3/armv6-m\libgcc.a(_dvmd_tls.o)
 .bss           0x00000000        0x0 c:/siliconlabs/simplicitystudio/v2/developer/toolchains/gnu_arm/4.7_2013q1/bin/../lib/gcc/arm-none-eabi/4.7.3/armv6-m\libgcc.a(_dvmd_tls.o)
 .text          0x00000000        0x0 c:/siliconlabs/simplicitystudio/v2/developer/toolchains/gnu_arm/4.7_2013q1/bin/../lib/gcc/arm-none-eabi/4.7.3/../../../../arm-none-eabi/lib/armv6-m\libc_s.a(lib_a-__atexit2.o)
 .data          0x00000000        0x0 c:/siliconlabs/simplicitystudio/v2/developer/toolchains/gnu_arm/4.7_2013q1/bin/../lib/gcc/arm-none-eabi/4.7.3/../../../../arm-none-eabi/lib/armv6-m\libc_s.a(lib_a-__atexit2.o)
 .bss           0x00000000        0x0 c:/siliconlabs/simplicitystudio/v2/developer/toolchains/gnu_arm/4.7_2013q1/bin/../lib/gcc/arm-none-eabi/4.7.3/../../../../arm-none-eabi/lib/armv6-m\libc_s.a(lib_a-__atexit2.o)
 .text          0x00000000        0x0 c:/siliconlabs/simplicitystudio/v2/developer/toolchains/gnu_arm/4.7_2013q1/bin/../lib/gcc/arm-none-eabi/4.7.3/../../../../arm-none-eabi/lib/armv6-m\libc_s.a(lib_a-exit.o)
 .data          0x00000000        0x0 c:/siliconlabs/simplicitystudio/v2/developer/toolchains/gnu_arm/4.7_2013q1/bin/../lib/gcc/arm-none-eabi/4.7.3/../../../../arm-none-eabi/lib/armv6-m\libc_s.a(lib_a-exit.o)
 .bss           0x00000000        0x0 c:/siliconlabs/simplicitystudio/v2/developer/toolchains/gnu_arm/4.7_2013q1/bin/../lib/gcc/arm-none-eabi/4.7.3/../../../../arm-none-eabi/lib/armv6-m\libc_s.a(lib_a-exit.o)
 .text          0x00000000        0x0 c:/siliconlabs/simplicitystudio/v2/developer/toolchains/gnu_arm/4.7_2013q1/bin/../lib/gcc/arm-none-eabi/4.7.3/../../../../arm-none-eabi/lib/armv6-m\libc_s.a(lib_a-fini.o)
 .data          0x00000000        0x0 c:/siliconlabs/simplicitystudio/v2/developer/toolchains/gnu_arm/4.7_2013q1/bin/../lib/gcc/arm-none-eabi/4.7.3/../../../../arm-none-eabi/lib/armv6-m\libc_s.a(lib_a-fini.o)
 .bss           0x00000000        0x0 c:/siliconlabs/simplicitystudio/v2/developer/toolchains/gnu_arm/4.7_2013q1/bin/../lib/gcc/arm-none-eabi/4.7.3/../../../../arm-none-eabi/lib/armv6-m\libc_s.a(lib_a-fini.o)
 .text          0x00000000        0x0 c:/siliconlabs/simplicitystudio/v2/developer/toolchains/gnu_arm/4.7_2013q1/bin/../lib/gcc/arm-none-eabi/4.7.3/../../../../arm-none-eabi/lib/armv6-m\libc_s.a(lib_a-impure.o)
 .data          0x00000000        0x0 c:/siliconlabs/simplicitystudio/v2/developer/toolchains/gnu_arm/4.7_2013q1/bin/../lib/gcc/arm-none-eabi/4.7.3/../../../../arm-none-eabi/lib/armv6-m\libc_s.a(lib_a-impure.o)
 .bss           0x00000000        0x0 c:/siliconlabs/simplicitystudio/v2/developer/toolchains/gnu_arm/4.7_2013q1/bin/../lib/gcc/arm-none-eabi/4.7.3/../../../../arm-none-eabi/lib/armv6-m\libc_s.a(lib_a-impure.o)
 .text          0x00000000        0x0 c:/siliconlabs/simplicitystudio/v2/developer/toolchains/gnu_arm/4.7_2013q1/bin/../lib/gcc/arm-none-eabi/4.7.3/../../../../arm-none-eabi/lib/armv6-m\libc_s.a(lib_a-init.o)
 .data          0x00000000        0x0 c:/siliconlabs/simplicitystudio/v2/developer/toolchains/gnu_arm/4.7_2013q1/bin/../lib/gcc/arm-none-eabi/4.7.3/../../../../arm-none-eabi/lib/armv6-m\libc_s.a(lib_a-init.o)
 .bss           0x00000000        0x0 c:/siliconlabs/simplicitystudio/v2/developer/toolchains/gnu_arm/4.7_2013q1/bin/../lib/gcc/arm-none-eabi/4.7.3/../../../../arm-none-eabi/lib/armv6-m\libc_s.a(lib_a-init.o)
 .text          0x00000000        0x0 c:/siliconlabs/simplicitystudio/v2/developer/toolchains/gnu_arm/4.7_2013q1/bin/../lib/gcc/arm-none-eabi/4.7.3/../../../../arm-none-eabi/lib/armv6-m\libc_s.a(lib_a-memcpy.o)
 .data          0x00000000        0x0 c:/siliconlabs/simplicitystudio/v2/developer/toolchains/gnu_arm/4.7_2013q1/bin/../lib/gcc/arm-none-eabi/4.7.3/../../../../arm-none-eabi/lib/armv6-m\libc_s.a(lib_a-memcpy.o)
 .bss           0x00000000        0x0 c:/siliconlabs/simplicitystudio/v2/developer/toolchains/gnu_arm/4.7_2013q1/bin/../lib/gcc/arm-none-eabi/4.7.3/../../../../arm-none-eabi/lib/armv6-m\libc_s.a(lib_a-memcpy.o)
 .text          0x00000000        0x0 c:/siliconlabs/simplicitystudio/v2/developer/toolchains/gnu_arm/4.7_2013q1/bin/../lib/gcc/arm-none-eabi/4.7.3/../../../../arm-none-eabi/lib/armv6-m\libc_s.a(lib_a-memset.o)
 .data          0x00000000        0x0 c:/siliconlabs/simplicitystudio/v2/developer/toolchains/gnu_arm/4.7_2013q1/bin/../lib/gcc/arm-none-eabi/4.7.3/../../../../arm-none-eabi/lib/armv6-m\libc_s.a(lib_a-memset.o)
 .bss           0x00000000        0x0 c:/siliconlabs/simplicitystudio/v2/developer/toolchains/gnu_arm/4.7_2013q1/bin/../lib/gcc/arm-none-eabi/4.7.3/../../../../arm-none-eabi/lib/armv6-m\libc_s.a(lib_a-memset.o)
 .text          0x00000000        0x0 c:/siliconlabs/simplicitystudio/v2/developer/toolchains/gnu_arm/4.7_2013q1/bin/../lib/gcc/arm-none-eabi/4.7.3/../../../../arm-none-eabi/lib/armv6-m\libc_s.a(lib_a-rand.o)
 .data          0x00000000        0x0 c:/siliconlabs/simplicitystudio/v2/developer/toolchains/gnu_arm/4.7_2013q1/bin/../lib/gcc/arm-none-eabi/4.7.3/../../../../arm-none-eabi/lib/armv6-m\libc_s.a(lib_a-rand.o)
 .bss           0x00000000        0x0 c:/siliconlabs/simplicitystudio/v2/developer/toolchains/gnu_arm/4.7_2013q1/bin/../lib/gcc/arm-none-eabi/4.7.3/../../../../arm-none-eabi/lib/armv6-m\libc_s.a(lib_a-rand.o)
 .text.srand    0x00000000       0x64 c:/siliconlabs/simplicitystudio/v2/developer/toolchains/gnu_arm/4.7_2013q1/bin/../lib/gcc/arm-none-eabi/4.7.3/../../../../arm-none-eabi/lib/armv6-m\libc_s.a(lib_a-rand.o)
 .text          0x00000000        0x0 c:/siliconlabs/simplicitystudio/v2/developer/toolchains/gnu_arm/4.7_2013q1/bin/../lib/gcc/arm-none-eabi/4.7.3/../../../../arm-none-eabi/lib/armv6-m\libc_s.a(lib_a-malloc.o)
 .data          0x00000000        0x0 c:/siliconlabs/simplicitystudio/v2/developer/toolchains/gnu_arm/4.7_2013q1/bin/../lib/gcc/arm-none-eabi/4.7.3/../../../../arm-none-eabi/lib/armv6-m\libc_s.a(lib_a-malloc.o)
 .bss           0x00000000        0x0 c:/siliconlabs/simplicitystudio/v2/developer/toolchains/gnu_arm/4.7_2013q1/bin/../lib/gcc/arm-none-eabi/4.7.3/../../../../arm-none-eabi/lib/armv6-m\libc_s.a(lib_a-malloc.o)
 .text.free     0x00000000       0x14 c:/siliconlabs/simplicitystudio/v2/developer/toolchains/gnu_arm/4.7_2013q1/bin/../lib/gcc/arm-none-eabi/4.7.3/../../../../arm-none-eabi/lib/armv6-m\libc_s.a(lib_a-malloc.o)
 .text          0x00000000        0x0 c:/siliconlabs/simplicitystudio/v2/developer/toolchains/gnu_arm/4.7_2013q1/bin/../lib/gcc/arm-none-eabi/4.7.3/../../../../arm-none-eabi/lib/armv6-m\libc_s.a(lib_a-mallocr.o)
 .data          0x00000000        0x0 c:/siliconlabs/simplicitystudio/v2/developer/toolchains/gnu_arm/4.7_2013q1/bin/../lib/gcc/arm-none-eabi/4.7.3/../../../../arm-none-eabi/lib/armv6-m\libc_s.a(lib_a-mallocr.o)
 .bss           0x00000000        0x0 c:/siliconlabs/simplicitystudio/v2/developer/toolchains/gnu_arm/4.7_2013q1/bin/../lib/gcc/arm-none-eabi/4.7.3/../../../../arm-none-eabi/lib/armv6-m\libc_s.a(lib_a-mallocr.o)
 .text          0x00000000        0x0 c:/siliconlabs/simplicitystudio/v2/developer/toolchains/gnu_arm/4.7_2013q1/bin/../lib/gcc/arm-none-eabi/4.7.3/../../../../arm-none-eabi/lib/armv6-m\libc_s.a(lib_a-sbrkr.o)
 .data          0x00000000        0x0 c:/siliconlabs/simplicitystudio/v2/developer/toolchains/gnu_arm/4.7_2013q1/bin/../lib/gcc/arm-none-eabi/4.7.3/../../../../arm-none-eabi/lib/armv6-m\libc_s.a(lib_a-sbrkr.o)
 .bss           0x00000000        0x0 c:/siliconlabs/simplicitystudio/v2/developer/toolchains/gnu_arm/4.7_2013q1/bin/../lib/gcc/arm-none-eabi/4.7.3/../../../../arm-none-eabi/lib/armv6-m\libc_s.a(lib_a-sbrkr.o)
 .text          0x00000000        0x0 c:/siliconlabs/simplicitystudio/v2/developer/toolchains/gnu_arm/4.7_2013q1/bin/../lib/gcc/arm-none-eabi/4.7.3/../../../../arm-none-eabi/lib/armv6-m\libc_s.a(lib_a-freer.o)
 .data          0x00000000        0x0 c:/siliconlabs/simplicitystudio/v2/developer/toolchains/gnu_arm/4.7_2013q1/bin/../lib/gcc/arm-none-eabi/4.7.3/../../../../arm-none-eabi/lib/armv6-m\libc_s.a(lib_a-freer.o)
 .bss           0x00000000        0x0 c:/siliconlabs/simplicitystudio/v2/developer/toolchains/gnu_arm/4.7_2013q1/bin/../lib/gcc/arm-none-eabi/4.7.3/../../../../arm-none-eabi/lib/armv6-m\libc_s.a(lib_a-freer.o)
 .text._free_r  0x00000000       0x90 c:/siliconlabs/simplicitystudio/v2/developer/toolchains/gnu_arm/4.7_2013q1/bin/../lib/gcc/arm-none-eabi/4.7.3/../../../../arm-none-eabi/lib/armv6-m\libc_s.a(lib_a-freer.o)
 .ARM.attributes
                0x00000000       0x2c c:/siliconlabs/simplicitystudio/v2/developer/toolchains/gnu_arm/4.7_2013q1/bin/../lib/gcc/arm-none-eabi/4.7.3/../../../../arm-none-eabi/lib/armv6-m\libc_s.a(lib_a-freer.o)
 .debug_frame   0x00000000       0x2c c:/siliconlabs/simplicitystudio/v2/developer/toolchains/gnu_arm/4.7_2013q1/bin/../lib/gcc/arm-none-eabi/4.7.3/../../../../arm-none-eabi/lib/armv6-m\libc_s.a(lib_a-freer.o)
 .text          0x00000000        0x0 c:/siliconlabs/simplicitystudio/v2/developer/toolchains/gnu_arm/4.7_2013q1/bin/../lib/gcc/arm-none-eabi/4.7.3/../../../../arm-none-eabi/lib/armv6-m\libc_s.a(lib_a-reent.o)
 .data          0x00000000        0x0 c:/siliconlabs/simplicitystudio/v2/developer/toolchains/gnu_arm/4.7_2013q1/bin/../lib/gcc/arm-none-eabi/4.7.3/../../../../arm-none-eabi/lib/armv6-m\libc_s.a(lib_a-reent.o)
 .bss           0x00000000        0x0 c:/siliconlabs/simplicitystudio/v2/developer/toolchains/gnu_arm/4.7_2013q1/bin/../lib/gcc/arm-none-eabi/4.7.3/../../../../arm-none-eabi/lib/armv6-m\libc_s.a(lib_a-reent.o)
 .text.cleanup_glue
                0x00000000       0x1a c:/siliconlabs/simplicitystudio/v2/developer/toolchains/gnu_arm/4.7_2013q1/bin/../lib/gcc/arm-none-eabi/4.7.3/../../../../arm-none-eabi/lib/armv6-m\libc_s.a(lib_a-reent.o)
 .text._reclaim_reent
                0x00000000       0xc0 c:/siliconlabs/simplicitystudio/v2/developer/toolchains/gnu_arm/4.7_2013q1/bin/../lib/gcc/arm-none-eabi/4.7.3/../../../../arm-none-eabi/lib/armv6-m\libc_s.a(lib_a-reent.o)
 .text._wrapup_reent
                0x00000000       0x34 c:/siliconlabs/simplicitystudio/v2/developer/toolchains/gnu_arm/4.7_2013q1/bin/../lib/gcc/arm-none-eabi/4.7.3/../../../../arm-none-eabi/lib/armv6-m\libc_s.a(lib_a-reent.o)
 .text          0x00000000        0x0 c:/siliconlabs/simplicitystudio/v2/developer/toolchains/gnu_arm/4.7_2013q1/bin/../lib/gcc/arm-none-eabi/4.7.3/../../../../arm-none-eabi/lib/armv6-m\libnosys.a(sbrk.o)
 .data          0x00000000        0x0 c:/siliconlabs/simplicitystudio/v2/developer/toolchains/gnu_arm/4.7_2013q1/bin/../lib/gcc/arm-none-eabi/4.7.3/../../../../arm-none-eabi/lib/armv6-m\libnosys.a(sbrk.o)
 .bss           0x00000000        0x0 c:/siliconlabs/simplicitystudio/v2/developer/toolchains/gnu_arm/4.7_2013q1/bin/../lib/gcc/arm-none-eabi/4.7.3/../../../../arm-none-eabi/lib/armv6-m\libnosys.a(sbrk.o)
 .text          0x00000000        0x0 c:/siliconlabs/simplicitystudio/v2/developer/toolchains/gnu_arm/4.7_2013q1/bin/../lib/gcc/arm-none-eabi/4.7.3/../../../../arm-none-eabi/lib/armv6-m\libnosys.a(_exit.o)
 .data          0x00000000        0x0 c:/siliconlabs/simplicitystudio/v2/developer/toolchains/gnu_arm/4.7_2013q1/bin/../lib/gcc/arm-none-eabi/4.7.3/../../../../arm-none-eabi/lib/armv6-m\libnosys.a(_exit.o)
 .bss           0x00000000        0x0 c:/siliconlabs/simplicitystudio/v2/developer/toolchains/gnu_arm/4.7_2013q1/bin/../lib/gcc/arm-none-eabi/4.7.3/../../../../arm-none-eabi/lib/armv6-m\libnosys.a(_exit.o)
 .data          0x00000000        0x0 c:/siliconlabs/simplicitystudio/v2/developer/toolchains/gnu_arm/4.7_2013q1/bin/../lib/gcc/arm-none-eabi/4.7.3/armv6-m\libgcc.a(_muldi3.o)
 .bss           0x00000000        0x0 c:/siliconlabs/simplicitystudio/v2/developer/toolchains/gnu_arm/4.7_2013q1/bin/../lib/gcc/arm-none-eabi/4.7.3/armv6-m\libgcc.a(_muldi3.o)
 .text          0x00000000        0x0 c:/siliconlabs/simplicitystudio/v2/developer/toolchains/gnu_arm/4.7_2013q1/bin/../lib/gcc/arm-none-eabi/4.7.3/armv6-m/crtend.o
 .data          0x00000000        0x0 c:/siliconlabs/simplicitystudio/v2/developer/toolchains/gnu_arm/4.7_2013q1/bin/../lib/gcc/arm-none-eabi/4.7.3/armv6-m/crtend.o
 .bss           0x00000000        0x0 c:/siliconlabs/simplicitystudio/v2/developer/toolchains/gnu_arm/4.7_2013q1/bin/../lib/gcc/arm-none-eabi/4.7.3/armv6-m/crtend.o
 .jcr           0x00000000        0x4 c:/siliconlabs/simplicitystudio/v2/developer/toolchains/gnu_arm/4.7_2013q1/bin/../lib/gcc/arm-none-eabi/4.7.3/armv6-m/crtend.o
 .text          0x00000000        0x0 c:/siliconlabs/simplicitystudio/v2/developer/toolchains/gnu_arm/4.7_2013q1/bin/../lib/gcc/arm-none-eabi/4.7.3/armv6-m/crtn.o
 .data          0x00000000        0x0 c:/siliconlabs/simplicitystudio/v2/developer/toolchains/gnu_arm/4.7_2013q1/bin/../lib/gcc/arm-none-eabi/4.7.3/armv6-m/crtn.o
 .bss           0x00000000        0x0 c:/siliconlabs/simplicitystudio/v2/developer/toolchains/gnu_arm/4.7_2013q1/bin/../lib/gcc/arm-none-eabi/4.7.3/armv6-m/crtn.o

Memory Configuration

Name             Origin             Length             Attributes
FLASH            0x00000000         0x00008000         xr
RAM              0x20000000         0x00001000         xrw
*default*        0x00000000         0xffffffff

Linker script and memory map

LOAD c:/siliconlabs/simplicitystudio/v2/developer/toolchains/gnu_arm/4.7_2013q1/bin/../lib/gcc/arm-none-eabi/4.7.3/armv6-m/crti.o
LOAD c:/siliconlabs/simplicitystudio/v2/developer/toolchains/gnu_arm/4.7_2013q1/bin/../lib/gcc/arm-none-eabi/4.7.3/armv6-m/crtbegin.o
LOAD c:/siliconlabs/simplicitystudio/v2/developer/toolchains/gnu_arm/4.7_2013q1/bin/../lib/gcc/arm-none-eabi/4.7.3/../../../../arm-none-eabi/lib/armv6-m/crt0.o
LOAD ./src/capsense_spaceinvaders.o
LOAD ./src/game.o
LOAD ./src/main.o
LOAD ./src/render.o
LOAD ./src/spaceinvaders.o
LOAD ./emlib/em_acmp.o
LOAD ./emlib/em_assert.o
LOAD ./emlib/em_cmu.o
LOAD ./emlib/em_emu.o
LOAD ./emlib/em_gpio.o
LOAD ./emlib/em_int.o
LOAD ./emlib/em_rtc.o
LOAD ./emlib/em_system.o
LOAD ./emlib/em_usart.o
LOAD ./Drivers/display.o
LOAD ./Drivers/displayls013b7dh03.o
LOAD ./Drivers/displaypalemlib.o
LOAD ./Drivers/udelay.o
LOAD ./CMSIS/efm32zg/startup_gcc_efm32zg.o
LOAD ./CMSIS/efm32zg/system_efm32zg.o
START GROUP
LOAD c:/siliconlabs/simplicitystudio/v2/developer/toolchains/gnu_arm/4.7_2013q1/bin/../lib/gcc/arm-none-eabi/4.7.3/armv6-m\libgcc.a
LOAD c:/siliconlabs/simplicitystudio/v2/developer/toolchains/gnu_arm/4.7_2013q1/bin/../lib/gcc/arm-none-eabi/4.7.3/../../../../arm-none-eabi/lib/armv6-m\libc_s.a
LOAD c:/siliconlabs/simplicitystudio/v2/developer/toolchains/gnu_arm/4.7_2013q1/bin/../lib/gcc/arm-none-eabi/4.7.3/../../../../arm-none-eabi/lib/armv6-m\libnosys.a
END GROUP
START GROUP
LOAD c:/siliconlabs/simplicitystudio/v2/developer/toolchains/gnu_arm/4.7_2013q1/bin/../lib/gcc/arm-none-eabi/4.7.3/armv6-m\libgcc.a
LOAD c:/siliconlabs/simplicitystudio/v2/developer/toolchains/gnu_arm/4.7_2013q1/bin/../lib/gcc/arm-none-eabi/4.7.3/../../../../arm-none-eabi/lib/armv6-m\libc_s.a
END GROUP
LOAD c:/siliconlabs/simplicitystudio/v2/developer/toolchains/gnu_arm/4.7_2013q1/bin/../lib/gcc/arm-none-eabi/4.7.3/armv6-m/crtend.o
LOAD c:/siliconlabs/simplicitystudio/v2/developer/toolchains/gnu_arm/4.7_2013q1/bin/../lib/gcc/arm-none-eabi/4.7.3/armv6-m/crtn.o

.text           0x00000000     0x58d4
 *(.isr_vector)
 .isr_vector    0x00000000      0x100 ./CMSIS/efm32zg/startup_gcc_efm32zg.o
                0x00000000                __isr_vector
 *(.text*)
 .text          0x00000100       0x60 c:/siliconlabs/simplicitystudio/v2/developer/toolchains/gnu_arm/4.7_2013q1/bin/../lib/gcc/arm-none-eabi/4.7.3/armv6-m/crtbegin.o
 .text          0x00000160       0x74 c:/siliconlabs/simplicitystudio/v2/developer/toolchains/gnu_arm/4.7_2013q1/bin/../lib/gcc/arm-none-eabi/4.7.3/../../../../arm-none-eabi/lib/armv6-m/crt0.o
                0x00000160                _start
                0x00000160                start
                0x00000160                _mainCRTStartup
 .text.CAPSENSE_timerEventHandler
                0x000001d4       0x60 ./src/capsense_spaceinvaders.o
                0x000001d4                CAPSENSE_timerEventHandler
 .text.CAPSENSE_getPressed
                0x00000234       0x20 ./src/capsense_spaceinvaders.o
                0x00000234                CAPSENSE_getPressed
 .text.CAPSENSE_Init
                0x00000254       0x7c ./src/capsense_spaceinvaders.o
                0x00000254                CAPSENSE_Init
 .text.GAME_MoveTank
                0x000002d0       0x24 ./src/game.o
                0x000002d0                GAME_MoveTank
 .text.GAME_FirePlayerMissile
                0x000002f4       0x30 ./src/game.o
                0x000002f4                GAME_FirePlayerMissile
 .text.GAME_Redraw
                0x00000324      0x35c ./src/game.o
                0x00000324                GAME_Redraw
 .text.GAME_Update
                0x00000680     0x100c ./src/game.o
                0x00000680                GAME_Update
 .text.GAME_Init
                0x0000168c      0x204 ./src/game.o
                0x0000168c                GAME_Init
 .text.SysTick_Handler
                0x00001890        0x8 ./src/main.o
                0x00001890                SysTick_Handler
 .text.startup.main
                0x00001898       0x5c ./src/main.o
                0x00001898                main
 .text.RENDER_Write
                0x000018f4      0x184 ./src/render.o
                0x000018f4                RENDER_Write
 .text.RENDER_DrawSprite
                0x00001a78       0xe8 ./src/render.o
                0x00001a78                RENDER_DrawSprite
 .text.RENDER_ClearFramebufferArea
                0x00001b60       0xd0 ./src/render.o
                0x00001b60                RENDER_ClearFramebufferArea
 .text.RENDER_SetFramebuffer
                0x00001c30       0x14 ./src/render.o
                0x00001c30                RENDER_SetFramebuffer
 .text.RENDER_DrawBackdrop
                0x00001c44       0x18 ./src/render.o
                0x00001c44                RENDER_DrawBackdrop
 .text.RENDER_UpdateDisplay
                0x00001c5c      0x114 ./src/render.o
                0x00001c5c                RENDER_UpdateDisplay
 .text.SPACEINVADERS_TimerEventHandler
                0x00001d70       0x6c ./src/spaceinvaders.o
                0x00001d70                SPACEINVADERS_TimerEventHandler
 .text.GPIO_EVEN_IRQHandler
                0x00001ddc       0x1c ./src/spaceinvaders.o
                0x00001ddc                GPIO_EVEN_IRQHandler
 .text.GPIO_ODD_IRQHandler
                0x00001df8       0x1c ./src/spaceinvaders.o
                0x00001df8                GPIO_ODD_IRQHandler
 .text.SPACEINVADERS_Init
                0x00001e14       0x94 ./src/spaceinvaders.o
                0x00001e14                SPACEINVADERS_Init
 .text.SPACEINVADERS_GameLoop
                0x00001ea8      0x2cc ./src/spaceinvaders.o
                0x00001ea8                SPACEINVADERS_GameLoop
 .text.ACMP_CapsenseInit
                0x00002174       0x84 ./emlib/em_acmp.o
                0x00002174                ACMP_CapsenseInit
 .text.ACMP_CapsenseChannelSet
                0x000021f8       0x24 ./emlib/em_acmp.o
                0x000021f8                ACMP_CapsenseChannelSet
 .text.ACMP_Enable
                0x0000221c        0xc ./emlib/em_acmp.o
                0x0000221c                ACMP_Enable
 .text.assertEFM
                0x00002228        0x4 ./emlib/em_assert.o
                0x00002228                assertEFM
 .text.CMU_ClockDivGet
                0x0000222c       0x98 ./emlib/em_cmu.o
                0x0000222c                CMU_ClockDivGet
 .text.CMU_ClockDivSet
                0x000022c4      0x22c ./emlib/em_cmu.o
                0x000022c4                CMU_ClockDivSet
 .text.CMU_ClockEnable
                0x000024f0       0x88 ./emlib/em_cmu.o
                0x000024f0                CMU_ClockEnable
 .text.CMU_ClockFreqGet
                0x00002578      0x1c8 ./emlib/em_cmu.o
                0x00002578                CMU_ClockFreqGet
 .text.CMU_ClockSelectGet
                0x00002740       0xa8 ./emlib/em_cmu.o
                0x00002740                CMU_ClockSelectGet
 .text.CMU_ClockSelectSet
                0x000027e8      0x188 ./emlib/em_cmu.o
                0x000027e8                CMU_ClockSelectSet
 .text.CMU_OscillatorEnable
                0x00002970       0x70 ./emlib/em_cmu.o
                0x00002970                CMU_OscillatorEnable
 .text.EMU_UpdateOscConfig
                0x000029e0       0x14 ./emlib/em_emu.o
                0x000029e0                EMU_UpdateOscConfig
 .text.GPIO_IntConfig
                0x000029f4       0xbc ./emlib/em_gpio.o
                0x000029f4                GPIO_IntConfig
 .text.GPIO_PinModeSet
                0x00002ab0       0xd4 ./emlib/em_gpio.o
                0x00002ab0                GPIO_PinModeSet
 .text.RTC_CompareSet
                0x00002b84       0x38 ./emlib/em_rtc.o
                0x00002b84                RTC_CompareSet
 .text.RTC_Enable
                0x00002bbc       0x14 ./emlib/em_rtc.o
                0x00002bbc                RTC_Enable
 .text.RTC_FreezeEnable
                0x00002bd0       0x18 ./emlib/em_rtc.o
                0x00002bd0                RTC_FreezeEnable
 .text.RTC_Init
                0x00002be8       0x24 ./emlib/em_rtc.o
                0x00002be8                RTC_Init
 .text.USART_InitSync
                0x00002c0c      0x118 ./emlib/em_usart.o
                0x00002c0c                USART_InitSync
 .text.USART_Tx
                0x00002d24       0x10 ./emlib/em_usart.o
                0x00002d24                USART_Tx
 .text.USART_TxDouble
                0x00002d34       0x10 ./emlib/em_usart.o
                0x00002d34                USART_TxDouble
 .text.DISPLAY_Init
                0x00002d44       0x34 ./Drivers/display.o
                0x00002d44                DISPLAY_Init
 .text.DISPLAY_DeviceGet
                0x00002d78       0x3c ./Drivers/display.o
                0x00002d78                DISPLAY_DeviceGet
 .text.DISPLAY_DeviceRegister
                0x00002db4       0x48 ./Drivers/display.o
                0x00002db4                DISPLAY_DeviceRegister
 .text.DriverRefresh
                0x00002dfc       0x10 ./Drivers/displayls013b7dh03.o
 .text.PixelMatrixDraw
                0x00002e0c       0xac ./Drivers/displayls013b7dh03.o
 .text.PixelMatrixClear
                0x00002eb8       0x24 ./Drivers/displayls013b7dh03.o
 .text.DisplayEnable
                0x00002edc       0x2c ./Drivers/displayls013b7dh03.o
 .text.DISPLAY_Ls013b7dh03Init
                0x00002f08       0xec ./Drivers/displayls013b7dh03.o
                0x00002f08                DISPLAY_Ls013b7dh03Init
 .text.PAL_SpiInit
                0x00002ff4       0x4c ./Drivers/displaypalemlib.o
                0x00002ff4                PAL_SpiInit
 .text.PAL_SpiTransmit
                0x00003040       0x40 ./Drivers/displaypalemlib.o
                0x00003040                PAL_SpiTransmit
 .text.PAL_TimerInit
                0x00003080        0xc ./Drivers/displaypalemlib.o
                0x00003080                PAL_TimerInit
 .text.PAL_TimerMicroSecondsDelay
                0x0000308c        0xc ./Drivers/displaypalemlib.o
                0x0000308c                PAL_TimerMicroSecondsDelay
 .text.PAL_GpioInit
                0x00003098       0x14 ./Drivers/displaypalemlib.o
                0x00003098                PAL_GpioInit
 .text.PAL_GpioPinModeSet
                0x000030ac       0x1c ./Drivers/displaypalemlib.o
                0x000030ac                PAL_GpioPinModeSet
 .text.PAL_GpioPinOutSet
                0x000030c8       0x40 ./Drivers/displaypalemlib.o
                0x000030c8                PAL_GpioPinOutSet
 .text.PAL_GpioPinOutClear
                0x00003108       0x40 ./Drivers/displaypalemlib.o
                0x00003108                PAL_GpioPinOutClear
 .text.PAL_GpioPinAutoToggle
                0x00003148       0xb4 ./Drivers/displaypalemlib.o
                0x00003148                PAL_GpioPinAutoToggle
 .text.RTC_IRQHandler
                0x000031fc       0x54 ./Drivers/displaypalemlib.o
                0x000031fc                RTC_IRQHandler
 .text.UDELAY_Calibrate
                0x00003250      0x1f8 ./Drivers/udelay.o
                0x00003250                UDELAY_Calibrate
 .text.UDELAY_Delay
                0x00003448       0x20 ./Drivers/udelay.o
                0x00003448                UDELAY_Delay
 .text          0x00003468       0x60 ./CMSIS/efm32zg/startup_gcc_efm32zg.o
                0x00003468                Reset_Handler
                0x00003498                Default_Handler
                0x0000349a                NMI_Handler
                0x0000349c                HardFault_Handler
                0x0000349e                SVC_Handler
                0x000034a0                PendSV_Handler
                0x000034a4                DMA_IRQHandler
                0x000034a8                TIMER0_IRQHandler
                0x000034aa                ACMP0_IRQHandler
                0x000034ac                ADC0_IRQHandler
                0x000034ae                I2C0_IRQHandler
                0x000034b2                TIMER1_IRQHandler
                0x000034b4                USART1_RX_IRQHandler
                0x000034b6                USART1_TX_IRQHandler
                0x000034b8                LEUART0_IRQHandler
                0x000034ba                PCNT0_IRQHandler
                0x000034be                CMU_IRQHandler
                0x000034c0                VCMP_IRQHandler
                0x000034c2                MSC_IRQHandler
                0x000034c4                AES_IRQHandler
 .text.SystemCoreClockGet
                0x000034c8       0xb0 ./CMSIS/efm32zg/system_efm32zg.o
                0x000034c8                SystemCoreClockGet
 .text.SystemHFClockGet
                0x00003578       0x9c ./CMSIS/efm32zg/system_efm32zg.o
                0x00003578                SystemHFClockGet
 .text.SystemInit
                0x00003614        0x4 ./CMSIS/efm32zg/system_efm32zg.o
                0x00003614                SystemInit
 .text.SystemLFRCOClockGet
                0x00003618        0x8 ./CMSIS/efm32zg/system_efm32zg.o
                0x00003618                SystemLFRCOClockGet
 .text.SystemULFRCOClockGet
                0x00003620        0x8 ./CMSIS/efm32zg/system_efm32zg.o
                0x00003620                SystemULFRCOClockGet
 .text.SystemLFXOClockGet
                0x00003628        0xc ./CMSIS/efm32zg/system_efm32zg.o
                0x00003628                SystemLFXOClockGet
 .text          0x00003634       0x9c c:/siliconlabs/simplicitystudio/v2/developer/toolchains/gnu_arm/4.7_2013q1/bin/../lib/gcc/arm-none-eabi/4.7.3/armv6-m\libgcc.a(_udivsi3.o)
                0x00003634                __aeabi_uidiv
                0x00003634                __udivsi3
                0x000036bc                __aeabi_uidivmod
 .text          0x000036d0       0xc0 c:/siliconlabs/simplicitystudio/v2/developer/toolchains/gnu_arm/4.7_2013q1/bin/../lib/gcc/arm-none-eabi/4.7.3/armv6-m\libgcc.a(_divsi3.o)
                0x000036d0                __divsi3
                0x000036d0                __aeabi_idiv
                0x0000377c                __aeabi_idivmod
 .text          0x00003790        0x4 c:/siliconlabs/simplicitystudio/v2/developer/toolchains/gnu_arm/4.7_2013q1/bin/../lib/gcc/arm-none-eabi/4.7.3/armv6-m\libgcc.a(_dvmd_tls.o)
                0x00003790                __aeabi_idiv0
                0x00003790                __aeabi_ldiv0
 .text.__register_exitproc
                0x00003794       0x18 c:/siliconlabs/simplicitystudio/v2/developer/toolchains/gnu_arm/4.7_2013q1/bin/../lib/gcc/arm-none-eabi/4.7.3/../../../../arm-none-eabi/lib/armv6-m\libc_s.a(lib_a-__atexit2.o)
                0x00003794                __register_exitproc
 .text.exit     0x000037ac       0x30 c:/siliconlabs/simplicitystudio/v2/developer/toolchains/gnu_arm/4.7_2013q1/bin/../lib/gcc/arm-none-eabi/4.7.3/../../../../arm-none-eabi/lib/armv6-m\libc_s.a(lib_a-exit.o)
                0x000037ac                exit
 .text.__libc_fini_array
                0x000037dc       0x2c c:/siliconlabs/simplicitystudio/v2/developer/toolchains/gnu_arm/4.7_2013q1/bin/../lib/gcc/arm-none-eabi/4.7.3/../../../../arm-none-eabi/lib/armv6-m\libc_s.a(lib_a-fini.o)
                0x000037dc                __libc_fini_array
 .text.__libc_init_array
                0x00003808       0x4c c:/siliconlabs/simplicitystudio/v2/developer/toolchains/gnu_arm/4.7_2013q1/bin/../lib/gcc/arm-none-eabi/4.7.3/../../../../arm-none-eabi/lib/armv6-m\libc_s.a(lib_a-init.o)
                0x00003808                __libc_init_array
 .text.memcpy   0x00003854       0x12 c:/siliconlabs/simplicitystudio/v2/developer/toolchains/gnu_arm/4.7_2013q1/bin/../lib/gcc/arm-none-eabi/4.7.3/../../../../arm-none-eabi/lib/armv6-m\libc_s.a(lib_a-memcpy.o)
                0x00003854                memcpy
 .text.memset   0x00003866       0x12 c:/siliconlabs/simplicitystudio/v2/developer/toolchains/gnu_arm/4.7_2013q1/bin/../lib/gcc/arm-none-eabi/4.7.3/../../../../arm-none-eabi/lib/armv6-m\libc_s.a(lib_a-memset.o)
                0x00003866                memset
 .text.rand     0x00003878       0x80 c:/siliconlabs/simplicitystudio/v2/developer/toolchains/gnu_arm/4.7_2013q1/bin/../lib/gcc/arm-none-eabi/4.7.3/../../../../arm-none-eabi/lib/armv6-m\libc_s.a(lib_a-rand.o)
                0x00003878                rand
 .text.malloc   0x000038f8       0x14 c:/siliconlabs/simplicitystudio/v2/developer/toolchains/gnu_arm/4.7_2013q1/bin/../lib/gcc/arm-none-eabi/4.7.3/../../../../arm-none-eabi/lib/armv6-m\libc_s.a(lib_a-malloc.o)
                0x000038f8                malloc
 .text._malloc_r
                0x0000390c       0x94 c:/siliconlabs/simplicitystudio/v2/developer/toolchains/gnu_arm/4.7_2013q1/bin/../lib/gcc/arm-none-eabi/4.7.3/../../../../arm-none-eabi/lib/armv6-m\libc_s.a(lib_a-mallocr.o)
                0x0000390c                _malloc_r
 .text._sbrk_r  0x000039a0       0x24 c:/siliconlabs/simplicitystudio/v2/developer/toolchains/gnu_arm/4.7_2013q1/bin/../lib/gcc/arm-none-eabi/4.7.3/../../../../arm-none-eabi/lib/armv6-m\libc_s.a(lib_a-sbrkr.o)
                0x000039a0                _sbrk_r
 .text._sbrk    0x000039c4       0x38 c:/siliconlabs/simplicitystudio/v2/developer/toolchains/gnu_arm/4.7_2013q1/bin/../lib/gcc/arm-none-eabi/4.7.3/../../../../arm-none-eabi/lib/armv6-m\libnosys.a(sbrk.o)
                0x000039c4                _sbrk
 .text._exit    0x000039fc        0x4 c:/siliconlabs/simplicitystudio/v2/developer/toolchains/gnu_arm/4.7_2013q1/bin/../lib/gcc/arm-none-eabi/4.7.3/../../../../arm-none-eabi/lib/armv6-m\libnosys.a(_exit.o)
                0x000039fc                _exit
 .text          0x00003a00       0x44 c:/siliconlabs/simplicitystudio/v2/developer/toolchains/gnu_arm/4.7_2013q1/bin/../lib/gcc/arm-none-eabi/4.7.3/armv6-m\libgcc.a(_muldi3.o)
                0x00003a00                __muldi3
                0x00003a00                __aeabi_lmul
 *(.init)
 .init          0x00003a44        0x4 c:/siliconlabs/simplicitystudio/v2/developer/toolchains/gnu_arm/4.7_2013q1/bin/../lib/gcc/arm-none-eabi/4.7.3/armv6-m/crti.o
                0x00003a44                _init
 .init          0x00003a48        0x8 c:/siliconlabs/simplicitystudio/v2/developer/toolchains/gnu_arm/4.7_2013q1/bin/../lib/gcc/arm-none-eabi/4.7.3/armv6-m/crtn.o
 *(.fini)
 .fini          0x00003a50        0x4 c:/siliconlabs/simplicitystudio/v2/developer/toolchains/gnu_arm/4.7_2013q1/bin/../lib/gcc/arm-none-eabi/4.7.3/armv6-m/crti.o
                0x00003a50                _fini
 .fini          0x00003a54        0x8 c:/siliconlabs/simplicitystudio/v2/developer/toolchains/gnu_arm/4.7_2013q1/bin/../lib/gcc/arm-none-eabi/4.7.3/armv6-m/crtn.o
 *crtbegin.o(.ctors)
 *crtbegin?.o(.ctors)
 *(EXCLUDE_FILE(*crtend.o *crtend?.o) .ctors)
 *(SORT(.ctors.*))
 *(.ctors)
 *crtbegin.o(.dtors)
 *crtbegin?.o(.dtors)
 *(EXCLUDE_FILE(*crtend.o *crtend?.o) .dtors)
 *(SORT(.dtors.*))
 *(.dtors)
 *(.rodata*)
 .rodata        0x00003a5c       0x2c ./src/capsense_spaceinvaders.o
 .rodata.GAME_Init
                0x00003a88       0x18 ./src/game.o
 .rodata.str1.4
                0x00003aa0        0xf ./src/game.o
                                 0x10 (size before relaxing)
 *fill*         0x00003aaf        0x1 00
 .rodata.thinfont_bits
                0x00003ab0      0x320 ./src/render.o
                0x00003ab0                thinfont_bits
 .rodata.backdrop
                0x00003dd0      0x800 ./src/render.o
 .rodata.aliens_bits
                0x000045d0       0x90 ./src/render.o
 .rodata.sprites
                0x00004660       0x6c ./src/render.o
                0x00004660                sprites
 .rodata.SPACEINVADERS_GameLoop
                0x000046cc       0x2c ./src/spaceinvaders.o
 .rodata.splash
                0x000046f8      0x800 ./src/spaceinvaders.o
 .rodata.qrcode
                0x00004ef8      0x800 ./src/spaceinvaders.o
 .rodata.str1.4
                0x000056f8       0x5f ./src/spaceinvaders.o
                                 0x60 (size before relaxing)
 *fill*         0x00005757        0x1 00
 .rodata.str1.4
                0x00005758       0x13 ./emlib/em_acmp.o
                                 0x14 (size before relaxing)
 *fill*         0x0000576b        0x1 00
 .rodata.CMU_ClockEnable
                0x0000576c       0x1c ./emlib/em_cmu.o
 .rodata.CMU_ClockSelectSet
                0x00005788       0x50 ./emlib/em_cmu.o
 .rodata.CMU_OscillatorEnable
                0x000057d8       0x18 ./emlib/em_cmu.o
 .rodata.str1.4
                0x000057f0       0x12 ./emlib/em_cmu.o
                                 0x14 (size before relaxing)
 *fill*         0x00005802        0x2 00
 .rodata.str1.4
                0x00005804       0x13 ./emlib/em_gpio.o
                                 0x14 (size before relaxing)
 *fill*         0x00005817        0x1 00
 .rodata.str1.4
                0x00005818       0x12 ./emlib/em_rtc.o
                                 0x14 (size before relaxing)
 *fill*         0x0000582a        0x2 00
 .rodata.str1.4
                0x0000582c       0x14 ./emlib/em_usart.o
 .rodata.str1.4
                0x00005840       0x15 ./Drivers/displayls013b7dh03.o
                                 0x18 (size before relaxing)
 *fill*         0x00005855        0x3 00
 .rodata        0x00005858       0x1c ./Drivers/displaypalemlib.o
 .rodata.str1.4
                0x00005874       0x50 ./Drivers/displaypalemlib.o
 .rodata        0x000058c4        0x4 ./Drivers/udelay.o
 .rodata.str1.1
                0x000058c8        0x2 c:/siliconlabs/simplicitystudio/v2/developer/toolchains/gnu_arm/4.7_2013q1/bin/../lib/gcc/arm-none-eabi/4.7.3/../../../../arm-none-eabi/lib/armv6-m\libc_s.a(lib_a-impure.o)
 *fill*         0x000058ca        0x2 00
 .rodata._global_impure_ptr
                0x000058cc        0x4 c:/siliconlabs/simplicitystudio/v2/developer/toolchains/gnu_arm/4.7_2013q1/bin/../lib/gcc/arm-none-eabi/4.7.3/../../../../arm-none-eabi/lib/armv6-m\libc_s.a(lib_a-impure.o)
                0x000058cc                _global_impure_ptr
 *(.eh_frame*)
 .eh_frame      0x000058d0        0x0 c:/siliconlabs/simplicitystudio/v2/developer/toolchains/gnu_arm/4.7_2013q1/bin/../lib/gcc/arm-none-eabi/4.7.3/armv6-m/crtbegin.o
 .eh_frame      0x000058d0        0x4 c:/siliconlabs/simplicitystudio/v2/developer/toolchains/gnu_arm/4.7_2013q1/bin/../lib/gcc/arm-none-eabi/4.7.3/armv6-m/crtend.o

.glue_7         0x000058d4        0x0
 .glue_7        0x00000000        0x0 linker stubs

.glue_7t        0x000058d4        0x0
 .glue_7t       0x00000000        0x0 linker stubs

.vfp11_veneer   0x000058d4        0x0
 .vfp11_veneer  0x00000000        0x0 linker stubs

.v4_bx          0x000058d4        0x0
 .v4_bx         0x00000000        0x0 linker stubs

.iplt           0x000058d4        0x0
 .iplt          0x00000000        0x0 c:/siliconlabs/simplicitystudio/v2/developer/toolchains/gnu_arm/4.7_2013q1/bin/../lib/gcc/arm-none-eabi/4.7.3/armv6-m/crtbegin.o

.ARM.extab
 *(.ARM.extab* .gnu.linkonce.armextab.*)
                0x000058d4                __exidx_start = .

.ARM.exidx      0x000058d4        0x8
 *(.ARM.exidx* .gnu.linkonce.armexidx.*)
 .ARM.exidx     0x000058d4        0x8 c:/siliconlabs/simplicitystudio/v2/developer/toolchains/gnu_arm/4.7_2013q1/bin/../lib/gcc/arm-none-eabi/4.7.3/../../../../arm-none-eabi/lib/armv6-m/crt0.o
                0x000058dc                __exidx_end = .
                0x000058dc                __etext = .

.rel.dyn        0x000058dc        0x0
 .rel.iplt      0x00000000        0x0 c:/siliconlabs/simplicitystudio/v2/developer/toolchains/gnu_arm/4.7_2013q1/bin/../lib/gcc/arm-none-eabi/4.7.3/armv6-m/crtbegin.o

.data           0x20000000       0xcc load address 0x000058dc
                0x20000000                __data_start__ = .
 *(vtable)
 *(.data*)
 .data.channelMaxValues
                0x20000000       0x20 ./src/capsense_spaceinvaders.o
 .data.alienSpeedX
                0x20000020        0x4 ./src/game.o
 .data.alienMissileThres
                0x20000024        0x4 ./src/game.o
 .data.level    0x20000028        0x4 ./src/game.o
 .data.alienMoveThres
                0x2000002c        0x4 ./src/game.o
 .data.s_missiles
                0x20000030        0x4 ./src/render.o
                0x20000030                s_missiles
 .data.dirtyLinesNew
                0x20000034        0x4 ./src/render.o
 .data.s_aliens
                0x20000038        0x4 ./src/render.o
                0x20000038                s_aliens
 .data.s_tank   0x2000003c        0x4 ./src/render.o
                0x2000003c                s_tank
 .data.dirtyLinesOld
                0x20000040        0x4 ./src/render.o
 .data.fontSize
                0x20000044        0x4 ./src/render.o
 .data.pDisplayDeviceDriverInitFunctions
                0x20000048        0x8 ./Drivers/display.o
 .data.loops_per_jiffy
                0x20000050        0x4 ./Drivers/udelay.o
                0x20000050                loops_per_jiffy
 .data.SystemLFXOClock
                0x20000054        0x4 ./CMSIS/efm32zg/system_efm32zg.o
 .data.SystemHFXOClock
                0x20000058        0x4 ./CMSIS/efm32zg/system_efm32zg.o
 .data.impure_data
                0x2000005c       0x64 c:/siliconlabs/simplicitystudio/v2/developer/toolchains/gnu_arm/4.7_2013q1/bin/../lib/gcc/arm-none-eabi/4.7.3/../../../../arm-none-eabi/lib/armv6-m\libc_s.a(lib_a-impure.o)
 .data._impure_ptr
                0x200000c0        0x4 c:/siliconlabs/simplicitystudio/v2/developer/toolchains/gnu_arm/4.7_2013q1/bin/../lib/gcc/arm-none-eabi/4.7.3/../../../../arm-none-eabi/lib/armv6-m\libc_s.a(lib_a-impure.o)
                0x200000c0                _impure_ptr
                0x200000c4                . = ALIGN (0x4)
 *(.ram)
                0x200000c4                . = ALIGN (0x4)
                0x200000c4                PROVIDE (__preinit_array_start, .)
 *(.preinit_array)
                0x200000c4                PROVIDE (__preinit_array_end, .)
                0x200000c4                . = ALIGN (0x4)
                0x200000c4                PROVIDE (__init_array_start, .)
 *(SORT(.init_array.*))
 *(.init_array)
 .init_array    0x200000c4        0x4 c:/siliconlabs/simplicitystudio/v2/developer/toolchains/gnu_arm/4.7_2013q1/bin/../lib/gcc/arm-none-eabi/4.7.3/armv6-m/crtbegin.o
                0x200000c8                PROVIDE (__init_array_end, .)
                0x200000c8                . = ALIGN (0x4)
                0x200000c8                PROVIDE (__fini_array_start, .)
 *(SORT(.fini_array.*))
 *(.fini_array)
 .fini_array    0x200000c8        0x4 c:/siliconlabs/simplicitystudio/v2/developer/toolchains/gnu_arm/4.7_2013q1/bin/../lib/gcc/arm-none-eabi/4.7.3/armv6-m/crtbegin.o
                0x200000cc                PROVIDE (__fini_array_end, .)
                0x200000cc                . = ALIGN (0x4)
                0x200000cc                __data_end__ = .

.jcr            0x200000cc        0x0 load address 0x000059a8
 .jcr           0x200000cc        0x0 c:/siliconlabs/simplicitystudio/v2/developer/toolchains/gnu_arm/4.7_2013q1/bin/../lib/gcc/arm-none-eabi/4.7.3/armv6-m/crtbegin.o

.igot.plt       0x200000cc        0x0 load address 0x000059a8
 .igot.plt      0x00000000        0x0 c:/siliconlabs/simplicitystudio/v2/developer/toolchains/gnu_arm/4.7_2013q1/bin/../lib/gcc/arm-none-eabi/4.7.3/armv6-m/crtbegin.o

.bss            0x200000cc      0xa30 load address 0x000059a8
                0x200000cc                __bss_start__ = .
 *(.bss*)
 .bss           0x200000cc       0x1c c:/siliconlabs/simplicitystudio/v2/developer/toolchains/gnu_arm/4.7_2013q1/bin/../lib/gcc/arm-none-eabi/4.7.3/armv6-m/crtbegin.o
 .bss.currentChannel
                0x200000e8        0x1 ./src/capsense_spaceinvaders.o
 *fill*         0x200000e9        0x3 00
 .bss.channelValues
                0x200000ec       0x20 ./src/capsense_spaceinvaders.o
 .bss.alienMissileAnimationCount
                0x2000010c        0x4 ./src/game.o
 .bss.alienMissile
                0x20000110       0x10 ./src/game.o
 .bss.animationWaitCount
                0x20000120        0x4 ./src/game.o
 .bss.alienMoveWaitCount
                0x20000124        0x4 ./src/game.o
 .bss.tank      0x20000128       0x10 ./src/game.o
 .bss.playerMissile
                0x20000138       0x10 ./src/game.o
 .bss.score     0x20000148        0x4 ./src/game.o
 .bss.alienMissileWaitCount
                0x2000014c        0x4 ./src/game.o
 .bss.aliens    0x20000150       0xf0 ./src/game.o
 .bss.dirtyLines
                0x20000240       0x20 ./src/render.o
 .bss.fontColor
                0x20000260        0x4 ./src/render.o
 .bss.frameBuffer
                0x20000264      0x800 ./src/render.o
 .bss.capsenseUpdateCount.7641
                0x20000a64        0x4 ./src/spaceinvaders.o
 .bss.displayDevice
                0x20000a68       0x2c ./src/spaceinvaders.o
 .bss.timeout   0x20000a94        0x4 ./src/spaceinvaders.o
                0x20000a94                timeout
 .bss.gameInitiated
                0x20000a98        0x1 ./src/spaceinvaders.o
 *fill*         0x20000a99        0x3 00
 .bss.frameUpdateCount.7640
                0x20000a9c        0x4 ./src/spaceinvaders.o
 .bss.cmuStatus
                0x20000aa0        0x2 ./emlib/em_emu.o
 *fill*         0x20000aa2        0x2 00
 .bss.INT_LockCnt
                0x20000aa4        0x4 ./emlib/em_int.o
                0x20000aa4                INT_LockCnt
 .bss.devicesRegistered
                0x20000aa8        0x4 ./Drivers/display.o
 .bss.deviceTable
                0x20000aac       0x2c ./Drivers/display.o
 .bss.moduleInitialized
                0x20000ad8        0x1 ./Drivers/display.o
 *fill*         0x20000ad9        0x3 00
 .bss.gpioPinNo
                0x20000adc        0x4 ./Drivers/displaypalemlib.o
 .bss.gpioPortNo
                0x20000ae0        0x4 ./Drivers/displaypalemlib.o
 .bss.__malloc_free_list
                0x20000ae4        0x4 c:/siliconlabs/simplicitystudio/v2/developer/toolchains/gnu_arm/4.7_2013q1/bin/../lib/gcc/arm-none-eabi/4.7.3/../../../../arm-none-eabi/lib/armv6-m\libc_s.a(lib_a-mallocr.o)
                0x20000ae4                __malloc_free_list
 .bss.heap_end.4231
                0x20000ae8        0x4 c:/siliconlabs/simplicitystudio/v2/developer/toolchains/gnu_arm/4.7_2013q1/bin/../lib/gcc/arm-none-eabi/4.7.3/../../../../arm-none-eabi/lib/armv6-m\libnosys.a(sbrk.o)
 *(COMMON)
 COMMON         0x20000aec        0x5 ./src/spaceinvaders.o
                0x20000aec                pb1Pressed
                0x20000aed                state
                0x20000aee                pb0Pressed
                0x20000aef                nextState
                0x20000af0                gameUpdateFlag
 *fill*         0x20000af1        0x3 00
 COMMON         0x20000af4        0x4 ./CMSIS/efm32zg/system_efm32zg.o
                0x20000af4                SystemCoreClock
 COMMON         0x20000af8        0x4 c:/siliconlabs/simplicitystudio/v2/developer/toolchains/gnu_arm/4.7_2013q1/bin/../lib/gcc/arm-none-eabi/4.7.3/../../../../arm-none-eabi/lib/armv6-m\libc_s.a(lib_a-reent.o)
                0x20000af8                errno
                0x20000afc                __bss_end__ = .

.heap           0x20000b00        0x0
                0x20000b00                __end__ = .
                0x20000b00                end = __end__
                0x20000b00                _end = __end__
 *(.heap*)
 .heap          0x20000b00        0x0 ./CMSIS/efm32zg/startup_gcc_efm32zg.o
                0x20000b00                __HeapLimit = .

.stack_dummy    0x20000b00      0x400
 *(.stack)
 .stack         0x20000b00      0x400 ./CMSIS/efm32zg/startup_gcc_efm32zg.o
                0x20001000                __StackTop = (ORIGIN (RAM) + 0x1000)
                0x20000c00                __StackLimit = (__StackTop - SIZEOF (.stack_dummy))
                0x20001000                PROVIDE (__stack, __StackTop)
                0x00000001                ASSERT ((__StackLimit >= __HeapLimit), region RAM overflowed with stack)
OUTPUT(EFM32ZG_spaceinvaders.axf elf32-littlearm)

.ARM.attributes
                0x00000000       0x28
 .ARM.attributes
                0x00000000       0x1e c:/siliconlabs/simplicitystudio/v2/developer/toolchains/gnu_arm/4.7_2013q1/bin/../lib/gcc/arm-none-eabi/4.7.3/armv6-m/crti.o
 .ARM.attributes
                0x0000001e       0x2c c:/siliconlabs/simplicitystudio/v2/developer/toolchains/gnu_arm/4.7_2013q1/bin/../lib/gcc/arm-none-eabi/4.7.3/armv6-m/crtbegin.o
 .ARM.attributes
                0x0000004a       0x1c c:/siliconlabs/simplicitystudio/v2/developer/toolchains/gnu_arm/4.7_2013q1/bin/../lib/gcc/arm-none-eabi/4.7.3/../../../../arm-none-eabi/lib/armv6-m/crt0.o
 .ARM.attributes
                0x00000066       0x32 ./src/capsense_spaceinvaders.o
 .ARM.attributes
                0x00000098       0x32 ./src/game.o
 .ARM.attributes
                0x000000ca       0x32 ./src/main.o
 .ARM.attributes
                0x000000fc       0x32 ./src/render.o
 .ARM.attributes
                0x0000012e       0x32 ./src/spaceinvaders.o
 .ARM.attributes
                0x00000160       0x32 ./emlib/em_acmp.o
 .ARM.attributes
                0x00000192       0x32 ./emlib/em_assert.o
 .ARM.attributes
                0x000001c4       0x32 ./emlib/em_cmu.o
 .ARM.attributes
                0x000001f6       0x32 ./emlib/em_emu.o
 .ARM.attributes
                0x00000228       0x32 ./emlib/em_gpio.o
 .ARM.attributes
                0x0000025a       0x32 ./emlib/em_int.o
 .ARM.attributes
                0x0000028c       0x32 ./emlib/em_rtc.o
 .ARM.attributes
                0x000002be       0x32 ./emlib/em_usart.o
 .ARM.attributes
                0x000002f0       0x32 ./Drivers/display.o
 .ARM.attributes
                0x00000322       0x32 ./Drivers/displayls013b7dh03.o
 .ARM.attributes
                0x00000354       0x32 ./Drivers/displaypalemlib.o
 .ARM.attributes
                0x00000386       0x2b ./Drivers/udelay.o
 .ARM.attributes
                0x000003b1       0x1b ./CMSIS/efm32zg/startup_gcc_efm32zg.o
 .ARM.attributes
                0x000003cc       0x32 ./CMSIS/efm32zg/system_efm32zg.o
 .ARM.attributes
                0x000003fe       0x1e c:/siliconlabs/simplicitystudio/v2/developer/toolchains/gnu_arm/4.7_2013q1/bin/../lib/gcc/arm-none-eabi/4.7.3/armv6-m\libgcc.a(_udivsi3.o)
 .ARM.attributes
                0x0000041c       0x1e c:/siliconlabs/simplicitystudio/v2/developer/toolchains/gnu_arm/4.7_2013q1/bin/../lib/gcc/arm-none-eabi/4.7.3/armv6-m\libgcc.a(_divsi3.o)
 .ARM.attributes
                0x0000043a       0x1e c:/siliconlabs/simplicitystudio/v2/developer/toolchains/gnu_arm/4.7_2013q1/bin/../lib/gcc/arm-none-eabi/4.7.3/armv6-m\libgcc.a(_dvmd_tls.o)
 .ARM.attributes
                0x00000458       0x2c c:/siliconlabs/simplicitystudio/v2/developer/toolchains/gnu_arm/4.7_2013q1/bin/../lib/gcc/arm-none-eabi/4.7.3/../../../../arm-none-eabi/lib/armv6-m\libc_s.a(lib_a-__atexit2.o)
 .ARM.attributes
                0x00000484       0x2c c:/siliconlabs/simplicitystudio/v2/developer/toolchains/gnu_arm/4.7_2013q1/bin/../lib/gcc/arm-none-eabi/4.7.3/../../../../arm-none-eabi/lib/armv6-m\libc_s.a(lib_a-exit.o)
 .ARM.attributes
                0x000004b0       0x2c c:/siliconlabs/simplicitystudio/v2/developer/toolchains/gnu_arm/4.7_2013q1/bin/../lib/gcc/arm-none-eabi/4.7.3/../../../../arm-none-eabi/lib/armv6-m\libc_s.a(lib_a-fini.o)
 .ARM.attributes
                0x000004dc       0x2c c:/siliconlabs/simplicitystudio/v2/developer/toolchains/gnu_arm/4.7_2013q1/bin/../lib/gcc/arm-none-eabi/4.7.3/../../../../arm-none-eabi/lib/armv6-m\libc_s.a(lib_a-impure.o)
 .ARM.attributes
                0x00000508       0x2c c:/siliconlabs/simplicitystudio/v2/developer/toolchains/gnu_arm/4.7_2013q1/bin/../lib/gcc/arm-none-eabi/4.7.3/../../../../arm-none-eabi/lib/armv6-m\libc_s.a(lib_a-init.o)
 .ARM.attributes
                0x00000534       0x2c c:/siliconlabs/simplicitystudio/v2/developer/toolchains/gnu_arm/4.7_2013q1/bin/../lib/gcc/arm-none-eabi/4.7.3/../../../../arm-none-eabi/lib/armv6-m\libc_s.a(lib_a-memcpy.o)
 .ARM.attributes
                0x00000560       0x2c c:/siliconlabs/simplicitystudio/v2/developer/toolchains/gnu_arm/4.7_2013q1/bin/../lib/gcc/arm-none-eabi/4.7.3/../../../../arm-none-eabi/lib/armv6-m\libc_s.a(lib_a-memset.o)
 .ARM.attributes
                0x0000058c       0x2c c:/siliconlabs/simplicitystudio/v2/developer/toolchains/gnu_arm/4.7_2013q1/bin/../lib/gcc/arm-none-eabi/4.7.3/../../../../arm-none-eabi/lib/armv6-m\libc_s.a(lib_a-rand.o)
 .ARM.attributes
                0x000005b8       0x2c c:/siliconlabs/simplicitystudio/v2/developer/toolchains/gnu_arm/4.7_2013q1/bin/../lib/gcc/arm-none-eabi/4.7.3/../../../../arm-none-eabi/lib/armv6-m\libc_s.a(lib_a-malloc.o)
 .ARM.attributes
                0x000005e4       0x2c c:/siliconlabs/simplicitystudio/v2/developer/toolchains/gnu_arm/4.7_2013q1/bin/../lib/gcc/arm-none-eabi/4.7.3/../../../../arm-none-eabi/lib/armv6-m\libc_s.a(lib_a-mallocr.o)
 .ARM.attributes
                0x00000610       0x2c c:/siliconlabs/simplicitystudio/v2/developer/toolchains/gnu_arm/4.7_2013q1/bin/../lib/gcc/arm-none-eabi/4.7.3/../../../../arm-none-eabi/lib/armv6-m\libc_s.a(lib_a-sbrkr.o)
 .ARM.attributes
                0x0000063c       0x2c c:/siliconlabs/simplicitystudio/v2/developer/toolchains/gnu_arm/4.7_2013q1/bin/../lib/gcc/arm-none-eabi/4.7.3/../../../../arm-none-eabi/lib/armv6-m\libc_s.a(lib_a-reent.o)
 .ARM.attributes
                0x00000668       0x2c c:/siliconlabs/simplicitystudio/v2/developer/toolchains/gnu_arm/4.7_2013q1/bin/../lib/gcc/arm-none-eabi/4.7.3/../../../../arm-none-eabi/lib/armv6-m\libnosys.a(sbrk.o)
 .ARM.attributes
                0x00000694       0x2c c:/siliconlabs/simplicitystudio/v2/developer/toolchains/gnu_arm/4.7_2013q1/bin/../lib/gcc/arm-none-eabi/4.7.3/../../../../arm-none-eabi/lib/armv6-m\libnosys.a(_exit.o)
 .ARM.attributes
                0x000006c0       0x2c c:/siliconlabs/simplicitystudio/v2/developer/toolchains/gnu_arm/4.7_2013q1/bin/../lib/gcc/arm-none-eabi/4.7.3/armv6-m\libgcc.a(_muldi3.o)
 .ARM.attributes
                0x000006ec       0x2c c:/siliconlabs/simplicitystudio/v2/developer/toolchains/gnu_arm/4.7_2013q1/bin/../lib/gcc/arm-none-eabi/4.7.3/armv6-m/crtend.o
 .ARM.attributes
                0x00000718       0x1e c:/siliconlabs/simplicitystudio/v2/developer/toolchains/gnu_arm/4.7_2013q1/bin/../lib/gcc/arm-none-eabi/4.7.3/armv6-m/crtn.o

.comment        0x00000000       0x70
 .comment       0x00000000       0x70 ./src/capsense_spaceinvaders.o
                                 0x71 (size before relaxing)
 .comment       0x00000000       0x71 ./src/game.o
 .comment       0x00000000       0x71 ./src/main.o
 .comment       0x00000000       0x71 ./src/render.o
 .comment       0x00000000       0x71 ./src/spaceinvaders.o
 .comment       0x00000000       0x71 ./emlib/em_acmp.o
 .comment       0x00000000       0x71 ./emlib/em_assert.o
 .comment       0x00000000       0x71 ./emlib/em_cmu.o
 .comment       0x00000000       0x71 ./emlib/em_emu.o
 .comment       0x00000000       0x71 ./emlib/em_gpio.o
 .comment       0x00000000       0x71 ./emlib/em_int.o
 .comment       0x00000000       0x71 ./emlib/em_rtc.o
 .comment       0x00000000       0x71 ./emlib/em_usart.o
 .comment       0x00000000       0x71 ./Drivers/display.o
 .comment       0x00000000       0x71 ./Drivers/displayls013b7dh03.o
 .comment       0x00000000       0x71 ./Drivers/displaypalemlib.o
 .comment       0x00000000       0x71 ./Drivers/udelay.o
 .comment       0x00000000       0x71 ./CMSIS/efm32zg/system_efm32zg.o

.debug_info     0x00000000     0xb19b
 .debug_info    0x00000000      0x953 ./src/capsense_spaceinvaders.o
 .debug_info    0x00000953      0xaa9 ./src/game.o
 .debug_info    0x000013fc      0x5d1 ./src/main.o
 .debug_info    0x000019cd      0x8f0 ./src/render.o
 .debug_info    0x000022bd     0x11e7 ./src/spaceinvaders.o
 .debug_info    0x000034a4      0x74f ./emlib/em_acmp.o
 .debug_info    0x00003bf3       0x78 ./emlib/em_assert.o
 .debug_info    0x00003c6b     0x1b68 ./emlib/em_cmu.o
 .debug_info    0x000057d3      0x5ef ./emlib/em_emu.o
 .debug_info    0x00005dc2      0x5e8 ./emlib/em_gpio.o
 .debug_info    0x000063aa       0xa4 ./emlib/em_int.o
 .debug_info    0x0000644e      0x44d ./emlib/em_rtc.o
 .debug_info    0x0000689b     0x1281 ./emlib/em_usart.o
 .debug_info    0x00007b1c      0x4b2 ./Drivers/display.o
 .debug_info    0x00007fce      0x9ab ./Drivers/displayls013b7dh03.o
 .debug_info    0x00008979     0x15af ./Drivers/displaypalemlib.o
 .debug_info    0x00009f28      0xd09 ./Drivers/udelay.o
 .debug_info    0x0000ac31       0xa0 ./CMSIS/efm32zg/startup_gcc_efm32zg.o
 .debug_info    0x0000acd1      0x4ca ./CMSIS/efm32zg/system_efm32zg.o

.debug_abbrev   0x00000000     0x26e6
 .debug_abbrev  0x00000000      0x18f ./src/capsense_spaceinvaders.o
 .debug_abbrev  0x0000018f      0x319 ./src/game.o
 .debug_abbrev  0x000004a8      0x1dd ./src/main.o
 .debug_abbrev  0x00000685      0x226 ./src/render.o
 .debug_abbrev  0x000008ab      0x2c5 ./src/spaceinvaders.o
 .debug_abbrev  0x00000b70      0x1c4 ./emlib/em_acmp.o
 .debug_abbrev  0x00000d34       0x65 ./emlib/em_assert.o
 .debug_abbrev  0x00000d99      0x34a ./emlib/em_cmu.o
 .debug_abbrev  0x000010e3      0x255 ./emlib/em_emu.o
 .debug_abbrev  0x00001338      0x1b1 ./emlib/em_gpio.o
 .debug_abbrev  0x000014e9       0x44 ./emlib/em_int.o
 .debug_abbrev  0x0000152d      0x255 ./emlib/em_rtc.o
 .debug_abbrev  0x00001782      0x30a ./emlib/em_usart.o
 .debug_abbrev  0x00001a8c      0x15a ./Drivers/display.o
 .debug_abbrev  0x00001be6      0x288 ./Drivers/displayls013b7dh03.o
 .debug_abbrev  0x00001e6e      0x37f ./Drivers/displaypalemlib.o
 .debug_abbrev  0x000021ed      0x332 ./Drivers/udelay.o
 .debug_abbrev  0x0000251f       0x14 ./CMSIS/efm32zg/startup_gcc_efm32zg.o
 .debug_abbrev  0x00002533      0x1b3 ./CMSIS/efm32zg/system_efm32zg.o

.debug_loc      0x00000000     0x7ef3
 .debug_loc     0x00000000      0x368 ./src/capsense_spaceinvaders.o
 .debug_loc     0x00000368     0x26f2 ./src/game.o
 .debug_loc     0x00002a5a       0x5f ./src/main.o
 .debug_loc     0x00002ab9      0x82d ./src/render.o
 .debug_loc     0x000032e6      0x18e ./src/spaceinvaders.o
 .debug_loc     0x00003474      0x421 ./emlib/em_acmp.o
 .debug_loc     0x00003895       0x20 ./emlib/em_assert.o
 .debug_loc     0x000038b5     0x1e37 ./emlib/em_cmu.o
 .debug_loc     0x000056ec      0x141 ./emlib/em_emu.o
 .debug_loc     0x0000582d      0x3f5 ./emlib/em_gpio.o
 .debug_loc     0x00005c22      0x1de ./emlib/em_rtc.o
 .debug_loc     0x00005e00      0xe33 ./emlib/em_usart.o
 .debug_loc     0x00006c33      0x23d ./Drivers/display.o
 .debug_loc     0x00006e70      0x371 ./Drivers/displayls013b7dh03.o
 .debug_loc     0x000071e1      0x4e1 ./Drivers/displaypalemlib.o
 .debug_loc     0x000076c2      0x413 ./Drivers/udelay.o
 .debug_loc     0x00007ad5      0x41e ./CMSIS/efm32zg/system_efm32zg.o

.debug_aranges  0x00000000      0x5e0
 .debug_aranges
                0x00000000       0x58 ./src/capsense_spaceinvaders.o
 .debug_aranges
                0x00000058       0x40 ./src/game.o
 .debug_aranges
                0x00000098       0x28 ./src/main.o
 .debug_aranges
                0x000000c0       0x60 ./src/render.o
 .debug_aranges
                0x00000120       0x40 ./src/spaceinvaders.o
 .debug_aranges
                0x00000160       0x58 ./emlib/em_acmp.o
 .debug_aranges
                0x000001b8       0x20 ./emlib/em_assert.o
 .debug_aranges
                0x000001d8       0xc8 ./emlib/em_cmu.o
 .debug_aranges
                0x000002a0       0x40 ./emlib/em_emu.o
 .debug_aranges
                0x000002e0       0x38 ./emlib/em_gpio.o
 .debug_aranges
                0x00000318       0x18 ./emlib/em_int.o
 .debug_aranges
                0x00000330       0x50 ./emlib/em_rtc.o
 .debug_aranges
                0x00000380       0xb8 ./emlib/em_usart.o
 .debug_aranges
                0x00000438       0x38 ./Drivers/display.o
 .debug_aranges
                0x00000470       0x40 ./Drivers/displayls013b7dh03.o
 .debug_aranges
                0x000004b0       0x88 ./Drivers/displaypalemlib.o
 .debug_aranges
                0x00000538       0x28 ./Drivers/udelay.o
 .debug_aranges
                0x00000560       0x20 ./CMSIS/efm32zg/startup_gcc_efm32zg.o
 .debug_aranges
                0x00000580       0x60 ./CMSIS/efm32zg/system_efm32zg.o

.debug_ranges   0x00000000     0x1130
 .debug_ranges  0x00000000       0x48 ./src/capsense_spaceinvaders.o
 .debug_ranges  0x00000048      0x3f0 ./src/game.o
 .debug_ranges  0x00000438       0x48 ./src/main.o
 .debug_ranges  0x00000480       0x50 ./src/render.o
 .debug_ranges  0x000004d0       0x30 ./src/spaceinvaders.o
 .debug_ranges  0x00000500       0xa8 ./emlib/em_acmp.o
 .debug_ranges  0x000005a8       0x10 ./emlib/em_assert.o
 .debug_ranges  0x000005b8      0x4e8 ./emlib/em_cmu.o
 .debug_ranges  0x00000aa0       0x48 ./emlib/em_emu.o
 .debug_ranges  0x00000ae8       0xb8 ./emlib/em_gpio.o
 .debug_ranges  0x00000ba0       0xb8 ./emlib/em_rtc.o
 .debug_ranges  0x00000c58      0x1a0 ./emlib/em_usart.o
 .debug_ranges  0x00000df8       0x28 ./Drivers/display.o
 .debug_ranges  0x00000e20       0x60 ./Drivers/displayls013b7dh03.o
 .debug_ranges  0x00000e80       0xd8 ./Drivers/displaypalemlib.o
 .debug_ranges  0x00000f58       0xa8 ./Drivers/udelay.o
 .debug_ranges  0x00001000      0x130 ./CMSIS/efm32zg/system_efm32zg.o

.debug_line     0x00000000     0x44f4
 .debug_line    0x00000000      0x315 ./src/capsense_spaceinvaders.o
 .debug_line    0x00000315      0x5e8 ./src/game.o
 .debug_line    0x000008fd      0x2c9 ./src/main.o
 .debug_line    0x00000bc6      0x525 ./src/render.o
 .debug_line    0x000010eb      0x5ef ./src/spaceinvaders.o
 .debug_line    0x000016da      0x33d ./emlib/em_acmp.o
 .debug_line    0x00001a17       0x44 ./emlib/em_assert.o
 .debug_line    0x00001a5b      0x89a ./emlib/em_cmu.o
 .debug_line    0x000022f5      0x34f ./emlib/em_emu.o
 .debug_line    0x00002644      0x2b9 ./emlib/em_gpio.o
 .debug_line    0x000028fd       0xce ./emlib/em_int.o
 .debug_line    0x000029cb      0x2c9 ./emlib/em_rtc.o
 .debug_line    0x00002c94      0x66f ./emlib/em_usart.o
 .debug_line    0x00003303      0x290 ./Drivers/display.o
 .debug_line    0x00003593      0x33d ./Drivers/displayls013b7dh03.o
 .debug_line    0x000038d0      0x559 ./Drivers/displaypalemlib.o
 .debug_line    0x00003e29      0x38d ./Drivers/udelay.o
 .debug_line    0x000041b6       0x85 ./CMSIS/efm32zg/startup_gcc_efm32zg.o
 .debug_line    0x0000423b      0x2b9 ./CMSIS/efm32zg/system_efm32zg.o

.debug_str      0x00000000     0x2c09
 .debug_str     0x00000000      0x6ed ./src/capsense_spaceinvaders.o
                                0x750 (size before relaxing)
 .debug_str     0x000006ed      0x2b1 ./src/game.o
                                0x411 (size before relaxing)
 .debug_str     0x0000099e      0x44d ./src/main.o
                                0x5d7 (size before relaxing)
 .debug_str     0x00000deb      0x360 ./src/render.o
                                0x527 (size before relaxing)
 .debug_str     0x0000114b      0x469 ./src/spaceinvaders.o
                                0xb9d (size before relaxing)
 .debug_str     0x000015b4       0xeb ./emlib/em_acmp.o
                                0x58e (size before relaxing)
 .debug_str     0x0000169f       0x1f ./emlib/em_assert.o
                                 0xc8 (size before relaxing)
 .debug_str     0x000016be      0x57f ./emlib/em_cmu.o
                                0xa8e (size before relaxing)
 .debug_str     0x00001c3d       0xbe ./emlib/em_emu.o
                                0x378 (size before relaxing)
 .debug_str     0x00001cfb       0xb9 ./emlib/em_gpio.o
                                0x4d9 (size before relaxing)
 .debug_str     0x00001db4       0x1e ./emlib/em_int.o
                                0x16c (size before relaxing)
 .debug_str     0x00001dd2       0xbe ./emlib/em_rtc.o
                                0x255 (size before relaxing)
 .debug_str     0x00001e90      0x84a ./emlib/em_usart.o
                                0xb64 (size before relaxing)
 .debug_str     0x000026da       0xef ./Drivers/display.o
                                0x3fa (size before relaxing)
 .debug_str     0x000027c9      0x152 ./Drivers/displayls013b7dh03.o
                                0x4a3 (size before relaxing)
 .debug_str     0x0000291b      0x14c ./Drivers/displaypalemlib.o
                                0xe43 (size before relaxing)
 .debug_str     0x00002a67      0x10c ./Drivers/udelay.o
                                0x878 (size before relaxing)
 .debug_str     0x00002b73       0x96 ./CMSIS/efm32zg/system_efm32zg.o
                                0x35d (size before relaxing)

.debug_frame    0x00000000     0x110c
 .debug_frame   0x00000000       0xc8 ./src/capsense_spaceinvaders.o
 .debug_frame   0x000000c8       0xbc ./src/game.o
 .debug_frame   0x00000184       0x40 ./src/main.o
 .debug_frame   0x000001c4      0x128 ./src/render.o
 .debug_frame   0x000002ec       0x90 ./src/spaceinvaders.o
 .debug_frame   0x0000037c       0xe4 ./emlib/em_acmp.o
 .debug_frame   0x00000460       0x28 ./emlib/em_assert.o
 .debug_frame   0x00000488      0x214 ./emlib/em_cmu.o
 .debug_frame   0x0000069c       0x78 ./emlib/em_emu.o
 .debug_frame   0x00000714       0x8c ./emlib/em_gpio.o
 .debug_frame   0x000007a0       0xa4 ./emlib/em_rtc.o
 .debug_frame   0x00000844      0x22c ./emlib/em_usart.o
 .debug_frame   0x00000a70       0x7c ./Drivers/display.o
 .debug_frame   0x00000aec       0xa4 ./Drivers/displayls013b7dh03.o
 .debug_frame   0x00000b90      0x174 ./Drivers/displaypalemlib.o
 .debug_frame   0x00000d04       0x4c ./Drivers/udelay.o
 .debug_frame   0x00000d50       0xc0 ./CMSIS/efm32zg/system_efm32zg.o
 .debug_frame   0x00000e10       0x20 c:/siliconlabs/simplicitystudio/v2/developer/toolchains/gnu_arm/4.7_2013q1/bin/../lib/gcc/arm-none-eabi/4.7.3/armv6-m\libgcc.a(_udivsi3.o)
 .debug_frame   0x00000e30       0x20 c:/siliconlabs/simplicitystudio/v2/developer/toolchains/gnu_arm/4.7_2013q1/bin/../lib/gcc/arm-none-eabi/4.7.3/armv6-m\libgcc.a(_divsi3.o)
 .debug_frame   0x00000e50       0x28 c:/siliconlabs/simplicitystudio/v2/developer/toolchains/gnu_arm/4.7_2013q1/bin/../lib/gcc/arm-none-eabi/4.7.3/../../../../arm-none-eabi/lib/armv6-m\libc_s.a(lib_a-__atexit2.o)
 .debug_frame   0x00000e78       0x28 c:/siliconlabs/simplicitystudio/v2/developer/toolchains/gnu_arm/4.7_2013q1/bin/../lib/gcc/arm-none-eabi/4.7.3/../../../../arm-none-eabi/lib/armv6-m\libc_s.a(lib_a-exit.o)
 .debug_frame   0x00000ea0       0x2c c:/siliconlabs/simplicitystudio/v2/developer/toolchains/gnu_arm/4.7_2013q1/bin/../lib/gcc/arm-none-eabi/4.7.3/../../../../arm-none-eabi/lib/armv6-m\libc_s.a(lib_a-fini.o)
 .debug_frame   0x00000ecc       0x2c c:/siliconlabs/simplicitystudio/v2/developer/toolchains/gnu_arm/4.7_2013q1/bin/../lib/gcc/arm-none-eabi/4.7.3/../../../../arm-none-eabi/lib/armv6-m\libc_s.a(lib_a-init.o)
 .debug_frame   0x00000ef8       0x28 c:/siliconlabs/simplicitystudio/v2/developer/toolchains/gnu_arm/4.7_2013q1/bin/../lib/gcc/arm-none-eabi/4.7.3/../../../../arm-none-eabi/lib/armv6-m\libc_s.a(lib_a-memcpy.o)
 .debug_frame   0x00000f20       0x28 c:/siliconlabs/simplicitystudio/v2/developer/toolchains/gnu_arm/4.7_2013q1/bin/../lib/gcc/arm-none-eabi/4.7.3/../../../../arm-none-eabi/lib/armv6-m\libc_s.a(lib_a-memset.o)
 .debug_frame   0x00000f48       0x48 c:/siliconlabs/simplicitystudio/v2/developer/toolchains/gnu_arm/4.7_2013q1/bin/../lib/gcc/arm-none-eabi/4.7.3/../../../../arm-none-eabi/lib/armv6-m\libc_s.a(lib_a-rand.o)
 .debug_frame   0x00000f90       0x40 c:/siliconlabs/simplicitystudio/v2/developer/toolchains/gnu_arm/4.7_2013q1/bin/../lib/gcc/arm-none-eabi/4.7.3/../../../../arm-none-eabi/lib/armv6-m\libc_s.a(lib_a-malloc.o)
 .debug_frame   0x00000fd0       0x2c c:/siliconlabs/simplicitystudio/v2/developer/toolchains/gnu_arm/4.7_2013q1/bin/../lib/gcc/arm-none-eabi/4.7.3/../../../../arm-none-eabi/lib/armv6-m\libc_s.a(lib_a-mallocr.o)
 .debug_frame   0x00000ffc       0x2c c:/siliconlabs/simplicitystudio/v2/developer/toolchains/gnu_arm/4.7_2013q1/bin/../lib/gcc/arm-none-eabi/4.7.3/../../../../arm-none-eabi/lib/armv6-m\libc_s.a(lib_a-sbrkr.o)
 .debug_frame   0x00001028       0x64 c:/siliconlabs/simplicitystudio/v2/developer/toolchains/gnu_arm/4.7_2013q1/bin/../lib/gcc/arm-none-eabi/4.7.3/../../../../arm-none-eabi/lib/armv6-m\libc_s.a(lib_a-reent.o)
 .debug_frame   0x0000108c       0x28 c:/siliconlabs/simplicitystudio/v2/developer/toolchains/gnu_arm/4.7_2013q1/bin/../lib/gcc/arm-none-eabi/4.7.3/../../../../arm-none-eabi/lib/armv6-m\libnosys.a(sbrk.o)
 .debug_frame   0x000010b4       0x28 c:/siliconlabs/simplicitystudio/v2/developer/toolchains/gnu_arm/4.7_2013q1/bin/../lib/gcc/arm-none-eabi/4.7.3/../../../../arm-none-eabi/lib/armv6-m\libnosys.a(_exit.o)
 .debug_frame   0x000010dc       0x30 c:/siliconlabs/simplicitystudio/v2/developer/toolchains/gnu_arm/4.7_2013q1/bin/../lib/gcc/arm-none-eabi/4.7.3/armv6-m\libgcc.a(_muldi3.o)
