Archive member included because of file (symbol)

c:/siliconlabs/simplicitystudio/v2/developer/toolchains/gnu_arm/4.7_2013q1/bin/../lib/gcc/arm-none-eabi/4.7.3/../../../../arm-none-eabi/lib/armv6-m\libm.a(lib_a-s_atan.o)
                              ./src/MPU6050.o (atan)
c:/siliconlabs/simplicitystudio/v2/developer/toolchains/gnu_arm/4.7_2013q1/bin/../lib/gcc/arm-none-eabi/4.7.3/../../../../arm-none-eabi/lib/armv6-m\libm.a(lib_a-s_fabs.o)
                              c:/siliconlabs/simplicitystudio/v2/developer/toolchains/gnu_arm/4.7_2013q1/bin/../lib/gcc/arm-none-eabi/4.7.3/../../../../arm-none-eabi/lib/armv6-m\libm.a(lib_a-s_atan.o) (fabs)
c:/siliconlabs/simplicitystudio/v2/developer/toolchains/gnu_arm/4.7_2013q1/bin/../lib/gcc/arm-none-eabi/4.7.3/../../../../arm-none-eabi/lib/armv6-m\libm.a(lib_a-w_pow.o)
                              ./src/MPU6050.o (pow)
c:/siliconlabs/simplicitystudio/v2/developer/toolchains/gnu_arm/4.7_2013q1/bin/../lib/gcc/arm-none-eabi/4.7.3/../../../../arm-none-eabi/lib/armv6-m\libm.a(lib_a-w_sqrt.o)
                              ./src/MPU6050.o (sqrt)
c:/siliconlabs/simplicitystudio/v2/developer/toolchains/gnu_arm/4.7_2013q1/bin/../lib/gcc/arm-none-eabi/4.7.3/../../../../arm-none-eabi/lib/armv6-m\libm.a(lib_a-e_pow.o)
                              c:/siliconlabs/simplicitystudio/v2/developer/toolchains/gnu_arm/4.7_2013q1/bin/../lib/gcc/arm-none-eabi/4.7.3/../../../../arm-none-eabi/lib/armv6-m\libm.a(lib_a-w_pow.o) (__ieee754_pow)
c:/siliconlabs/simplicitystudio/v2/developer/toolchains/gnu_arm/4.7_2013q1/bin/../lib/gcc/arm-none-eabi/4.7.3/../../../../arm-none-eabi/lib/armv6-m\libm.a(lib_a-e_sqrt.o)
                              c:/siliconlabs/simplicitystudio/v2/developer/toolchains/gnu_arm/4.7_2013q1/bin/../lib/gcc/arm-none-eabi/4.7.3/../../../../arm-none-eabi/lib/armv6-m\libm.a(lib_a-w_sqrt.o) (__ieee754_sqrt)
c:/siliconlabs/simplicitystudio/v2/developer/toolchains/gnu_arm/4.7_2013q1/bin/../lib/gcc/arm-none-eabi/4.7.3/../../../../arm-none-eabi/lib/armv6-m\libm.a(lib_a-s_finite.o)
                              c:/siliconlabs/simplicitystudio/v2/developer/toolchains/gnu_arm/4.7_2013q1/bin/../lib/gcc/arm-none-eabi/4.7.3/../../../../arm-none-eabi/lib/armv6-m\libm.a(lib_a-w_pow.o) (finite)
c:/siliconlabs/simplicitystudio/v2/developer/toolchains/gnu_arm/4.7_2013q1/bin/../lib/gcc/arm-none-eabi/4.7.3/../../../../arm-none-eabi/lib/armv6-m\libm.a(lib_a-s_fpclassify.o)
                              c:/siliconlabs/simplicitystudio/v2/developer/toolchains/gnu_arm/4.7_2013q1/bin/../lib/gcc/arm-none-eabi/4.7.3/../../../../arm-none-eabi/lib/armv6-m\libm.a(lib_a-w_pow.o) (__fpclassifyd)
c:/siliconlabs/simplicitystudio/v2/developer/toolchains/gnu_arm/4.7_2013q1/bin/../lib/gcc/arm-none-eabi/4.7.3/../../../../arm-none-eabi/lib/armv6-m\libm.a(lib_a-s_lib_ver.o)
                              c:/siliconlabs/simplicitystudio/v2/developer/toolchains/gnu_arm/4.7_2013q1/bin/../lib/gcc/arm-none-eabi/4.7.3/../../../../arm-none-eabi/lib/armv6-m\libm.a(lib_a-w_pow.o) (__fdlib_version)
c:/siliconlabs/simplicitystudio/v2/developer/toolchains/gnu_arm/4.7_2013q1/bin/../lib/gcc/arm-none-eabi/4.7.3/../../../../arm-none-eabi/lib/armv6-m\libm.a(lib_a-s_matherr.o)
                              c:/siliconlabs/simplicitystudio/v2/developer/toolchains/gnu_arm/4.7_2013q1/bin/../lib/gcc/arm-none-eabi/4.7.3/../../../../arm-none-eabi/lib/armv6-m\libm.a(lib_a-w_pow.o) (matherr)
c:/siliconlabs/simplicitystudio/v2/developer/toolchains/gnu_arm/4.7_2013q1/bin/../lib/gcc/arm-none-eabi/4.7.3/../../../../arm-none-eabi/lib/armv6-m\libm.a(lib_a-s_nan.o)
                              c:/siliconlabs/simplicitystudio/v2/developer/toolchains/gnu_arm/4.7_2013q1/bin/../lib/gcc/arm-none-eabi/4.7.3/../../../../arm-none-eabi/lib/armv6-m\libm.a(lib_a-e_pow.o) (nan)
c:/siliconlabs/simplicitystudio/v2/developer/toolchains/gnu_arm/4.7_2013q1/bin/../lib/gcc/arm-none-eabi/4.7.3/../../../../arm-none-eabi/lib/armv6-m\libm.a(lib_a-s_rint.o)
                              c:/siliconlabs/simplicitystudio/v2/developer/toolchains/gnu_arm/4.7_2013q1/bin/../lib/gcc/arm-none-eabi/4.7.3/../../../../arm-none-eabi/lib/armv6-m\libm.a(lib_a-w_pow.o) (rint)
c:/siliconlabs/simplicitystudio/v2/developer/toolchains/gnu_arm/4.7_2013q1/bin/../lib/gcc/arm-none-eabi/4.7.3/../../../../arm-none-eabi/lib/armv6-m\libm.a(lib_a-s_scalbn.o)
                              c:/siliconlabs/simplicitystudio/v2/developer/toolchains/gnu_arm/4.7_2013q1/bin/../lib/gcc/arm-none-eabi/4.7.3/../../../../arm-none-eabi/lib/armv6-m\libm.a(lib_a-e_pow.o) (scalbn)
c:/siliconlabs/simplicitystudio/v2/developer/toolchains/gnu_arm/4.7_2013q1/bin/../lib/gcc/arm-none-eabi/4.7.3/../../../../arm-none-eabi/lib/armv6-m\libm.a(lib_a-s_copysign.o)
                              c:/siliconlabs/simplicitystudio/v2/developer/toolchains/gnu_arm/4.7_2013q1/bin/../lib/gcc/arm-none-eabi/4.7.3/../../../../arm-none-eabi/lib/armv6-m\libm.a(lib_a-s_scalbn.o) (copysign)
[...]
Memory Configuration

Name             Origin             Length             Attributes
FLASH            0x00000000         0x00008000         xr
RAM              0x20000000         0x00001000         xrw
*default*        0x00000000         0xffffffff

Linker script and memory map

LOAD c:/siliconlabs/simplicitystudio/v2/developer/toolchains/gnu_arm/4.7_2013q1/bin/../lib/gcc/arm-none-eabi/4.7.3/armv6-m/crti.o
LOAD c:/siliconlabs/simplicitystudio/v2/developer/toolchains/gnu_arm/4.7_2013q1/bin/../lib/gcc/arm-none-eabi/4.7.3/armv6-m/crtbegin.o
LOAD c:/siliconlabs/simplicitystudio/v2/developer/toolchains/gnu_arm/4.7_2013q1/bin/../lib/gcc/arm-none-eabi/4.7.3/../../../../arm-none-eabi/lib/armv6-m/crt0.o
LOAD ./src/I2C.o
LOAD ./src/MPU6050.o
LOAD ./src/UART.o
LOAD ./src/XBEE.o
LOAD ./src/main.o
LOAD ./emlib/em_assert.o
LOAD ./emlib/em_cmu.o
LOAD ./emlib/em_ebi.o
LOAD ./emlib/em_emu.o
LOAD ./emlib/em_gpio.o
LOAD ./emlib/em_i2c.o
LOAD ./emlib/em_int.o
LOAD ./emlib/em_leuart.o
LOAD ./emlib/em_prs.o
LOAD ./emlib/em_rtc.o
LOAD ./emlib/em_system.o
LOAD ./emlib/em_timer.o
LOAD ./emlib/em_usart.o
LOAD ./Drivers/display.o
LOAD ./Drivers/displayls013b7dh03.o
LOAD ./Drivers/displaypalemlib.o
LOAD ./Drivers/retargetio.o
LOAD ./Drivers/retargettextdisplay.o
LOAD ./Drivers/textdisplay.o
LOAD ./Drivers/udelay.o
LOAD ./CMSIS/efm32zg/startup_gcc_efm32zg.o
LOAD ./CMSIS/efm32zg/system_efm32zg.o
LOAD ./BSP/bsp_bcc.o
LOAD ./BSP/bsp_stk.o
LOAD ./BSP/bsp_stk_leds.o
LOAD c:/siliconlabs/simplicitystudio/v2/developer/toolchains/gnu_arm/4.7_2013q1/bin/../lib/gcc/arm-none-eabi/4.7.3/../../../../arm-none-eabi/lib/armv6-m\libm.a
START GROUP
LOAD c:/siliconlabs/simplicitystudio/v2/developer/toolchains/gnu_arm/4.7_2013q1/bin/../lib/gcc/arm-none-eabi/4.7.3/armv6-m\libgcc.a
LOAD c:/siliconlabs/simplicitystudio/v2/developer/toolchains/gnu_arm/4.7_2013q1/bin/../lib/gcc/arm-none-eabi/4.7.3/../../../../arm-none-eabi/lib/armv6-m\libc_s.a
LOAD c:/siliconlabs/simplicitystudio/v2/developer/toolchains/gnu_arm/4.7_2013q1/bin/../lib/gcc/arm-none-eabi/4.7.3/../../../../arm-none-eabi/lib/armv6-m\libnosys.a
END GROUP
START GROUP
LOAD c:/siliconlabs/simplicitystudio/v2/developer/toolchains/gnu_arm/4.7_2013q1/bin/../lib/gcc/arm-none-eabi/4.7.3/armv6-m\libgcc.a
LOAD c:/siliconlabs/simplicitystudio/v2/developer/toolchains/gnu_arm/4.7_2013q1/bin/../lib/gcc/arm-none-eabi/4.7.3/../../../../arm-none-eabi/lib/armv6-m\libc_s.a
END GROUP
LOAD c:/siliconlabs/simplicitystudio/v2/developer/toolchains/gnu_arm/4.7_2013q1/bin/../lib/gcc/arm-none-eabi/4.7.3/armv6-m/crtend.o
LOAD c:/siliconlabs/simplicitystudio/v2/developer/toolchains/gnu_arm/4.7_2013q1/bin/../lib/gcc/arm-none-eabi/4.7.3/armv6-m/crtn.o

.text           0x00000000     0x4b40
 *(.isr_vector)
 .isr_vector    0x00000000      0x100 ./CMSIS/efm32zg/startup_gcc_efm32zg.o
                0x00000000                __isr_vector
 *(.text*)
 .text          0x00000100       0x60 c:/siliconlabs/simplicitystudio/v2/developer/toolchains/gnu_arm/4.7_2013q1/bin/../lib/gcc/arm-none-eabi/4.7.3/armv6-m/crtbegin.o
 .text          0x00000160       0x74 c:/siliconlabs/simplicitystudio/v2/developer/toolchains/gnu_arm/4.7_2013q1/bin/../lib/gcc/arm-none-eabi/4.7.3/../../../../arm-none-eabi/lib/armv6-m/crt0.o
                0x00000160                _start
                0x00000160                start
                0x00000160                _mainCRTStartup
 .text.I2C0_IRQHandler
                0x000001d4       0x18 ./src/I2C.o
                0x000001d4                I2C0_IRQHandler
 .text.uartSetup
                0x000001ec       0x88 ./src/UART.o
                0x000001ec                uartSetup
 .text.uartGetChar
                0x00000274       0x30 ./src/UART.o
                0x00000274                uartGetChar
 .text.uartPutChar
                0x000002a4       0x4c ./src/UART.o
                0x000002a4                uartPutChar
 .text.uartPutData
                0x000002f0       0x64 ./src/UART.o
                0x000002f0                uartPutData
 .text.uartGetData
                0x00000354       0x4c ./src/UART.o
                0x00000354                uartGetData
 .text.USART1_RX_IRQHandler
                0x000003a0       0x50 ./src/UART.o
                0x000003a0                USART1_RX_IRQHandler
 .text.USART1_TX_IRQHandler
                0x000003f0       0x5c ./src/UART.o
                0x000003f0                USART1_TX_IRQHandler
 .text.XbeeSetup
                0x0000044c      0x1d8 ./src/XBEE.o
                0x0000044c                XbeeSetup
 .text.receiveRxFrame
                0x00000624       0x98 ./src/XBEE.o
                0x00000624                receiveRxFrame
 .text.GPIO_EVEN_IRQHandler
                0x000006bc       0x1c ./src/main.o
                0x000006bc                GPIO_EVEN_IRQHandler
 .text.GPIO_ODD_IRQHandler
                0x000006d8       0x1c ./src/main.o
                0x000006d8                GPIO_ODD_IRQHandler
 .text.SysTick_Handler
                0x000006f4       0x10 ./src/main.o
                0x000006f4                SysTick_Handler
 .text.TIMER0_IRQHandler
                0x00000704       0x10 ./src/main.o
                0x00000704                TIMER0_IRQHandler
 .text.startup.main
                0x00000714      0x2cc ./src/main.o
                0x00000714                main
 .text.assertEFM
                0x000009e0        0x4 ./emlib/em_assert.o
                0x000009e0                assertEFM
 .text.CMU_ClockDivGet
                0x000009e4       0x98 ./emlib/em_cmu.o
                0x000009e4                CMU_ClockDivGet
 .text.CMU_ClockDivSet
                0x00000a7c      0x22c ./emlib/em_cmu.o
                0x00000a7c                CMU_ClockDivSet
 .text.CMU_ClockEnable
                0x00000ca8       0x88 ./emlib/em_cmu.o
                0x00000ca8                CMU_ClockEnable
 .text.CMU_ClockFreqGet
                0x00000d30      0x1c8 ./emlib/em_cmu.o
                0x00000d30                CMU_ClockFreqGet
 .text.CMU_ClockSelectGet
                0x00000ef8       0xa8 ./emlib/em_cmu.o
                0x00000ef8                CMU_ClockSelectGet
 .text.CMU_ClockSelectSet
                0x00000fa0      0x188 ./emlib/em_cmu.o
                0x00000fa0                CMU_ClockSelectSet
 .text.CMU_OscillatorEnable
                0x00001128       0x70 ./emlib/em_cmu.o
                0x00001128                CMU_OscillatorEnable
 .text.EMU_UpdateOscConfig
                0x00001198       0x14 ./emlib/em_emu.o
                0x00001198                EMU_UpdateOscConfig
 .text.GPIO_IntConfig
                0x000011ac       0xbc ./emlib/em_gpio.o
                0x000011ac                GPIO_IntConfig
 .text.GPIO_PinModeSet
                0x00001268       0xd4 ./emlib/em_gpio.o
                0x00001268                GPIO_PinModeSet
 .text.I2C_Transfer
                0x0000133c      0x314 ./emlib/em_i2c.o
                0x0000133c                I2C_Transfer
 .text.LEUART_Init
                0x00001650       0xd8 ./emlib/em_leuart.o
                0x00001650                LEUART_Init
 .text.RTC_CompareSet
                0x00001728       0x38 ./emlib/em_rtc.o
                0x00001728                RTC_CompareSet
 .text.RTC_Enable
                0x00001760       0x14 ./emlib/em_rtc.o
                0x00001760                RTC_Enable
 .text.RTC_FreezeEnable
                0x00001774       0x18 ./emlib/em_rtc.o
                0x00001774                RTC_FreezeEnable
 .text.RTC_Init
                0x0000178c       0x24 ./emlib/em_rtc.o
                0x0000178c                RTC_Init
 .text.TIMER_Init
                0x000017b0       0xa0 ./emlib/em_timer.o
                0x000017b0                TIMER_Init
 .text.TIMER_InitCC
                0x00001850       0x8c ./emlib/em_timer.o
                0x00001850                TIMER_InitCC
 .text.USART_BaudrateAsyncSet
                0x000018dc       0xe8 ./emlib/em_usart.o
                0x000018dc                USART_BaudrateAsyncSet
 .text.USART_Enable
                0x000019c4       0x2c ./emlib/em_usart.o
                0x000019c4                USART_Enable
 .text.USART_InitAsync
                0x000019f0       0xb0 ./emlib/em_usart.o
                0x000019f0                USART_InitAsync
 .text.USART_InitSync
                0x00001aa0      0x118 ./emlib/em_usart.o
                0x00001aa0                USART_InitSync
 .text.USART_Rx
                0x00001bb8       0x10 ./emlib/em_usart.o
                0x00001bb8                USART_Rx
 .text.USART_Tx
                0x00001bc8       0x10 ./emlib/em_usart.o
                0x00001bc8                USART_Tx
 .text.USART_TxDouble
                0x00001bd8       0x10 ./emlib/em_usart.o
                0x00001bd8                USART_TxDouble
 .text.DISPLAY_Init
                0x00001be8       0x34 ./Drivers/display.o
                0x00001be8                DISPLAY_Init
 .text.DISPLAY_DeviceGet
                0x00001c1c       0x3c ./Drivers/display.o
                0x00001c1c                DISPLAY_DeviceGet
 .text.DISPLAY_DeviceRegister
                0x00001c58       0x48 ./Drivers/display.o
                0x00001c58                DISPLAY_DeviceRegister
 .text.PixelMatrixAllocate
                0x00001ca0       0x3c ./Drivers/displayls013b7dh03.o
 .text.PixelMatrixFree
                0x00001cdc        0x8 ./Drivers/displayls013b7dh03.o
 .text.DriverRefresh
                0x00001ce4       0x10 ./Drivers/displayls013b7dh03.o
 .text.PixelMatrixDraw
                0x00001cf4       0xac ./Drivers/displayls013b7dh03.o
 .text.PixelMatrixClear
                0x00001da0       0x24 ./Drivers/displayls013b7dh03.o
 .text.DisplayEnable
                0x00001dc4       0x2c ./Drivers/displayls013b7dh03.o
 .text.DISPLAY_Ls013b7dh03Init
                0x00001df0       0xf8 ./Drivers/displayls013b7dh03.o
                0x00001df0                DISPLAY_Ls013b7dh03Init
 .text.PAL_SpiInit
                0x00001ee8       0x4c ./Drivers/displaypalemlib.o
                0x00001ee8                PAL_SpiInit
 .text.PAL_SpiTransmit
                0x00001f34       0x40 ./Drivers/displaypalemlib.o
                0x00001f34                PAL_SpiTransmit
 .text.PAL_TimerInit
                0x00001f74        0xc ./Drivers/displaypalemlib.o
                0x00001f74                PAL_TimerInit
 .text.PAL_TimerMicroSecondsDelay
                0x00001f80        0xc ./Drivers/displaypalemlib.o
                0x00001f80                PAL_TimerMicroSecondsDelay
 .text.PAL_GpioInit
                0x00001f8c       0x14 ./Drivers/displaypalemlib.o
                0x00001f8c                PAL_GpioInit
 .text.PAL_GpioPinModeSet
                0x00001fa0       0x1c ./Drivers/displaypalemlib.o
                0x00001fa0                PAL_GpioPinModeSet
 .text.PAL_GpioPinOutSet
                0x00001fbc       0x40 ./Drivers/displaypalemlib.o
                0x00001fbc                PAL_GpioPinOutSet
 .text.PAL_GpioPinOutClear
                0x00001ffc       0x40 ./Drivers/displaypalemlib.o
                0x00001ffc                PAL_GpioPinOutClear
 .text.PAL_GpioPinAutoToggle
                0x0000203c       0xb4 ./Drivers/displaypalemlib.o
                0x0000203c                PAL_GpioPinAutoToggle
 .text.RTC_IRQHandler
                0x000020f0       0x54 ./Drivers/displaypalemlib.o
                0x000020f0                RTC_IRQHandler
 .text._close   0x00002144        0x4 ./Drivers/retargetio.o
                0x00002144                _close
 .text._exit    0x00002148        0x4 ./Drivers/retargetio.o
                0x00002148                _exit
 .text._fstat   0x0000214c        0xc ./Drivers/retargetio.o
                0x0000214c                _fstat
 .text._isatty  0x00002158        0x4 ./Drivers/retargetio.o
                0x00002158                _isatty
 .text._lseek   0x0000215c        0x4 ./Drivers/retargetio.o
                0x0000215c                _lseek
 .text._read    0x00002160       0x2c ./Drivers/retargetio.o
                0x00002160                _read
 .text._write   0x0000218c       0x1c ./Drivers/retargetio.o
                0x0000218c                _write
 .text._sbrk    0x000021a8       0x54 ./Drivers/retargetio.o
                0x000021a8                _sbrk
 .text.RETARGET_TextDisplayInit
                0x000021fc       0x44 ./Drivers/retargettextdisplay.o
                0x000021fc                RETARGET_TextDisplayInit
 .text.RETARGET_ReadChar
                0x00002240        0x8 ./Drivers/retargettextdisplay.o
                0x00002240                RETARGET_ReadChar
 .text.RETARGET_WriteChar
                0x00002248       0x20 ./Drivers/retargettextdisplay.o
                0x00002248                RETARGET_WriteChar
 .text.TextdisplayLineDraw
                0x00002268      0x2b8 ./Drivers/textdisplay.o
 .text.TextdisplayUpdate
                0x00002520       0xb4 ./Drivers/textdisplay.o
 .text.TextdisplayEscapeSequence
                0x000025d4      0x190 ./Drivers/textdisplay.o
 .text.TextdisplayCharAdd
                0x00002764      0x180 ./Drivers/textdisplay.o
 .text.TEXTDISPLAY_New
                0x000028e4      0x134 ./Drivers/textdisplay.o
                0x000028e4                TEXTDISPLAY_New
 .text.TEXTDISPLAY_WriteChar
                0x00002a18       0xa8 ./Drivers/textdisplay.o
                0x00002a18                TEXTDISPLAY_WriteChar
 .text.UDELAY_Calibrate
                0x00002ac0      0x1f8 ./Drivers/udelay.o
                0x00002ac0                UDELAY_Calibrate
 .text.UDELAY_Delay
                0x00002cb8       0x20 ./Drivers/udelay.o
                0x00002cb8                UDELAY_Delay
 .text          0x00002cd8       0x60 ./CMSIS/efm32zg/startup_gcc_efm32zg.o
                0x00002cd8                Reset_Handler
                0x00002d08                Default_Handler
                0x00002d0a                NMI_Handler
                0x00002d0c                HardFault_Handler
                0x00002d0e                SVC_Handler
                0x00002d10                PendSV_Handler
                0x00002d14                DMA_IRQHandler
                0x00002d1a                ACMP0_IRQHandler
                0x00002d1c                ADC0_IRQHandler
                0x00002d22                TIMER1_IRQHandler
                0x00002d28                LEUART0_IRQHandler
                0x00002d2a                PCNT0_IRQHandler
                0x00002d2e                CMU_IRQHandler
                0x00002d30                VCMP_IRQHandler
                0x00002d32                MSC_IRQHandler
                0x00002d34                AES_IRQHandler
 .text.SystemCoreClockGet
                0x00002d38       0xb0 ./CMSIS/efm32zg/system_efm32zg.o
                0x00002d38                SystemCoreClockGet
 .text.SystemHFClockGet
                0x00002de8       0x9c ./CMSIS/efm32zg/system_efm32zg.o
                0x00002de8                SystemHFClockGet
 .text.SystemInit
                0x00002e84        0x4 ./CMSIS/efm32zg/system_efm32zg.o
                0x00002e84                SystemInit
 .text.SystemLFRCOClockGet
                0x00002e88        0x8 ./CMSIS/efm32zg/system_efm32zg.o
                0x00002e88                SystemLFRCOClockGet
 .text.SystemULFRCOClockGet
                0x00002e90        0x8 ./CMSIS/efm32zg/system_efm32zg.o
                0x00002e90                SystemULFRCOClockGet
 .text.SystemLFXOClockGet
                0x00002e98        0xc ./CMSIS/efm32zg/system_efm32zg.o
                0x00002e98                SystemLFXOClockGet
 .text.BSP_BccInit
                0x00002ea4       0xa8 ./BSP/bsp_bcc.o
                0x00002ea4                BSP_BccInit
 .text.BSP_Init
                0x00002f4c       0x10 ./BSP/bsp_stk.o
                0x00002f4c                BSP_Init
 .text.BSP_LedsInit
                0x00002f5c       0x38 ./BSP/bsp_stk_leds.o
                0x00002f5c                BSP_LedsInit
 .text.BSP_LedsSet
                0x00002f94       0x34 ./BSP/bsp_stk_leds.o
                0x00002f94                BSP_LedsSet
 .text          0x00002fc8       0x9c c:/siliconlabs/simplicitystudio/v2/developer/toolchains/gnu_arm/4.7_2013q1/bin/../lib/gcc/arm-none-eabi/4.7.3/armv6-m\libgcc.a(_udivsi3.o)
                0x00002fc8                __aeabi_uidiv
                0x00002fc8                __udivsi3
                0x00003050                __aeabi_uidivmod
 .text          0x00003064        0x4 c:/siliconlabs/simplicitystudio/v2/developer/toolchains/gnu_arm/4.7_2013q1/bin/../lib/gcc/arm-none-eabi/4.7.3/armv6-m\libgcc.a(_dvmd_tls.o)
                0x00003064                __aeabi_idiv0
                0x00003064                __aeabi_ldiv0
 .text.__register_exitproc
                0x00003068       0x18 c:/siliconlabs/simplicitystudio/v2/developer/toolchains/gnu_arm/4.7_2013q1/bin/../lib/gcc/arm-none-eabi/4.7.3/../../../../arm-none-eabi/lib/armv6-m\libc_s.a(lib_a-__atexit2.o)
                0x00003068                __register_exitproc
 .text.exit     0x00003080       0x30 c:/siliconlabs/simplicitystudio/v2/developer/toolchains/gnu_arm/4.7_2013q1/bin/../lib/gcc/arm-none-eabi/4.7.3/../../../../arm-none-eabi/lib/armv6-m\libc_s.a(lib_a-exit.o)
                0x00003080                exit
 .text.fileno   0x000030b0       0x50 c:/siliconlabs/simplicitystudio/v2/developer/toolchains/gnu_arm/4.7_2013q1/bin/../lib/gcc/arm-none-eabi/4.7.3/../../../../arm-none-eabi/lib/armv6-m\libc_s.a(lib_a-fileno.o)
                0x000030b0                fileno
 .text._cleanup_r
                0x00003100       0x36 c:/siliconlabs/simplicitystudio/v2/developer/toolchains/gnu_arm/4.7_2013q1/bin/../lib/gcc/arm-none-eabi/4.7.3/../../../../arm-none-eabi/lib/armv6-m\libc_s.a(lib_a-findfp.o)
                0x00003100                _cleanup_r
 *fill*         0x00003136        0x2 00
 .text.std.isra.0
                0x00003138       0x48 c:/siliconlabs/simplicitystudio/v2/developer/toolchains/gnu_arm/4.7_2013q1/bin/../lib/gcc/arm-none-eabi/4.7.3/../../../../arm-none-eabi/lib/armv6-m\libc_s.a(lib_a-findfp.o)
 .text.__sfmoreglue
                0x00003180       0x28 c:/siliconlabs/simplicitystudio/v2/developer/toolchains/gnu_arm/4.7_2013q1/bin/../lib/gcc/arm-none-eabi/4.7.3/../../../../arm-none-eabi/lib/armv6-m\libc_s.a(lib_a-findfp.o)
                0x00003180                __sfmoreglue
 .text.__sinit  0x000031a8       0x54 c:/siliconlabs/simplicitystudio/v2/developer/toolchains/gnu_arm/4.7_2013q1/bin/../lib/gcc/arm-none-eabi/4.7.3/../../../../arm-none-eabi/lib/armv6-m\libc_s.a(lib_a-findfp.o)
                0x000031a8                __sinit
 .text.__sfp    0x000031fc       0x80 c:/siliconlabs/simplicitystudio/v2/developer/toolchains/gnu_arm/4.7_2013q1/bin/../lib/gcc/arm-none-eabi/4.7.3/../../../../arm-none-eabi/lib/armv6-m\libc_s.a(lib_a-findfp.o)
                0x000031fc                __sfp
 .text.__libc_fini_array
                0x0000327c       0x2c c:/siliconlabs/simplicitystudio/v2/developer/toolchains/gnu_arm/4.7_2013q1/bin/../lib/gcc/arm-none-eabi/4.7.3/../../../../arm-none-eabi/lib/armv6-m\libc_s.a(lib_a-fini.o)
                0x0000327c                __libc_fini_array
 .text.__libc_init_array
                0x000032a8       0x4c c:/siliconlabs/simplicitystudio/v2/developer/toolchains/gnu_arm/4.7_2013q1/bin/../lib/gcc/arm-none-eabi/4.7.3/../../../../arm-none-eabi/lib/armv6-m\libc_s.a(lib_a-init.o)
                0x000032a8                __libc_init_array
 .text._malloc_r
                0x000032f4       0x94 c:/siliconlabs/simplicitystudio/v2/developer/toolchains/gnu_arm/4.7_2013q1/bin/../lib/gcc/arm-none-eabi/4.7.3/../../../../arm-none-eabi/lib/armv6-m\libc_s.a(lib_a-mallocr.o)
                0x000032f4                _malloc_r
 .text.memcpy   0x00003388       0x12 c:/siliconlabs/simplicitystudio/v2/developer/toolchains/gnu_arm/4.7_2013q1/bin/../lib/gcc/arm-none-eabi/4.7.3/../../../../arm-none-eabi/lib/armv6-m\libc_s.a(lib_a-memcpy.o)
                0x00003388                memcpy
 .text.memset   0x0000339a       0x12 c:/siliconlabs/simplicitystudio/v2/developer/toolchains/gnu_arm/4.7_2013q1/bin/../lib/gcc/arm-none-eabi/4.7.3/../../../../arm-none-eabi/lib/armv6-m\libc_s.a(lib_a-memset.o)
                0x0000339a                memset
 .text.printf   0x000033ac       0x34 c:/siliconlabs/simplicitystudio/v2/developer/toolchains/gnu_arm/4.7_2013q1/bin/../lib/gcc/arm-none-eabi/4.7.3/../../../../arm-none-eabi/lib/armv6-m\libc_s.a(lib_a-printf.o)
                0x000033ac                iprintf
                0x000033ac                printf
 .text._sbrk_r  0x000033e0       0x24 c:/siliconlabs/simplicitystudio/v2/developer/toolchains/gnu_arm/4.7_2013q1/bin/../lib/gcc/arm-none-eabi/4.7.3/../../../../arm-none-eabi/lib/armv6-m\libc_s.a(lib_a-sbrkr.o)
                0x000033e0                _sbrk_r
 .text.setvbuf  0x00003404      0x110 c:/siliconlabs/simplicitystudio/v2/developer/toolchains/gnu_arm/4.7_2013q1/bin/../lib/gcc/arm-none-eabi/4.7.3/../../../../arm-none-eabi/lib/armv6-m\libc_s.a(lib_a-setvbuf.o)
                0x00003404                setvbuf
 .text.sprintf  0x00003514       0x44 c:/siliconlabs/simplicitystudio/v2/developer/toolchains/gnu_arm/4.7_2013q1/bin/../lib/gcc/arm-none-eabi/4.7.3/../../../../arm-none-eabi/lib/armv6-m\libc_s.a(lib_a-sprintf.o)
                0x00003514                siprintf
                0x00003514                sprintf
 .text.__sread  0x00003558       0x28 c:/siliconlabs/simplicitystudio/v2/developer/toolchains/gnu_arm/4.7_2013q1/bin/../lib/gcc/arm-none-eabi/4.7.3/../../../../arm-none-eabi/lib/armv6-m\libc_s.a(lib_a-stdio.o)
                0x00003558                __sread
 .text.__swrite
                0x00003580       0x38 c:/siliconlabs/simplicitystudio/v2/developer/toolchains/gnu_arm/4.7_2013q1/bin/../lib/gcc/arm-none-eabi/4.7.3/../../../../arm-none-eabi/lib/armv6-m\libc_s.a(lib_a-stdio.o)
                0x00003580                __swrite
 .text.__sseek  0x000035b8       0x2c c:/siliconlabs/simplicitystudio/v2/developer/toolchains/gnu_arm/4.7_2013q1/bin/../lib/gcc/arm-none-eabi/4.7.3/../../../../arm-none-eabi/lib/armv6-m\libc_s.a(lib_a-stdio.o)
                0x000035b8                __sseek
 .text.__sclose
                0x000035e4        0xc c:/siliconlabs/simplicitystudio/v2/developer/toolchains/gnu_arm/4.7_2013q1/bin/../lib/gcc/arm-none-eabi/4.7.3/../../../../arm-none-eabi/lib/armv6-m\libc_s.a(lib_a-stdio.o)
                0x000035e4                __sclose
 .text.strcat   0x000035f0       0x1c c:/siliconlabs/simplicitystudio/v2/developer/toolchains/gnu_arm/4.7_2013q1/bin/../lib/gcc/arm-none-eabi/4.7.3/../../../../arm-none-eabi/lib/armv6-m\libc_s.a(lib_a-strcat.o)
                0x000035f0                strcat
 .text.strcpy   0x0000360c       0x10 c:/siliconlabs/simplicitystudio/v2/developer/toolchains/gnu_arm/4.7_2013q1/bin/../lib/gcc/arm-none-eabi/4.7.3/../../../../arm-none-eabi/lib/armv6-m\libc_s.a(lib_a-strcpy.o)
                0x0000360c                strcpy
 .text.strlen   0x0000361c        0xe c:/siliconlabs/simplicitystudio/v2/developer/toolchains/gnu_arm/4.7_2013q1/bin/../lib/gcc/arm-none-eabi/4.7.3/../../../../arm-none-eabi/lib/armv6-m\libc_s.a(lib_a-strlen.o)
                0x0000361c                strlen
 .text.strncmp  0x0000362a       0x30 c:/siliconlabs/simplicitystudio/v2/developer/toolchains/gnu_arm/4.7_2013q1/bin/../lib/gcc/arm-none-eabi/4.7.3/../../../../arm-none-eabi/lib/armv6-m\libc_s.a(lib_a-strncmp.o)
                0x0000362a                strncmp
 *fill*         0x0000365a        0x2 00
 .text.__ssputc_r
                0x0000365c       0xb0 c:/siliconlabs/simplicitystudio/v2/developer/toolchains/gnu_arm/4.7_2013q1/bin/../lib/gcc/arm-none-eabi/4.7.3/../../../../arm-none-eabi/lib/armv6-m\libc_s.a(lib_a-svfprintf.o)
                0x0000365c                __ssputc_r
 .text._svfprintf_r
                0x0000370c      0x1f8 c:/siliconlabs/simplicitystudio/v2/developer/toolchains/gnu_arm/4.7_2013q1/bin/../lib/gcc/arm-none-eabi/4.7.3/../../../../arm-none-eabi/lib/armv6-m\libc_s.a(lib_a-svfprintf.o)
                0x0000370c                _svfiprintf_r
                0x0000370c                _svfprintf_r
 .text.__sfputc_r
                0x00003904       0x2a c:/siliconlabs/simplicitystudio/v2/developer/toolchains/gnu_arm/4.7_2013q1/bin/../lib/gcc/arm-none-eabi/4.7.3/../../../../arm-none-eabi/lib/armv6-m\libc_s.a(lib_a-vfprintf.o)
                0x00003904                __sfputc_r
 *fill*         0x0000392e        0x2 00
 .text._vfprintf_r
                0x00003930      0x23c c:/siliconlabs/simplicitystudio/v2/developer/toolchains/gnu_arm/4.7_2013q1/bin/../lib/gcc/arm-none-eabi/4.7.3/../../../../arm-none-eabi/lib/armv6-m\libc_s.a(lib_a-vfprintf.o)
                0x00003930                _vfprintf_r
                0x00003930                _vfiprintf_r
 .text._printf_common
                0x00003b6c       0xe0 c:/siliconlabs/simplicitystudio/v2/developer/toolchains/gnu_arm/4.7_2013q1/bin/../lib/gcc/arm-none-eabi/4.7.3/../../../../arm-none-eabi/lib/armv6-m\libc_s.a(lib_a-vfprintf_i.o)
                0x00003b6c                _printf_common
 .text._printf_i
                0x00003c4c      0x234 c:/siliconlabs/simplicitystudio/v2/developer/toolchains/gnu_arm/4.7_2013q1/bin/../lib/gcc/arm-none-eabi/4.7.3/../../../../arm-none-eabi/lib/armv6-m\libc_s.a(lib_a-vfprintf_i.o)
                0x00003c4c                _printf_i
 .text.__swbuf_r
                0x00003e80       0xbc c:/siliconlabs/simplicitystudio/v2/developer/toolchains/gnu_arm/4.7_2013q1/bin/../lib/gcc/arm-none-eabi/4.7.3/../../../../arm-none-eabi/lib/armv6-m\libc_s.a(lib_a-wbuf.o)
                0x00003e80                __swbuf_r
 .text._write_r
                0x00003f3c       0x28 c:/siliconlabs/simplicitystudio/v2/developer/toolchains/gnu_arm/4.7_2013q1/bin/../lib/gcc/arm-none-eabi/4.7.3/../../../../arm-none-eabi/lib/armv6-m\libc_s.a(lib_a-writer.o)
                0x00003f3c                _write_r
 .text.__swsetup_r
                0x00003f64       0xd8 c:/siliconlabs/simplicitystudio/v2/developer/toolchains/gnu_arm/4.7_2013q1/bin/../lib/gcc/arm-none-eabi/4.7.3/../../../../arm-none-eabi/lib/armv6-m\libc_s.a(lib_a-wsetup.o)
                0x00003f64                __swsetup_r
 .text._close_r
                0x0000403c       0x24 c:/siliconlabs/simplicitystudio/v2/developer/toolchains/gnu_arm/4.7_2013q1/bin/../lib/gcc/arm-none-eabi/4.7.3/../../../../arm-none-eabi/lib/armv6-m\libc_s.a(lib_a-closer.o)
                0x0000403c                _close_r
 .text._fflush_r
                0x00004060      0x154 c:/siliconlabs/simplicitystudio/v2/developer/toolchains/gnu_arm/4.7_2013q1/bin/../lib/gcc/arm-none-eabi/4.7.3/../../../../arm-none-eabi/lib/armv6-m\libc_s.a(lib_a-fflush.o)
                0x00004060                _fflush_r
 .text._free_r  0x000041b4       0x90 c:/siliconlabs/simplicitystudio/v2/developer/toolchains/gnu_arm/4.7_2013q1/bin/../lib/gcc/arm-none-eabi/4.7.3/../../../../arm-none-eabi/lib/armv6-m\libc_s.a(lib_a-freer.o)
                0x000041b4                _free_r
 .text._lseek_r
                0x00004244       0x28 c:/siliconlabs/simplicitystudio/v2/developer/toolchains/gnu_arm/4.7_2013q1/bin/../lib/gcc/arm-none-eabi/4.7.3/../../../../arm-none-eabi/lib/armv6-m\libc_s.a(lib_a-lseekr.o)
                0x00004244                _lseek_r
 .text.__smakebuf_r
                0x0000426c       0xa0 c:/siliconlabs/simplicitystudio/v2/developer/toolchains/gnu_arm/4.7_2013q1/bin/../lib/gcc/arm-none-eabi/4.7.3/../../../../arm-none-eabi/lib/armv6-m\libc_s.a(lib_a-makebuf.o)
                0x0000426c                __smakebuf_r
 .text.malloc   0x0000430c       0x14 c:/siliconlabs/simplicitystudio/v2/developer/toolchains/gnu_arm/4.7_2013q1/bin/../lib/gcc/arm-none-eabi/4.7.3/../../../../arm-none-eabi/lib/armv6-m\libc_s.a(lib_a-malloc.o)
                0x0000430c                malloc
 .text.memchr   0x00004320       0x18 c:/siliconlabs/simplicitystudio/v2/developer/toolchains/gnu_arm/4.7_2013q1/bin/../lib/gcc/arm-none-eabi/4.7.3/../../../../arm-none-eabi/lib/armv6-m\libc_s.a(lib_a-memchr.o)
                0x00004320                memchr
 .text._read_r  0x00004338       0x28 c:/siliconlabs/simplicitystudio/v2/developer/toolchains/gnu_arm/4.7_2013q1/bin/../lib/gcc/arm-none-eabi/4.7.3/../../../../arm-none-eabi/lib/armv6-m\libc_s.a(lib_a-readr.o)
                0x00004338                _read_r
 .text._realloc_r
                0x00004360       0x4c c:/siliconlabs/simplicitystudio/v2/developer/toolchains/gnu_arm/4.7_2013q1/bin/../lib/gcc/arm-none-eabi/4.7.3/../../../../arm-none-eabi/lib/armv6-m\libc_s.a(lib_a-reallocr.o)
                0x00004360                _realloc_r
 .text._fstat_r
                0x000043ac       0x24 c:/siliconlabs/simplicitystudio/v2/developer/toolchains/gnu_arm/4.7_2013q1/bin/../lib/gcc/arm-none-eabi/4.7.3/../../../../arm-none-eabi/lib/armv6-m\libc_s.a(lib_a-fstatr.o)
                0x000043ac                _fstat_r
 .text._isatty_r
                0x000043d0       0x24 c:/siliconlabs/simplicitystudio/v2/developer/toolchains/gnu_arm/4.7_2013q1/bin/../lib/gcc/arm-none-eabi/4.7.3/../../../../arm-none-eabi/lib/armv6-m\libc_s.a(lib_a-isattyr.o)
                0x000043d0                _isatty_r
 .text._malloc_usable_size_r
                0x000043f4       0x14 c:/siliconlabs/simplicitystudio/v2/developer/toolchains/gnu_arm/4.7_2013q1/bin/../lib/gcc/arm-none-eabi/4.7.3/../../../../arm-none-eabi/lib/armv6-m\libc_s.a(lib_a-msizer.o)
                0x000043f4                _malloc_usable_size_r
 *(.init)
 .init          0x00004408        0x4 c:/siliconlabs/simplicitystudio/v2/developer/toolchains/gnu_arm/4.7_2013q1/bin/../lib/gcc/arm-none-eabi/4.7.3/armv6-m/crti.o
                0x00004408                _init
 .init          0x0000440c        0x8 c:/siliconlabs/simplicitystudio/v2/developer/toolchains/gnu_arm/4.7_2013q1/bin/../lib/gcc/arm-none-eabi/4.7.3/armv6-m/crtn.o
 *(.fini)
 .fini          0x00004414        0x4 c:/siliconlabs/simplicitystudio/v2/developer/toolchains/gnu_arm/4.7_2013q1/bin/../lib/gcc/arm-none-eabi/4.7.3/armv6-m/crti.o
                0x00004414                _fini
 .fini          0x00004418        0x8 c:/siliconlabs/simplicitystudio/v2/developer/toolchains/gnu_arm/4.7_2013q1/bin/../lib/gcc/arm-none-eabi/4.7.3/armv6-m/crtn.o
 *crtbegin.o(.ctors)
 *crtbegin?.o(.ctors)
 *(EXCLUDE_FILE(*crtend.o *crtend?.o) .ctors)
 *(SORT(.ctors.*))
 *(.ctors)
 *crtbegin.o(.dtors)
 *crtbegin?.o(.dtors)
 *(EXCLUDE_FILE(*crtend.o *crtend?.o) .dtors)
 *(SORT(.dtors.*))
 *(.dtors)
 *(.rodata*)
 .rodata.str1.4
                0x00004420       0x29 ./src/XBEE.o
                                 0x2c (size before relaxing)
 *fill*         0x00004449        0x3 00
 .rodata        0x0000444c        0xc ./src/main.o
 .rodata.str1.4
                0x00004458       0x20 ./src/main.o
 .rodata.CMU_ClockEnable
                0x00004478       0x1c ./emlib/em_cmu.o
 .rodata.CMU_ClockSelectSet
                0x00004494       0x50 ./emlib/em_cmu.o
 .rodata.CMU_OscillatorEnable
                0x000044e4       0x18 ./emlib/em_cmu.o
 .rodata.str1.4
                0x000044fc       0x12 ./emlib/em_cmu.o
                                 0x14 (size before relaxing)
 *fill*         0x0000450e        0x2 00
 .rodata.str1.4
                0x00004510       0x13 ./emlib/em_gpio.o
                                 0x14 (size before relaxing)
 *fill*         0x00004523        0x1 00
 .rodata.I2C_Transfer
                0x00004524       0x24 ./emlib/em_i2c.o
 .rodata.str1.4
                0x00004548       0x12 ./emlib/em_i2c.o
                                 0x14 (size before relaxing)
 *fill*         0x0000455a        0x2 00
 .rodata.str1.4
                0x0000455c       0x15 ./emlib/em_leuart.o
                                 0x18 (size before relaxing)
 *fill*         0x00004571        0x3 00
 .rodata.str1.4
                0x00004574       0x12 ./emlib/em_rtc.o
                                 0x14 (size before relaxing)
 *fill*         0x00004586        0x2 00
 .rodata.str1.4
                0x00004588       0x14 ./emlib/em_timer.o
 .rodata.str1.4
                0x0000459c       0x14 ./emlib/em_usart.o
 .rodata.str1.4
                0x000045b0       0x15 ./Drivers/displayls013b7dh03.o
                                 0x18 (size before relaxing)
 *fill*         0x000045c5        0x3 00
 .rodata        0x000045c8       0x1c ./Drivers/displaypalemlib.o
 .rodata.str1.4
                0x000045e4       0x50 ./Drivers/displaypalemlib.o
 .rodata.heaperr.8084
                0x00004634       0x1c ./Drivers/retargetio.o
 .rodata.escapeSequences.4888
                0x00004650       0x18 ./Drivers/textdisplay.o
 .rodata.chars_6x8_bits
                0x00004668      0x320 ./Drivers/textdisplay.o
 .rodata        0x00004988        0x4 ./Drivers/udelay.o
 .rodata        0x0000498c       0x10 ./BSP/bsp_bcc.o
 .rodata._ctype_
                0x0000499c      0x101 c:/siliconlabs/simplicitystudio/v2/developer/toolchains/gnu_arm/4.7_2013q1/bin/../lib/gcc/arm-none-eabi/4.7.3/../../../../arm-none-eabi/lib/armv6-m\libc_s.a(lib_a-ctype_.o)
                0x0000499c                _ctype_
 *fill*         0x00004a9d        0x3 00
 .rodata.__sf_fake_stdin
                0x00004aa0       0x20 c:/siliconlabs/simplicitystudio/v2/developer/toolchains/gnu_arm/4.7_2013q1/bin/../lib/gcc/arm-none-eabi/4.7.3/../../../../arm-none-eabi/lib/armv6-m\libc_s.a(lib_a-findfp.o)
                0x00004aa0                __sf_fake_stdin
 .rodata.__sf_fake_stdout
                0x00004ac0       0x20 c:/siliconlabs/simplicitystudio/v2/developer/toolchains/gnu_arm/4.7_2013q1/bin/../lib/gcc/arm-none-eabi/4.7.3/../../../../arm-none-eabi/lib/armv6-m\libc_s.a(lib_a-findfp.o)
                0x00004ac0                __sf_fake_stdout
 .rodata.__sf_fake_stderr
                0x00004ae0       0x20 c:/siliconlabs/simplicitystudio/v2/developer/toolchains/gnu_arm/4.7_2013q1/bin/../lib/gcc/arm-none-eabi/4.7.3/../../../../arm-none-eabi/lib/armv6-m\libc_s.a(lib_a-findfp.o)
                0x00004ae0                __sf_fake_stderr
 .rodata.str1.1
                0x00004b00        0x2 c:/siliconlabs/simplicitystudio/v2/developer/toolchains/gnu_arm/4.7_2013q1/bin/../lib/gcc/arm-none-eabi/4.7.3/../../../../arm-none-eabi/lib/armv6-m\libc_s.a(lib_a-impure.o)
 *fill*         0x00004b02        0x2 00
 .rodata._global_impure_ptr
                0x00004b04        0x4 c:/siliconlabs/simplicitystudio/v2/developer/toolchains/gnu_arm/4.7_2013q1/bin/../lib/gcc/arm-none-eabi/4.7.3/../../../../arm-none-eabi/lib/armv6-m\libc_s.a(lib_a-impure.o)
                0x00004b04                _global_impure_ptr
 .rodata.str1.1
                0x00004b08       0x11 c:/siliconlabs/simplicitystudio/v2/developer/toolchains/gnu_arm/4.7_2013q1/bin/../lib/gcc/arm-none-eabi/4.7.3/../../../../arm-none-eabi/lib/armv6-m\libc_s.a(lib_a-svfprintf.o)
 .rodata.str1.1
                0x00000000       0x11 c:/siliconlabs/simplicitystudio/v2/developer/toolchains/gnu_arm/4.7_2013q1/bin/../lib/gcc/arm-none-eabi/4.7.3/../../../../arm-none-eabi/lib/armv6-m\libc_s.a(lib_a-vfprintf.o)
 .rodata.str1.1
                0x00004b19       0x22 c:/siliconlabs/simplicitystudio/v2/developer/toolchains/gnu_arm/4.7_2013q1/bin/../lib/gcc/arm-none-eabi/4.7.3/../../../../arm-none-eabi/lib/armv6-m\libc_s.a(lib_a-vfprintf_i.o)
 *(.eh_frame*)
 *fill*         0x00004b3b        0x1 00
 .eh_frame      0x00004b3c        0x0 c:/siliconlabs/simplicitystudio/v2/developer/toolchains/gnu_arm/4.7_2013q1/bin/../lib/gcc/arm-none-eabi/4.7.3/armv6-m/crtbegin.o
 .eh_frame      0x00004b3c        0x4 c:/siliconlabs/simplicitystudio/v2/developer/toolchains/gnu_arm/4.7_2013q1/bin/../lib/gcc/arm-none-eabi/4.7.3/armv6-m/crtend.o

.glue_7         0x00004b40        0x0
 .glue_7        0x00000000        0x0 linker stubs

.glue_7t        0x00004b40        0x0
 .glue_7t       0x00000000        0x0 linker stubs

.vfp11_veneer   0x00004b40        0x0
 .vfp11_veneer  0x00000000        0x0 linker stubs

.v4_bx          0x00004b40        0x0
 .v4_bx         0x00000000        0x0 linker stubs

.iplt           0x00004b40        0x0
 .iplt          0x00000000        0x0 c:/siliconlabs/simplicitystudio/v2/developer/toolchains/gnu_arm/4.7_2013q1/bin/../lib/gcc/arm-none-eabi/4.7.3/armv6-m/crtbegin.o

.ARM.extab
 *(.ARM.extab* .gnu.linkonce.armextab.*)
                0x00004b40                __exidx_start = .

.ARM.exidx      0x00004b40        0x8
 *(.ARM.exidx* .gnu.linkonce.armexidx.*)
 .ARM.exidx     0x00004b40        0x8 c:/siliconlabs/simplicitystudio/v2/developer/toolchains/gnu_arm/4.7_2013q1/bin/../lib/gcc/arm-none-eabi/4.7.3/../../../../arm-none-eabi/lib/armv6-m/crt0.o
                0x00004b48                __exidx_end = .
                0x00004b48                __etext = .

.rel.dyn        0x00004b48        0x0
 .rel.iplt      0x00000000        0x0 c:/siliconlabs/simplicitystudio/v2/developer/toolchains/gnu_arm/4.7_2013q1/bin/../lib/gcc/arm-none-eabi/4.7.3/armv6-m/crtbegin.o

.data           0x20000000       0xa4 load address 0x00004b48
                0x20000000                __data_start__ = .
 *(vtable)
 *(.data*)
 .data.uartInit
                0x20000000       0x18 ./src/UART.o
 .data.pDisplayDeviceDriverInitFunctions
                0x20000018        0x8 ./Drivers/display.o
 .data.pixelMatrixPool
                0x20000020        0x4 ./Drivers/displayls013b7dh03.o
 .data.loops_per_jiffy
                0x20000024        0x4 ./Drivers/udelay.o
                0x20000024                loops_per_jiffy
 .data.SystemLFXOClock
                0x20000028        0x4 ./CMSIS/efm32zg/system_efm32zg.o
 .data.SystemHFXOClock
                0x2000002c        0x4 ./CMSIS/efm32zg/system_efm32zg.o
 .data.__ctype_ptr__
                0x20000030        0x4 c:/siliconlabs/simplicitystudio/v2/developer/toolchains/gnu_arm/4.7_2013q1/bin/../lib/gcc/arm-none-eabi/4.7.3/../../../../arm-none-eabi/lib/armv6-m\libc_s.a(lib_a-ctype_.o)
                0x20000030                __ctype_ptr__
 .data.impure_data
                0x20000034       0x64 c:/siliconlabs/simplicitystudio/v2/developer/toolchains/gnu_arm/4.7_2013q1/bin/../lib/gcc/arm-none-eabi/4.7.3/../../../../arm-none-eabi/lib/armv6-m\libc_s.a(lib_a-impure.o)
 .data._impure_ptr
                0x20000098        0x4 c:/siliconlabs/simplicitystudio/v2/developer/toolchains/gnu_arm/4.7_2013q1/bin/../lib/gcc/arm-none-eabi/4.7.3/../../../../arm-none-eabi/lib/armv6-m\libc_s.a(lib_a-impure.o)
                0x20000098                _impure_ptr
                0x2000009c                . = ALIGN (0x4)
 *(.ram)
                0x2000009c                . = ALIGN (0x4)
                0x2000009c                PROVIDE (__preinit_array_start, .)
 *(.preinit_array)
                0x2000009c                PROVIDE (__preinit_array_end, .)
                0x2000009c                . = ALIGN (0x4)
                0x2000009c                PROVIDE (__init_array_start, .)
 *(SORT(.init_array.*))
 *(.init_array)
 .init_array    0x2000009c        0x4 c:/siliconlabs/simplicitystudio/v2/developer/toolchains/gnu_arm/4.7_2013q1/bin/../lib/gcc/arm-none-eabi/4.7.3/armv6-m/crtbegin.o
                0x200000a0                PROVIDE (__init_array_end, .)
                0x200000a0                . = ALIGN (0x4)
                0x200000a0                PROVIDE (__fini_array_start, .)
 *(SORT(.fini_array.*))
 *(.fini_array)
 .fini_array    0x200000a0        0x4 c:/siliconlabs/simplicitystudio/v2/developer/toolchains/gnu_arm/4.7_2013q1/bin/../lib/gcc/arm-none-eabi/4.7.3/armv6-m/crtbegin.o
                0x200000a4                PROVIDE (__fini_array_end, .)
                0x200000a4                . = ALIGN (0x4)
                0x200000a4                __data_end__ = .

.jcr            0x200000a4        0x0 load address 0x00004bec
 .jcr           0x200000a4        0x0 c:/siliconlabs/simplicitystudio/v2/developer/toolchains/gnu_arm/4.7_2013q1/bin/../lib/gcc/arm-none-eabi/4.7.3/armv6-m/crtbegin.o

.igot.plt       0x200000a4        0x0 load address 0x00004bec
 .igot.plt      0x00000000        0x0 c:/siliconlabs/simplicitystudio/v2/developer/toolchains/gnu_arm/4.7_2013q1/bin/../lib/gcc/arm-none-eabi/4.7.3/armv6-m/crtbegin.o

.bss            0x200000a4      0x520 load address 0x00004bec
                0x200000a4                __bss_start__ = .
 *(.bss*)
 .bss           0x200000a4       0x1c c:/siliconlabs/simplicitystudio/v2/developer/toolchains/gnu_arm/4.7_2013q1/bin/../lib/gcc/arm-none-eabi/4.7.3/armv6-m/crtbegin.o
 .bss.txBuf     0x200000c0      0x110 ./src/UART.o
                0x200000c0                txBuf
 .bss.cmuStatus
                0x200001d0        0x2 ./emlib/em_emu.o
 *fill*         0x200001d2        0x2 00
 .bss.i2cTransfer
                0x200001d4        0xc ./emlib/em_i2c.o
 .bss.INT_LockCnt
                0x200001e0        0x4 ./emlib/em_int.o
                0x200001e0                INT_LockCnt
 .bss.devicesRegistered
                0x200001e4        0x4 ./Drivers/display.o
 .bss.deviceTable
                0x200001e8       0x2c ./Drivers/display.o
 .bss.moduleInitialized
                0x20000214        0x1 ./Drivers/display.o
 *fill*         0x20000215        0x3 00
 .bss.pixelMatrixPoolBase
                0x20000218       0x80 ./Drivers/displayls013b7dh03.o
 .bss.gpioPinNo
                0x20000298        0x4 ./Drivers/displaypalemlib.o
 .bss.gpioPortNo
                0x2000029c        0x4 ./Drivers/displaypalemlib.o
 .bss.heap_end.8082
                0x200002a0        0x4 ./Drivers/retargetio.o
 .bss.textDisplayHandle
                0x200002a4        0x4 ./Drivers/retargettextdisplay.o
                0x200002a4                textDisplayHandle
 .bss.escapeSequence.4887
                0x200002a8        0x4 ./Drivers/textdisplay.o
 .bss.textdisplayTbl
                0x200002ac       0x58 ./Drivers/textdisplay.o
 .bss.rxByteCount
                0x20000304        0x4 ./BSP/bsp_bcc.o
 .bss.txByteCount
                0x20000308        0x4 ./BSP/bsp_bcc.o
 .bss.__malloc_free_list
                0x2000030c        0x4 c:/siliconlabs/simplicitystudio/v2/developer/toolchains/gnu_arm/4.7_2013q1/bin/../lib/gcc/arm-none-eabi/4.7.3/../../../../arm-none-eabi/lib/armv6-m\libc_s.a(lib_a-mallocr.o)
                0x2000030c                __malloc_free_list
 *(COMMON)
 COMMON         0x20000310        0x1 ./src/I2C.o
                0x20000310                I2C_Status
 *fill*         0x20000311        0x3 00
 COMMON         0x20000314      0x110 ./src/UART.o
                0x20000314                rxBuf
 COMMON         0x20000424        0x4 ./src/XBEE.o
                0x20000424                msTicks
 COMMON         0x20000428        0x2 ./src/main.o
                0x20000428                pb1Pressed
                0x20000429                pb0Pressed
 *fill*         0x2000042a        0x2 00
 COMMON         0x2000042c      0x190 ./Drivers/textdisplay.o
                0x2000042c                charBufferDevice0
                0x2000057c                charArrayDevice0
 COMMON         0x200005bc        0x4 ./CMSIS/efm32zg/system_efm32zg.o
                0x200005bc                SystemCoreClock
 COMMON         0x200005c0        0x4 c:/siliconlabs/simplicitystudio/v2/developer/toolchains/gnu_arm/4.7_2013q1/bin/../lib/gcc/arm-none-eabi/4.7.3/../../../../arm-none-eabi/lib/armv6-m\libc_s.a(lib_a-reent.o)
                0x200005c0                errno
                0x200005c4                __bss_end__ = .

.heap           0x200005c8        0x0
                0x200005c8                __end__ = .
                0x200005c8                end = __end__
                0x200005c8                _end = __end__
 *(.heap*)
 .heap          0x200005c8        0x0 ./CMSIS/efm32zg/startup_gcc_efm32zg.o
                0x200005c8                __HeapLimit = .

.stack_dummy    0x200005c8      0x400
 *(.stack)
 .stack         0x200005c8      0x400 ./CMSIS/efm32zg/startup_gcc_efm32zg.o
                0x20001000                __StackTop = (ORIGIN (RAM) + 0x1000)
                0x20000c00                __StackLimit = (__StackTop - SIZEOF (.stack_dummy))
                0x20001000                PROVIDE (__stack, __StackTop)
                0x00000001                ASSERT ((__StackLimit >= __HeapLimit), region RAM overflowed with stack)
OUTPUT(QuadCopter.axf elf32-littlearm)

.ARM.attributes
                0x00000000       0x28
 .ARM.attributes
                0x00000000       0x1e c:/siliconlabs/simplicitystudio/v2/developer/toolchains/gnu_arm/4.7_2013q1/bin/../lib/gcc/arm-none-eabi/4.7.3/armv6-m/crti.o
 .ARM.attributes
                0x0000001e       0x2c c:/siliconlabs/simplicitystudio/v2/developer/toolchains/gnu_arm/4.7_2013q1/bin/../lib/gcc/arm-none-eabi/4.7.3/armv6-m/crtbegin.o
 .ARM.attributes
                0x0000004a       0x1c c:/siliconlabs/simplicitystudio/v2/developer/toolchains/gnu_arm/4.7_2013q1/bin/../lib/gcc/arm-none-eabi/4.7.3/../../../../arm-none-eabi/lib/armv6-m/crt0.o
 .ARM.attributes
                0x00000066       0x32 ./src/I2C.o
 .ARM.attributes
                0x00000098       0x32 ./src/UART.o
 .ARM.attributes
                0x000000ca       0x32 ./src/XBEE.o
 .ARM.attributes
                0x000000fc       0x32 ./src/main.o
 .ARM.attributes
                0x0000012e       0x32 ./emlib/em_assert.o
 .ARM.attributes
                0x00000160       0x32 ./emlib/em_cmu.o
 .ARM.attributes
                0x00000192       0x32 ./emlib/em_emu.o
 .ARM.attributes
                0x000001c4       0x32 ./emlib/em_gpio.o
 .ARM.attributes
                0x000001f6       0x32 ./emlib/em_i2c.o
 .ARM.attributes
                0x00000228       0x32 ./emlib/em_int.o
 .ARM.attributes
                0x0000025a       0x32 ./emlib/em_leuart.o
 .ARM.attributes
                0x0000028c       0x32 ./emlib/em_rtc.o
 .ARM.attributes
                0x000002be       0x32 ./emlib/em_timer.o
 .ARM.attributes
                0x000002f0       0x32 ./emlib/em_usart.o
 .ARM.attributes
                0x00000322       0x32 ./Drivers/display.o
 .ARM.attributes
                0x00000354       0x32 ./Drivers/displayls013b7dh03.o
 .ARM.attributes
                0x00000386       0x32 ./Drivers/displaypalemlib.o
 .ARM.attributes
                0x000003b8       0x32 ./Drivers/retargetio.o
 .ARM.attributes
                0x000003ea       0x32 ./Drivers/retargettextdisplay.o
 .ARM.attributes
                0x0000041c       0x32 ./Drivers/textdisplay.o
 .ARM.attributes
                0x0000044e       0x2b ./Drivers/udelay.o
 .ARM.attributes
                0x00000479       0x1b ./CMSIS/efm32zg/startup_gcc_efm32zg.o
 .ARM.attributes
                0x00000494       0x32 ./CMSIS/efm32zg/system_efm32zg.o
 .ARM.attributes
                0x000004c6       0x32 ./BSP/bsp_bcc.o
 .ARM.attributes
                0x000004f8       0x32 ./BSP/bsp_stk.o
 .ARM.attributes
                0x0000052a       0x32 ./BSP/bsp_stk_leds.o
 .ARM.attributes
                0x0000055c       0x1e c:/siliconlabs/simplicitystudio/v2/developer/toolchains/gnu_arm/4.7_2013q1/bin/../lib/gcc/arm-none-eabi/4.7.3/armv6-m\libgcc.a(_udivsi3.o)
 .ARM.attributes
                0x0000057a       0x1e c:/siliconlabs/simplicitystudio/v2/developer/toolchains/gnu_arm/4.7_2013q1/bin/../lib/gcc/arm-none-eabi/4.7.3/armv6-m\libgcc.a(_dvmd_tls.o)
 .ARM.attributes
                0x00000598       0x2c c:/siliconlabs/simplicitystudio/v2/developer/toolchains/gnu_arm/4.7_2013q1/bin/../lib/gcc/arm-none-eabi/4.7.3/../../../../arm-none-eabi/lib/armv6-m\libc_s.a(lib_a-__atexit2.o)
 .ARM.attributes
                0x000005c4       0x2c c:/siliconlabs/simplicitystudio/v2/developer/toolchains/gnu_arm/4.7_2013q1/bin/../lib/gcc/arm-none-eabi/4.7.3/../../../../arm-none-eabi/lib/armv6-m\libc_s.a(lib_a-ctype_.o)
 .ARM.attributes
                0x000005f0       0x2c c:/siliconlabs/simplicitystudio/v2/developer/toolchains/gnu_arm/4.7_2013q1/bin/../lib/gcc/arm-none-eabi/4.7.3/../../../../arm-none-eabi/lib/armv6-m\libc_s.a(lib_a-exit.o)
 .ARM.attributes
                0x0000061c       0x2c c:/siliconlabs/simplicitystudio/v2/developer/toolchains/gnu_arm/4.7_2013q1/bin/../lib/gcc/arm-none-eabi/4.7.3/../../../../arm-none-eabi/lib/armv6-m\libc_s.a(lib_a-fileno.o)
 .ARM.attributes
                0x00000648       0x2c c:/siliconlabs/simplicitystudio/v2/developer/toolchains/gnu_arm/4.7_2013q1/bin/../lib/gcc/arm-none-eabi/4.7.3/../../../../arm-none-eabi/lib/armv6-m\libc_s.a(lib_a-findfp.o)
 .ARM.attributes
                0x00000674       0x2c c:/siliconlabs/simplicitystudio/v2/developer/toolchains/gnu_arm/4.7_2013q1/bin/../lib/gcc/arm-none-eabi/4.7.3/../../../../arm-none-eabi/lib/armv6-m\libc_s.a(lib_a-fini.o)
 .ARM.attributes
                0x000006a0       0x2c c:/siliconlabs/simplicitystudio/v2/developer/toolchains/gnu_arm/4.7_2013q1/bin/../lib/gcc/arm-none-eabi/4.7.3/../../../../arm-none-eabi/lib/armv6-m\libc_s.a(lib_a-impure.o)
 .ARM.attributes
                0x000006cc       0x2c c:/siliconlabs/simplicitystudio/v2/developer/toolchains/gnu_arm/4.7_2013q1/bin/../lib/gcc/arm-none-eabi/4.7.3/../../../../arm-none-eabi/lib/armv6-m\libc_s.a(lib_a-init.o)
 .ARM.attributes
                0x000006f8       0x2c c:/siliconlabs/simplicitystudio/v2/developer/toolchains/gnu_arm/4.7_2013q1/bin/../lib/gcc/arm-none-eabi/4.7.3/../../../../arm-none-eabi/lib/armv6-m\libc_s.a(lib_a-mallocr.o)
 .ARM.attributes
                0x00000724       0x2c c:/siliconlabs/simplicitystudio/v2/developer/toolchains/gnu_arm/4.7_2013q1/bin/../lib/gcc/arm-none-eabi/4.7.3/../../../../arm-none-eabi/lib/armv6-m\libc_s.a(lib_a-memcpy.o)
 .ARM.attributes
                0x00000750       0x2c c:/siliconlabs/simplicitystudio/v2/developer/toolchains/gnu_arm/4.7_2013q1/bin/../lib/gcc/arm-none-eabi/4.7.3/../../../../arm-none-eabi/lib/armv6-m\libc_s.a(lib_a-memset.o)
 .ARM.attributes
                0x0000077c       0x2c c:/siliconlabs/simplicitystudio/v2/developer/toolchains/gnu_arm/4.7_2013q1/bin/../lib/gcc/arm-none-eabi/4.7.3/../../../../arm-none-eabi/lib/armv6-m\libc_s.a(lib_a-printf.o)
 .ARM.attributes
                0x000007a8       0x2c c:/siliconlabs/simplicitystudio/v2/developer/toolchains/gnu_arm/4.7_2013q1/bin/../lib/gcc/arm-none-eabi/4.7.3/../../../../arm-none-eabi/lib/armv6-m\libc_s.a(lib_a-sbrkr.o)
 .ARM.attributes
                0x000007d4       0x2c c:/siliconlabs/simplicitystudio/v2/developer/toolchains/gnu_arm/4.7_2013q1/bin/../lib/gcc/arm-none-eabi/4.7.3/../../../../arm-none-eabi/lib/armv6-m\libc_s.a(lib_a-setvbuf.o)
 .ARM.attributes
                0x00000800       0x2c c:/siliconlabs/simplicitystudio/v2/developer/toolchains/gnu_arm/4.7_2013q1/bin/../lib/gcc/arm-none-eabi/4.7.3/../../../../arm-none-eabi/lib/armv6-m\libc_s.a(lib_a-sprintf.o)
 .ARM.attributes
                0x0000082c       0x2c c:/siliconlabs/simplicitystudio/v2/developer/toolchains/gnu_arm/4.7_2013q1/bin/../lib/gcc/arm-none-eabi/4.7.3/../../../../arm-none-eabi/lib/armv6-m\libc_s.a(lib_a-stdio.o)
 .ARM.attributes
                0x00000858       0x2c c:/siliconlabs/simplicitystudio/v2/developer/toolchains/gnu_arm/4.7_2013q1/bin/../lib/gcc/arm-none-eabi/4.7.3/../../../../arm-none-eabi/lib/armv6-m\libc_s.a(lib_a-strcat.o)
 .ARM.attributes
                0x00000884       0x2c c:/siliconlabs/simplicitystudio/v2/developer/toolchains/gnu_arm/4.7_2013q1/bin/../lib/gcc/arm-none-eabi/4.7.3/../../../../arm-none-eabi/lib/armv6-m\libc_s.a(lib_a-strcpy.o)
 .ARM.attributes
                0x000008b0       0x2c c:/siliconlabs/simplicitystudio/v2/developer/toolchains/gnu_arm/4.7_2013q1/bin/../lib/gcc/arm-none-eabi/4.7.3/../../../../arm-none-eabi/lib/armv6-m\libc_s.a(lib_a-strlen.o)
 .ARM.attributes
                0x000008dc       0x2c c:/siliconlabs/simplicitystudio/v2/developer/toolchains/gnu_arm/4.7_2013q1/bin/../lib/gcc/arm-none-eabi/4.7.3/../../../../arm-none-eabi/lib/armv6-m\libc_s.a(lib_a-strncmp.o)
 .ARM.attributes
                0x00000908       0x2c c:/siliconlabs/simplicitystudio/v2/developer/toolchains/gnu_arm/4.7_2013q1/bin/../lib/gcc/arm-none-eabi/4.7.3/../../../../arm-none-eabi/lib/armv6-m\libc_s.a(lib_a-svfprintf.o)
 .ARM.attributes
                0x00000934       0x2c c:/siliconlabs/simplicitystudio/v2/developer/toolchains/gnu_arm/4.7_2013q1/bin/../lib/gcc/arm-none-eabi/4.7.3/../../../../arm-none-eabi/lib/armv6-m\libc_s.a(lib_a-vfprintf.o)
 .ARM.attributes
                0x00000960       0x2c c:/siliconlabs/simplicitystudio/v2/developer/toolchains/gnu_arm/4.7_2013q1/bin/../lib/gcc/arm-none-eabi/4.7.3/../../../../arm-none-eabi/lib/armv6-m\libc_s.a(lib_a-vfprintf_i.o)
 .ARM.attributes
                0x0000098c       0x2c c:/siliconlabs/simplicitystudio/v2/developer/toolchains/gnu_arm/4.7_2013q1/bin/../lib/gcc/arm-none-eabi/4.7.3/../../../../arm-none-eabi/lib/armv6-m\libc_s.a(lib_a-wbuf.o)
 .ARM.attributes
                0x000009b8       0x2c c:/siliconlabs/simplicitystudio/v2/developer/toolchains/gnu_arm/4.7_2013q1/bin/../lib/gcc/arm-none-eabi/4.7.3/../../../../arm-none-eabi/lib/armv6-m\libc_s.a(lib_a-writer.o)
 .ARM.attributes
                0x000009e4       0x2c c:/siliconlabs/simplicitystudio/v2/developer/toolchains/gnu_arm/4.7_2013q1/bin/../lib/gcc/arm-none-eabi/4.7.3/../../../../arm-none-eabi/lib/armv6-m\libc_s.a(lib_a-wsetup.o)
 .ARM.attributes
                0x00000a10       0x2c c:/siliconlabs/simplicitystudio/v2/developer/toolchains/gnu_arm/4.7_2013q1/bin/../lib/gcc/arm-none-eabi/4.7.3/../../../../arm-none-eabi/lib/armv6-m\libc_s.a(lib_a-closer.o)
 .ARM.attributes
                0x00000a3c       0x2c c:/siliconlabs/simplicitystudio/v2/developer/toolchains/gnu_arm/4.7_2013q1/bin/../lib/gcc/arm-none-eabi/4.7.3/../../../../arm-none-eabi/lib/armv6-m\libc_s.a(lib_a-fflush.o)
 .ARM.attributes
                0x00000a68       0x2c c:/siliconlabs/simplicitystudio/v2/developer/toolchains/gnu_arm/4.7_2013q1/bin/../lib/gcc/arm-none-eabi/4.7.3/../../../../arm-none-eabi/lib/armv6-m\libc_s.a(lib_a-freer.o)
 .ARM.attributes
                0x00000a94       0x2c c:/siliconlabs/simplicitystudio/v2/developer/toolchains/gnu_arm/4.7_2013q1/bin/../lib/gcc/arm-none-eabi/4.7.3/../../../../arm-none-eabi/lib/armv6-m\libc_s.a(lib_a-lseekr.o)
 .ARM.attributes
                0x00000ac0       0x2c c:/siliconlabs/simplicitystudio/v2/developer/toolchains/gnu_arm/4.7_2013q1/bin/../lib/gcc/arm-none-eabi/4.7.3/../../../../arm-none-eabi/lib/armv6-m\libc_s.a(lib_a-makebuf.o)
 .ARM.attributes
                0x00000aec       0x2c c:/siliconlabs/simplicitystudio/v2/developer/toolchains/gnu_arm/4.7_2013q1/bin/../lib/gcc/arm-none-eabi/4.7.3/../../../../arm-none-eabi/lib/armv6-m\libc_s.a(lib_a-malloc.o)
 .ARM.attributes
                0x00000b18       0x2c c:/siliconlabs/simplicitystudio/v2/developer/toolchains/gnu_arm/4.7_2013q1/bin/../lib/gcc/arm-none-eabi/4.7.3/../../../../arm-none-eabi/lib/armv6-m\libc_s.a(lib_a-memchr.o)
 .ARM.attributes
                0x00000b44       0x2c c:/siliconlabs/simplicitystudio/v2/developer/toolchains/gnu_arm/4.7_2013q1/bin/../lib/gcc/arm-none-eabi/4.7.3/../../../../arm-none-eabi/lib/armv6-m\libc_s.a(lib_a-readr.o)
 .ARM.attributes
                0x00000b70       0x2c c:/siliconlabs/simplicitystudio/v2/developer/toolchains/gnu_arm/4.7_2013q1/bin/../lib/gcc/arm-none-eabi/4.7.3/../../../../arm-none-eabi/lib/armv6-m\libc_s.a(lib_a-reallocr.o)
 .ARM.attributes
                0x00000b9c       0x2c c:/siliconlabs/simplicitystudio/v2/developer/toolchains/gnu_arm/4.7_2013q1/bin/../lib/gcc/arm-none-eabi/4.7.3/../../../../arm-none-eabi/lib/armv6-m\libc_s.a(lib_a-reent.o)
 .ARM.attributes
                0x00000bc8       0x2c c:/siliconlabs/simplicitystudio/v2/developer/toolchains/gnu_arm/4.7_2013q1/bin/../lib/gcc/arm-none-eabi/4.7.3/../../../../arm-none-eabi/lib/armv6-m\libc_s.a(lib_a-fstatr.o)
 .ARM.attributes
                0x00000bf4       0x2c c:/siliconlabs/simplicitystudio/v2/developer/toolchains/gnu_arm/4.7_2013q1/bin/../lib/gcc/arm-none-eabi/4.7.3/../../../../arm-none-eabi/lib/armv6-m\libc_s.a(lib_a-isattyr.o)
 .ARM.attributes
                0x00000c20       0x2c c:/siliconlabs/simplicitystudio/v2/developer/toolchains/gnu_arm/4.7_2013q1/bin/../lib/gcc/arm-none-eabi/4.7.3/../../../../arm-none-eabi/lib/armv6-m\libc_s.a(lib_a-msizer.o)
 .ARM.attributes
                0x00000c4c       0x2c c:/siliconlabs/simplicitystudio/v2/developer/toolchains/gnu_arm/4.7_2013q1/bin/../lib/gcc/arm-none-eabi/4.7.3/armv6-m/crtend.o
 .ARM.attributes
                0x00000c78       0x1e c:/siliconlabs/simplicitystudio/v2/developer/toolchains/gnu_arm/4.7_2013q1/bin/../lib/gcc/arm-none-eabi/4.7.3/armv6-m/crtn.o

.comment        0x00000000       0x70
 .comment       0x00000000       0x70 ./src/I2C.o
                                 0x71 (size before relaxing)
 .comment       0x00000000       0x71 ./src/UART.o
 .comment       0x00000000       0x71 ./src/XBEE.o
 .comment       0x00000000       0x71 ./src/main.o
 .comment       0x00000000       0x71 ./emlib/em_assert.o
 .comment       0x00000000       0x71 ./emlib/em_cmu.o
 .comment       0x00000000       0x71 ./emlib/em_emu.o
 .comment       0x00000000       0x71 ./emlib/em_gpio.o
 .comment       0x00000000       0x71 ./emlib/em_i2c.o
 .comment       0x00000000       0x71 ./emlib/em_int.o
 .comment       0x00000000       0x71 ./emlib/em_leuart.o
 .comment       0x00000000       0x71 ./emlib/em_rtc.o
 .comment       0x00000000       0x71 ./emlib/em_timer.o
 .comment       0x00000000       0x71 ./emlib/em_usart.o
 .comment       0x00000000       0x71 ./Drivers/display.o
 .comment       0x00000000       0x71 ./Drivers/displayls013b7dh03.o
 .comment       0x00000000       0x71 ./Drivers/displaypalemlib.o
 .comment       0x00000000       0x71 ./Drivers/retargetio.o
 .comment       0x00000000       0x71 ./Drivers/retargettextdisplay.o
 .comment       0x00000000       0x71 ./Drivers/textdisplay.o
 .comment       0x00000000       0x71 ./Drivers/udelay.o
 .comment       0x00000000       0x71 ./CMSIS/efm32zg/system_efm32zg.o
 .comment       0x00000000       0x71 ./BSP/bsp_bcc.o
 .comment       0x00000000       0x71 ./BSP/bsp_stk.o
 .comment       0x00000000       0x71 ./BSP/bsp_stk_leds.o

.debug_info     0x00000000    0x114db
 .debug_info    0x00000000      0x7a3 ./src/I2C.o
 .debug_info    0x000007a3      0xca1 ./src/UART.o
 .debug_info    0x00001444      0xcf0 ./src/XBEE.o
 .debug_info    0x00002134     0x1d3e ./src/main.o
 .debug_info    0x00003e72       0x78 ./emlib/em_assert.o
 .debug_info    0x00003eea     0x1b68 ./emlib/em_cmu.o
 .debug_info    0x00005a52      0x5ef ./emlib/em_emu.o
 .debug_info    0x00006041      0x5e8 ./emlib/em_gpio.o
 .debug_info    0x00006629      0xa11 ./emlib/em_i2c.o
 .debug_info    0x0000703a       0xa4 ./emlib/em_int.o
 .debug_info    0x000070de      0xc43 ./emlib/em_leuart.o
 .debug_info    0x00007d21      0x44d ./emlib/em_rtc.o
 .debug_info    0x0000816e      0x681 ./emlib/em_timer.o
 .debug_info    0x000087ef     0x1281 ./emlib/em_usart.o
 .debug_info    0x00009a70      0x4b2 ./Drivers/display.o
 .debug_info    0x00009f22      0xa97 ./Drivers/displayls013b7dh03.o
 .debug_info    0x0000a9b9     0x15af ./Drivers/displaypalemlib.o
 .debug_info    0x0000bf68      0xeb1 ./Drivers/retargetio.o
 .debug_info    0x0000ce19      0xdbb ./Drivers/retargettextdisplay.o
 .debug_info    0x0000dbd4      0xfbf ./Drivers/textdisplay.o
 .debug_info    0x0000eb93      0xd09 ./Drivers/udelay.o
 .debug_info    0x0000f89c       0x95 ./CMSIS/efm32zg/startup_gcc_efm32zg.o
 .debug_info    0x0000f931      0x4ca ./CMSIS/efm32zg/system_efm32zg.o
 .debug_info    0x0000fdfb      0xb73 ./BSP/bsp_bcc.o
 .debug_info    0x0001096e      0x2c9 ./BSP/bsp_stk.o
 .debug_info    0x00010c37      0x8a4 ./BSP/bsp_stk_leds.o

.debug_abbrev   0x00000000     0x3a02
 .debug_abbrev  0x00000000      0x1c6 ./src/I2C.o
 .debug_abbrev  0x000001c6      0x2e1 ./src/UART.o
 .debug_abbrev  0x000004a7      0x25a ./src/XBEE.o
 .debug_abbrev  0x00000701      0x3db ./src/main.o
 .debug_abbrev  0x00000adc       0x65 ./emlib/em_assert.o
 .debug_abbrev  0x00000b41      0x34a ./emlib/em_cmu.o
 .debug_abbrev  0x00000e8b      0x255 ./emlib/em_emu.o
 .debug_abbrev  0x000010e0      0x1b1 ./emlib/em_gpio.o
 .debug_abbrev  0x00001291      0x2fb ./emlib/em_i2c.o
 .debug_abbrev  0x0000158c       0x44 ./emlib/em_int.o
 .debug_abbrev  0x000015d0      0x2fa ./emlib/em_leuart.o
 .debug_abbrev  0x000018ca      0x255 ./emlib/em_rtc.o
 .debug_abbrev  0x00001b1f      0x15e ./emlib/em_timer.o
 .debug_abbrev  0x00001c7d      0x30a ./emlib/em_usart.o
 .debug_abbrev  0x00001f87      0x15a ./Drivers/display.o
 .debug_abbrev  0x000020e1      0x2b4 ./Drivers/displayls013b7dh03.o
 .debug_abbrev  0x00002395      0x37f ./Drivers/displaypalemlib.o
 .debug_abbrev  0x00002714      0x333 ./Drivers/retargetio.o
 .debug_abbrev  0x00002a47      0x231 ./Drivers/retargettextdisplay.o
 .debug_abbrev  0x00002c78      0x2f2 ./Drivers/textdisplay.o
 .debug_abbrev  0x00002f6a      0x332 ./Drivers/udelay.o
 .debug_abbrev  0x0000329c       0x14 ./CMSIS/efm32zg/startup_gcc_efm32zg.o
 .debug_abbrev  0x000032b0      0x1b3 ./CMSIS/efm32zg/system_efm32zg.o
 .debug_abbrev  0x00003463      0x242 ./BSP/bsp_bcc.o
 .debug_abbrev  0x000036a5      0x167 ./BSP/bsp_stk.o
 .debug_abbrev  0x0000380c      0x1f6 ./BSP/bsp_stk_leds.o

.debug_loc      0x00000000     0x8277
 .debug_loc     0x00000000      0x1f5 ./src/I2C.o
 .debug_loc     0x000001f5      0x262 ./src/UART.o
 .debug_loc     0x00000457      0x449 ./src/XBEE.o
 .debug_loc     0x000008a0      0x331 ./src/main.o
 .debug_loc     0x00000bd1       0x20 ./emlib/em_assert.o
 .debug_loc     0x00000bf1     0x1e37 ./emlib/em_cmu.o
 .debug_loc     0x00002a28      0x141 ./emlib/em_emu.o
 .debug_loc     0x00002b69      0x3f5 ./emlib/em_gpio.o
 .debug_loc     0x00002f5e      0xab0 ./emlib/em_i2c.o
 .debug_loc     0x00003a0e      0x96f ./emlib/em_leuart.o
 .debug_loc     0x0000437d      0x1de ./emlib/em_rtc.o
 .debug_loc     0x0000455b      0x1ce ./emlib/em_timer.o
 .debug_loc     0x00004729      0xe33 ./emlib/em_usart.o
 .debug_loc     0x0000555c      0x23d ./Drivers/display.o
 .debug_loc     0x00005799      0x4c7 ./Drivers/displayls013b7dh03.o
 .debug_loc     0x00005c60      0x4e1 ./Drivers/displaypalemlib.o
 .debug_loc     0x00006141      0x2a8 ./Drivers/retargetio.o
 .debug_loc     0x000063e9      0x10f ./Drivers/retargettextdisplay.o
 .debug_loc     0x000064f8      0xc35 ./Drivers/textdisplay.o
 .debug_loc     0x0000712d      0x413 ./Drivers/udelay.o
 .debug_loc     0x00007540      0x41e ./CMSIS/efm32zg/system_efm32zg.o
 .debug_loc     0x0000795e      0x30e ./BSP/bsp_bcc.o
 .debug_loc     0x00007c6c       0xbb ./BSP/bsp_stk.o
 .debug_loc     0x00007d27      0x550 ./BSP/bsp_stk_leds.o

.debug_aranges  0x00000000      0x810
 .debug_aranges
                0x00000000       0x38 ./src/I2C.o
 .debug_aranges
                0x00000038       0x58 ./src/UART.o
 .debug_aranges
                0x00000090       0x30 ./src/XBEE.o
 .debug_aranges
                0x000000c0       0x40 ./src/main.o
 .debug_aranges
                0x00000100       0x20 ./emlib/em_assert.o
 .debug_aranges
                0x00000120       0xc8 ./emlib/em_cmu.o
 .debug_aranges
                0x000001e8       0x40 ./emlib/em_emu.o
 .debug_aranges
                0x00000228       0x38 ./emlib/em_gpio.o
 .debug_aranges
                0x00000260       0x50 ./emlib/em_i2c.o
 .debug_aranges
                0x000002b0       0x18 ./emlib/em_int.o
 .debug_aranges
                0x000002c8       0x80 ./emlib/em_leuart.o
 .debug_aranges
                0x00000348       0x50 ./emlib/em_rtc.o
 .debug_aranges
                0x00000398       0x30 ./emlib/em_timer.o
 .debug_aranges
                0x000003c8       0xb8 ./emlib/em_usart.o
 .debug_aranges
                0x00000480       0x38 ./Drivers/display.o
 .debug_aranges
                0x000004b8       0x50 ./Drivers/displayls013b7dh03.o
 .debug_aranges
                0x00000508       0x88 ./Drivers/displaypalemlib.o
 .debug_aranges
                0x00000590       0x68 ./Drivers/retargetio.o
 .debug_aranges
                0x000005f8       0x38 ./Drivers/retargettextdisplay.o
 .debug_aranges
                0x00000630       0x60 ./Drivers/textdisplay.o
 .debug_aranges
                0x00000690       0x28 ./Drivers/udelay.o
 .debug_aranges
                0x000006b8       0x20 ./CMSIS/efm32zg/startup_gcc_efm32zg.o
 .debug_aranges
                0x000006d8       0x60 ./CMSIS/efm32zg/system_efm32zg.o
 .debug_aranges
                0x00000738       0x40 ./BSP/bsp_bcc.o
 .debug_aranges
                0x00000778       0x48 ./BSP/bsp_stk.o
 .debug_aranges
                0x000007c0       0x50 ./BSP/bsp_stk_leds.o

.debug_ranges   0x00000000     0x1338
 .debug_ranges  0x00000000       0x28 ./src/I2C.o
 .debug_ranges  0x00000028       0xb0 ./src/UART.o
 .debug_ranges  0x000000d8       0x50 ./src/XBEE.o
 .debug_ranges  0x00000128       0xd8 ./src/main.o
 .debug_ranges  0x00000200       0x10 ./emlib/em_assert.o
 .debug_ranges  0x00000210      0x4e8 ./emlib/em_cmu.o
 .debug_ranges  0x000006f8       0x48 ./emlib/em_emu.o
 .debug_ranges  0x00000740       0xb8 ./emlib/em_gpio.o
 .debug_ranges  0x000007f8       0xf0 ./emlib/em_i2c.o
 .debug_ranges  0x000008e8      0x140 ./emlib/em_leuart.o
 .debug_ranges  0x00000a28       0xb8 ./emlib/em_rtc.o
 .debug_ranges  0x00000ae0       0x20 ./emlib/em_timer.o
 .debug_ranges  0x00000b00      0x1a0 ./emlib/em_usart.o
 .debug_ranges  0x00000ca0       0x28 ./Drivers/display.o
 .debug_ranges  0x00000cc8       0x70 ./Drivers/displayls013b7dh03.o
 .debug_ranges  0x00000d38       0xd8 ./Drivers/displaypalemlib.o
 .debug_ranges  0x00000e10       0x58 ./Drivers/retargetio.o
 .debug_ranges  0x00000e68       0x28 ./Drivers/retargettextdisplay.o
 .debug_ranges  0x00000e90       0x88 ./Drivers/textdisplay.o
 .debug_ranges  0x00000f18       0xa8 ./Drivers/udelay.o
 .debug_ranges  0x00000fc0      0x130 ./CMSIS/efm32zg/system_efm32zg.o
 .debug_ranges  0x000010f0      0x170 ./BSP/bsp_bcc.o
 .debug_ranges  0x00001260       0x38 ./BSP/bsp_stk.o
 .debug_ranges  0x00001298       0xa0 ./BSP/bsp_stk_leds.o

.debug_line     0x00000000     0x588f
 .debug_line    0x00000000      0x244 ./src/I2C.o
 .debug_line    0x00000244      0x392 ./src/UART.o
 .debug_line    0x000005d6      0x2d6 ./src/XBEE.o
 .debug_line    0x000008ac      0x518 ./src/main.o
 .debug_line    0x00000dc4       0x44 ./emlib/em_assert.o
 .debug_line    0x00000e08      0x89a ./emlib/em_cmu.o
 .debug_line    0x000016a2      0x34f ./emlib/em_emu.o
 .debug_line    0x000019f1      0x2b9 ./emlib/em_gpio.o
 .debug_line    0x00001caa      0x45e ./emlib/em_i2c.o
 .debug_line    0x00002108       0xce ./emlib/em_int.o
 .debug_line    0x000021d6      0x42b ./emlib/em_leuart.o
 .debug_line    0x00002601      0x2c9 ./emlib/em_rtc.o
 .debug_line    0x000028ca      0x2a4 ./emlib/em_timer.o
 .debug_line    0x00002b6e      0x66f ./emlib/em_usart.o
 .debug_line    0x000031dd      0x290 ./Drivers/display.o
 .debug_line    0x0000346d      0x377 ./Drivers/displayls013b7dh03.o
 .debug_line    0x000037e4      0x559 ./Drivers/displaypalemlib.o
 .debug_line    0x00003d3d      0x377 ./Drivers/retargetio.o
 .debug_line    0x000040b4      0x341 ./Drivers/retargettextdisplay.o
 .debug_line    0x000043f5      0x598 ./Drivers/textdisplay.o
 .debug_line    0x0000498d      0x38d ./Drivers/udelay.o
 .debug_line    0x00004d1a       0x85 ./CMSIS/efm32zg/startup_gcc_efm32zg.o
 .debug_line    0x00004d9f      0x2b9 ./CMSIS/efm32zg/system_efm32zg.o
 .debug_line    0x00005058      0x391 ./BSP/bsp_bcc.o
 .debug_line    0x000053e9      0x1a7 ./BSP/bsp_stk.o
 .debug_line    0x00005590      0x2ff ./BSP/bsp_stk_leds.o

.debug_str      0x00000000     0x3bf5
 .debug_str     0x00000000      0x65d ./src/I2C.o
                                0x6bb (size before relaxing)
 .debug_str     0x0000065d      0x5d2 ./src/UART.o
                                0xaba (size before relaxing)
 .debug_str     0x00000c2f       0xe8 ./src/XBEE.o
                                0x280 (size before relaxing)
 .debug_str     0x00000d17      0xb14 ./src/main.o
                               0x11bd (size before relaxing)
 .debug_str     0x0000182b       0x24 ./emlib/em_assert.o
                                 0xbd (size before relaxing)
 .debug_str     0x0000184f      0x719 ./emlib/em_cmu.o
                                0xa83 (size before relaxing)
 .debug_str     0x00001f68       0xb4 ./emlib/em_emu.o
                                0x36d (size before relaxing)
 .debug_str     0x0000201c       0xc2 ./emlib/em_gpio.o
                                0x4ce (size before relaxing)
 .debug_str     0x000020de      0x17e ./emlib/em_i2c.o
                                0x63b (size before relaxing)
 .debug_str     0x0000225c       0x1e ./emlib/em_int.o
                                0x161 (size before relaxing)
 .debug_str     0x0000227a      0x263 ./emlib/em_leuart.o
                                0x5e6 (size before relaxing)
 .debug_str     0x000024dd       0xaf ./emlib/em_rtc.o
                                0x24a (size before relaxing)
 .debug_str     0x0000258c       0x20 ./emlib/em_timer.o
                                0x659 (size before relaxing)
 .debug_str     0x000025ac      0x4b3 ./emlib/em_usart.o
                                0xb59 (size before relaxing)
 .debug_str     0x00002a5f      0x28a ./Drivers/display.o
                                0x3ef (size before relaxing)
 .debug_str     0x00002ce9      0x192 ./Drivers/displayls013b7dh03.o
                                0x4fd (size before relaxing)
 .debug_str     0x00002e7b      0x14c ./Drivers/displaypalemlib.o
                                0xe38 (size before relaxing)
 .debug_str     0x00002fc7      0x527 ./Drivers/retargetio.o
                                0x6d5 (size before relaxing)
 .debug_str     0x000034ee       0xee ./Drivers/retargettextdisplay.o
                                0x7e8 (size before relaxing)
 .debug_str     0x000035dc      0x2c9 ./Drivers/textdisplay.o
                                0x675 (size before relaxing)
 .debug_str     0x000038a5      0x10c ./Drivers/udelay.o
                                0x86d (size before relaxing)
 .debug_str     0x000039b1       0x96 ./CMSIS/efm32zg/system_efm32zg.o
                                0x352 (size before relaxing)
 .debug_str     0x00003a47       0xc7 ./BSP/bsp_bcc.o
                                0x830 (size before relaxing)
 .debug_str     0x00003b0e       0x67 ./BSP/bsp_stk.o
                                0x23a (size before relaxing)
 .debug_str     0x00003b75       0x80 ./BSP/bsp_stk_leds.o
                                0x61e (size before relaxing)

.debug_frame    0x00000000     0x1cac
 .debug_frame   0x00000000       0x7c ./src/I2C.o
 .debug_frame   0x0000007c       0xe0 ./src/UART.o
 .debug_frame   0x0000015c       0x74 ./src/XBEE.o
 .debug_frame   0x000001d0       0x7c ./src/main.o
 .debug_frame   0x0000024c       0x28 ./emlib/em_assert.o
 .debug_frame   0x00000274      0x214 ./emlib/em_cmu.o
 .debug_frame   0x00000488       0x78 ./emlib/em_emu.o
 .debug_frame   0x00000500       0x8c ./emlib/em_gpio.o
 .debug_frame   0x0000058c       0xd8 ./emlib/em_i2c.o
 .debug_frame   0x00000664      0x160 ./emlib/em_leuart.o
 .debug_frame   0x000007c4       0xa4 ./emlib/em_rtc.o
 .debug_frame   0x00000868       0x60 ./emlib/em_timer.o
 .debug_frame   0x000008c8      0x22c ./emlib/em_usart.o
 .debug_frame   0x00000af4       0x7c ./Drivers/display.o
 .debug_frame   0x00000b70       0xcc ./Drivers/displayls013b7dh03.o
 .debug_frame   0x00000c3c      0x174 ./Drivers/displaypalemlib.o
 .debug_frame   0x00000db0       0xdc ./Drivers/retargetio.o
 .debug_frame   0x00000e8c       0x6c ./Drivers/retargettextdisplay.o
 .debug_frame   0x00000ef8      0x140 ./Drivers/textdisplay.o
 .debug_frame   0x00001038       0x4c ./Drivers/udelay.o
 .debug_frame   0x00001084       0xc0 ./CMSIS/efm32zg/system_efm32zg.o
 .debug_frame   0x00001144       0x9c ./BSP/bsp_bcc.o
 .debug_frame   0x000011e0       0x98 ./BSP/bsp_stk.o
 .debug_frame   0x00001278       0xc8 ./BSP/bsp_stk_leds.o
 .debug_frame   0x00001340       0x20 c:/siliconlabs/simplicitystudio/v2/developer/toolchains/gnu_arm/4.7_2013q1/bin/../lib/gcc/arm-none-eabi/4.7.3/armv6-m\libgcc.a(_udivsi3.o)
 .debug_frame   0x00001360       0x28 c:/siliconlabs/simplicitystudio/v2/developer/toolchains/gnu_arm/4.7_2013q1/bin/../lib/gcc/arm-none-eabi/4.7.3/../../../../arm-none-eabi/lib/armv6-m\libc_s.a(lib_a-__atexit2.o)
 .debug_frame   0x00001388       0x28 c:/siliconlabs/simplicitystudio/v2/developer/toolchains/gnu_arm/4.7_2013q1/bin/../lib/gcc/arm-none-eabi/4.7.3/../../../../arm-none-eabi/lib/armv6-m\libc_s.a(lib_a-exit.o)
 .debug_frame   0x000013b0       0x2c c:/siliconlabs/simplicitystudio/v2/developer/toolchains/gnu_arm/4.7_2013q1/bin/../lib/gcc/arm-none-eabi/4.7.3/../../../../arm-none-eabi/lib/armv6-m\libc_s.a(lib_a-fileno.o)
 .debug_frame   0x000013dc      0x148 c:/siliconlabs/simplicitystudio/v2/developer/toolchains/gnu_arm/4.7_2013q1/bin/../lib/gcc/arm-none-eabi/4.7.3/../../../../arm-none-eabi/lib/armv6-m\libc_s.a(lib_a-findfp.o)
 .debug_frame   0x00001524       0x2c c:/siliconlabs/simplicitystudio/v2/developer/toolchains/gnu_arm/4.7_2013q1/bin/../lib/gcc/arm-none-eabi/4.7.3/../../../../arm-none-eabi/lib/armv6-m\libc_s.a(lib_a-fini.o)
 .debug_frame   0x00001550       0x2c c:/siliconlabs/simplicitystudio/v2/developer/toolchains/gnu_arm/4.7_2013q1/bin/../lib/gcc/arm-none-eabi/4.7.3/../../../../arm-none-eabi/lib/armv6-m\libc_s.a(lib_a-init.o)
 .debug_frame   0x0000157c       0x2c c:/siliconlabs/simplicitystudio/v2/developer/toolchains/gnu_arm/4.7_2013q1/bin/../lib/gcc/arm-none-eabi/4.7.3/../../../../arm-none-eabi/lib/armv6-m\libc_s.a(lib_a-mallocr.o)
 .debug_frame   0x000015a8       0x28 c:/siliconlabs/simplicitystudio/v2/developer/toolchains/gnu_arm/4.7_2013q1/bin/../lib/gcc/arm-none-eabi/4.7.3/../../../../arm-none-eabi/lib/armv6-m\libc_s.a(lib_a-memcpy.o)
 .debug_frame   0x000015d0       0x28 c:/siliconlabs/simplicitystudio/v2/developer/toolchains/gnu_arm/4.7_2013q1/bin/../lib/gcc/arm-none-eabi/4.7.3/../../../../arm-none-eabi/lib/armv6-m\libc_s.a(lib_a-memset.o)
 .debug_frame   0x000015f8       0x50 c:/siliconlabs/simplicitystudio/v2/developer/toolchains/gnu_arm/4.7_2013q1/bin/../lib/gcc/arm-none-eabi/4.7.3/../../../../arm-none-eabi/lib/armv6-m\libc_s.a(lib_a-printf.o)
 .debug_frame   0x00001648       0x2c c:/siliconlabs/simplicitystudio/v2/developer/toolchains/gnu_arm/4.7_2013q1/bin/../lib/gcc/arm-none-eabi/4.7.3/../../../../arm-none-eabi/lib/armv6-m\libc_s.a(lib_a-sbrkr.o)
 .debug_frame   0x00001674       0x34 c:/siliconlabs/simplicitystudio/v2/developer/toolchains/gnu_arm/4.7_2013q1/bin/../lib/gcc/arm-none-eabi/4.7.3/../../../../arm-none-eabi/lib/armv6-m\libc_s.a(lib_a-setvbuf.o)
 .debug_frame   0x000016a8       0x4c c:/siliconlabs/simplicitystudio/v2/developer/toolchains/gnu_arm/4.7_2013q1/bin/../lib/gcc/arm-none-eabi/4.7.3/../../../../arm-none-eabi/lib/armv6-m\libc_s.a(lib_a-sprintf.o)
 .debug_frame   0x000016f4       0x90 c:/siliconlabs/simplicitystudio/v2/developer/toolchains/gnu_arm/4.7_2013q1/bin/../lib/gcc/arm-none-eabi/4.7.3/../../../../arm-none-eabi/lib/armv6-m\libc_s.a(lib_a-stdio.o)
 .debug_frame   0x00001784       0x28 c:/siliconlabs/simplicitystudio/v2/developer/toolchains/gnu_arm/4.7_2013q1/bin/../lib/gcc/arm-none-eabi/4.7.3/../../../../arm-none-eabi/lib/armv6-m\libc_s.a(lib_a-strcat.o)
 .debug_frame   0x000017ac       0x20 c:/siliconlabs/simplicitystudio/v2/developer/toolchains/gnu_arm/4.7_2013q1/bin/../lib/gcc/arm-none-eabi/4.7.3/../../../../arm-none-eabi/lib/armv6-m\libc_s.a(lib_a-strcpy.o)
 .debug_frame   0x000017cc       0x20 c:/siliconlabs/simplicitystudio/v2/developer/toolchains/gnu_arm/4.7_2013q1/bin/../lib/gcc/arm-none-eabi/4.7.3/../../../../arm-none-eabi/lib/armv6-m\libc_s.a(lib_a-strlen.o)
 .debug_frame   0x000017ec       0x28 c:/siliconlabs/simplicitystudio/v2/developer/toolchains/gnu_arm/4.7_2013q1/bin/../lib/gcc/arm-none-eabi/4.7.3/../../../../arm-none-eabi/lib/armv6-m\libc_s.a(lib_a-strncmp.o)
 .debug_frame   0x00001814       0x78 c:/siliconlabs/simplicitystudio/v2/developer/toolchains/gnu_arm/4.7_2013q1/bin/../lib/gcc/arm-none-eabi/4.7.3/../../../../arm-none-eabi/lib/armv6-m\libc_s.a(lib_a-svfprintf.o)
 .debug_frame   0x0000188c       0x88 c:/siliconlabs/simplicitystudio/v2/developer/toolchains/gnu_arm/4.7_2013q1/bin/../lib/gcc/arm-none-eabi/4.7.3/../../../../arm-none-eabi/lib/armv6-m\libc_s.a(lib_a-vfprintf.o)
 .debug_frame   0x00001914       0x54 c:/siliconlabs/simplicitystudio/v2/developer/toolchains/gnu_arm/4.7_2013q1/bin/../lib/gcc/arm-none-eabi/4.7.3/../../../../arm-none-eabi/lib/armv6-m\libc_s.a(lib_a-vfprintf_i.o)
 .debug_frame   0x00001968       0x44 c:/siliconlabs/simplicitystudio/v2/developer/toolchains/gnu_arm/4.7_2013q1/bin/../lib/gcc/arm-none-eabi/4.7.3/../../../../arm-none-eabi/lib/armv6-m\libc_s.a(lib_a-wbuf.o)
 .debug_frame   0x000019ac       0x2c c:/siliconlabs/simplicitystudio/v2/developer/toolchains/gnu_arm/4.7_2013q1/bin/../lib/gcc/arm-none-eabi/4.7.3/../../../../arm-none-eabi/lib/armv6-m\libc_s.a(lib_a-writer.o)
 .debug_frame   0x000019d8       0x2c c:/siliconlabs/simplicitystudio/v2/developer/toolchains/gnu_arm/4.7_2013q1/bin/../lib/gcc/arm-none-eabi/4.7.3/../../../../arm-none-eabi/lib/armv6-m\libc_s.a(lib_a-wsetup.o)
 .debug_frame   0x00001a04       0x2c c:/siliconlabs/simplicitystudio/v2/developer/toolchains/gnu_arm/4.7_2013q1/bin/../lib/gcc/arm-none-eabi/4.7.3/../../../../arm-none-eabi/lib/armv6-m\libc_s.a(lib_a-closer.o)
 .debug_frame   0x00001a30       0x4c c:/siliconlabs/simplicitystudio/v2/developer/toolchains/gnu_arm/4.7_2013q1/bin/../lib/gcc/arm-none-eabi/4.7.3/../../../../arm-none-eabi/lib/armv6-m\libc_s.a(lib_a-fflush.o)
 .debug_frame   0x00001a7c       0x2c c:/siliconlabs/simplicitystudio/v2/developer/toolchains/gnu_arm/4.7_2013q1/bin/../lib/gcc/arm-none-eabi/4.7.3/../../../../arm-none-eabi/lib/armv6-m\libc_s.a(lib_a-freer.o)
 .debug_frame   0x00001aa8       0x2c c:/siliconlabs/simplicitystudio/v2/developer/toolchains/gnu_arm/4.7_2013q1/bin/../lib/gcc/arm-none-eabi/4.7.3/../../../../arm-none-eabi/lib/armv6-m\libc_s.a(lib_a-lseekr.o)
 .debug_frame   0x00001ad4       0x30 c:/siliconlabs/simplicitystudio/v2/developer/toolchains/gnu_arm/4.7_2013q1/bin/../lib/gcc/arm-none-eabi/4.7.3/../../../../arm-none-eabi/lib/armv6-m\libc_s.a(lib_a-makebuf.o)
 .debug_frame   0x00001b04       0x40 c:/siliconlabs/simplicitystudio/v2/developer/toolchains/gnu_arm/4.7_2013q1/bin/../lib/gcc/arm-none-eabi/4.7.3/../../../../arm-none-eabi/lib/armv6-m\libc_s.a(lib_a-malloc.o)
 .debug_frame   0x00001b44       0x28 c:/siliconlabs/simplicitystudio/v2/developer/toolchains/gnu_arm/4.7_2013q1/bin/../lib/gcc/arm-none-eabi/4.7.3/../../../../arm-none-eabi/lib/armv6-m\libc_s.a(lib_a-memchr.o)
 .debug_frame   0x00001b6c       0x2c c:/siliconlabs/simplicitystudio/v2/developer/toolchains/gnu_arm/4.7_2013q1/bin/../lib/gcc/arm-none-eabi/4.7.3/../../../../arm-none-eabi/lib/armv6-m\libc_s.a(lib_a-readr.o)
 .debug_frame   0x00001b98       0x30 c:/siliconlabs/simplicitystudio/v2/developer/toolchains/gnu_arm/4.7_2013q1/bin/../lib/gcc/arm-none-eabi/4.7.3/../../../../arm-none-eabi/lib/armv6-m\libc_s.a(lib_a-reallocr.o)
 .debug_frame   0x00001bc8       0x64 c:/siliconlabs/simplicitystudio/v2/developer/toolchains/gnu_arm/4.7_2013q1/bin/../lib/gcc/arm-none-eabi/4.7.3/../../../../arm-none-eabi/lib/armv6-m\libc_s.a(lib_a-reent.o)
 .debug_frame   0x00001c2c       0x2c c:/siliconlabs/simplicitystudio/v2/developer/toolchains/gnu_arm/4.7_2013q1/bin/../lib/gcc/arm-none-eabi/4.7.3/../../../../arm-none-eabi/lib/armv6-m\libc_s.a(lib_a-fstatr.o)
 .debug_frame   0x00001c58       0x2c c:/siliconlabs/simplicitystudio/v2/developer/toolchains/gnu_arm/4.7_2013q1/bin/../lib/gcc/arm-none-eabi/4.7.3/../../../../arm-none-eabi/lib/armv6-m\libc_s.a(lib_a-isattyr.o)
 .debug_frame   0x00001c84       0x28 c:/siliconlabs/simplicitystudio/v2/developer/toolchains/gnu_arm/4.7_2013q1/bin/../lib/gcc/arm-none-eabi/4.7.3/../../../../arm-none-eabi/lib/armv6-m\libc_s.a(lib_a-msizer.o)
